Component: Arm Compiler for Embedded 6.24 Tool: armlink [5f371500]

==============================================================================

Section Cross References

    startup_n32wb03x.o(STACK) refers (Special) to heapauxi.o(.text) for __use_two_region_memory
    startup_n32wb03x.o(HEAP) refers (Special) to heapauxi.o(.text) for __use_two_region_memory
    startup_n32wb03x.o(RESET) refers (Special) to heapauxi.o(.text) for __use_two_region_memory
    startup_n32wb03x.o(RESET) refers to startup_n32wb03x.o(STACK) for __initial_sp
    startup_n32wb03x.o(RESET) refers to startup_n32wb03x.o(.text) for Reset_Handler
    startup_n32wb03x.o(.text) refers (Special) to heapauxi.o(.text) for __use_two_region_memory
    startup_n32wb03x.o(.text) refers to system_n32wb03x.o(.text.SystemInit) for SystemInit
    startup_n32wb03x.o(.text) refers to __main.o(!!!main) for __main
    startup_n32wb03x.o(.text) refers to startup_n32wb03x.o(HEAP) for Heap_Mem
    startup_n32wb03x.o(.text) refers to startup_n32wb03x.o(STACK) for Stack_Mem
    system_n32wb03x.o(.text.SystemTrimValueRead) refers to rt_memcpy.o(.emb_text) for __aeabi_memcpy4
    system_n32wb03x.o(.text.SystemTrimValueRead) refers to system_n32wb03x.o(.rodata.TRIM_READ_CMD_CODE) for TRIM_READ_CMD_CODE
    system_n32wb03x.o(.ARM.exidx.text.SystemTrimValueRead) refers to system_n32wb03x.o(.text.SystemTrimValueRead) for [Anonymous Symbol]
    system_n32wb03x.o(.text.SystemTrimValueGet) refers to rt_memcpy.o(.emb_text) for __aeabi_memcpy4
    system_n32wb03x.o(.text.SystemTrimValueGet) refers to system_n32wb03x.o(.bss.trim_stored) for trim_stored
    system_n32wb03x.o(.text.SystemTrimValueGet) refers to system_n32wb03x.o(.rodata.TRIM_READ_CMD_CODE) for TRIM_READ_CMD_CODE
    system_n32wb03x.o(.ARM.exidx.text.SystemTrimValueGet) refers to system_n32wb03x.o(.text.SystemTrimValueGet) for [Anonymous Symbol]
    system_n32wb03x.o(.text.SystemGetUUID) refers to rt_memcpy.o(.emb_text) for __aeabi_memcpy4
    system_n32wb03x.o(.text.SystemGetUUID) refers to system_n32wb03x.o(.bss.trim_stored) for trim_stored
    system_n32wb03x.o(.text.SystemGetUUID) refers to system_n32wb03x.o(.rodata.TRIM_READ_CMD_CODE) for TRIM_READ_CMD_CODE
    system_n32wb03x.o(.ARM.exidx.text.SystemGetUUID) refers to system_n32wb03x.o(.text.SystemGetUUID) for [Anonymous Symbol]
    system_n32wb03x.o(.text.SystemGetMacAddr) refers to rt_memcpy.o(.emb_text) for __aeabi_memcpy4
    system_n32wb03x.o(.text.SystemGetMacAddr) refers to system_n32wb03x.o(.bss.trim_stored) for trim_stored
    system_n32wb03x.o(.text.SystemGetMacAddr) refers to system_n32wb03x.o(.rodata.TRIM_READ_CMD_CODE) for TRIM_READ_CMD_CODE
    system_n32wb03x.o(.ARM.exidx.text.SystemGetMacAddr) refers to system_n32wb03x.o(.text.SystemGetMacAddr) for [Anonymous Symbol]
    system_n32wb03x.o(.text.SystemInit) refers to rt_memcpy.o(.emb_text) for __aeabi_memcpy4
    system_n32wb03x.o(.text.SystemInit) refers to system_n32wb03x.o(.text.system_delay_cycles) for system_delay_cycles
    system_n32wb03x.o(.text.SystemInit) refers to system_n32wb03x.o(.rodata.TRIM_READ_CMD_CODE) for TRIM_READ_CMD_CODE
    system_n32wb03x.o(.text.SystemInit) refers to system_n32wb03x.o(.bss.trim_stored) for trim_stored
    system_n32wb03x.o(.ARM.exidx.text.SystemInit) refers to system_n32wb03x.o(.text.SystemInit) for [Anonymous Symbol]
    system_n32wb03x.o(.text.SystemCoreClockUpdate) refers to system_n32wb03x.o(.data.SystemCoreClock) for SystemCoreClock
    system_n32wb03x.o(.ARM.exidx.text.SystemCoreClockUpdate) refers to system_n32wb03x.o(.text.SystemCoreClockUpdate) for [Anonymous Symbol]
    system_n32wb03x.o(.ARM.exidx.text.system_delay_cycles) refers to system_n32wb03x.o(.text.system_delay_cycles) for [Anonymous Symbol]
    system_n32wb03x.o(.text.system_delay_n_10us) refers to system_n32wb03x.o(.text.system_delay_cycles) for system_delay_cycles
    system_n32wb03x.o(.ARM.exidx.text.system_delay_n_10us) refers to system_n32wb03x.o(.text.system_delay_n_10us) for [Anonymous Symbol]
    misc.o(.ARM.exidx.text.NVIC_Init) refers to misc.o(.text.NVIC_Init) for [Anonymous Symbol]
    misc.o(.ARM.exidx.text.SysTick_CLKSourceConfig) refers to misc.o(.text.SysTick_CLKSourceConfig) for [Anonymous Symbol]
    n32wb03x_adc.o(.text.ADC_DeInit) refers to n32wb03x_rcc.o(.text.RCC_EnableAHBPeriphReset) for RCC_EnableAHBPeriphReset
    n32wb03x_adc.o(.text.ADC_DeInit) refers to n32wb03x_rcc.o(.text.RCC_EnableAHBPeriphClk) for RCC_EnableAHBPeriphClk
    n32wb03x_adc.o(.ARM.exidx.text.ADC_DeInit) refers to n32wb03x_adc.o(.text.ADC_DeInit) for [Anonymous Symbol]
    n32wb03x_adc.o(.ARM.exidx.text.ADC_Enable) refers to n32wb03x_adc.o(.text.ADC_Enable) for [Anonymous Symbol]
    n32wb03x_adc.o(.ARM.exidx.text.ADC_EnableDMA) refers to n32wb03x_adc.o(.text.ADC_EnableDMA) for [Anonymous Symbol]
    n32wb03x_adc.o(.ARM.exidx.text.ADC_EnableTS) refers to n32wb03x_adc.o(.text.ADC_EnableTS) for [Anonymous Symbol]
[...]
    sleep_condition_check                    0x0002c885   Thumb Code     0  symbol_g15.obj ABSOLUTE
    soft_flow_ctrl_init                      0x0002c91d   Thumb Code     0  symbol_g15.obj ABSOLUTE
    soft_flow_ctrl_tx_process                0x0002c969   Thumb Code     0  symbol_g15.obj ABSOLUTE
    specialModP256                           0x0002c9dd   Thumb Code     0  symbol_g15.obj ABSOLUTE
    spis_init                                0x0002cad5   Thumb Code     0  symbol_g15.obj ABSOLUTE
    stage_idle_irq_handler                   0x0002cb39   Thumb Code     0  symbol_g15.obj ABSOLUTE
    stage_idle_reset                         0x0002cbb5   Thumb Code     0  symbol_g15.obj ABSOLUTE
    stage_rx_irq_handler                     0x0002cc25   Thumb Code     0  symbol_g15.obj ABSOLUTE
    stage_tx_irq_handler                     0x0002cc41   Thumb Code     0  symbol_g15.obj ABSOLUTE
    stage_tx_len_irq_handler                 0x0002cd21   Thumb Code     0  symbol_g15.obj ABSOLUTE
    user_exe_operation                       0x0002cd89   Thumb Code     0  symbol_g15.obj ABSOLUTE
    user_prf_itf_get                         0x0002d011   Thumb Code     0  symbol_g15.obj ABSOLUTE
    utils_data_ready_off                     0x0002d045   Thumb Code     0  symbol_g15.obj ABSOLUTE
    utils_data_ready_on                      0x0002d055   Thumb Code     0  symbol_g15.obj ABSOLUTE
    utils_flow_off                           0x0002d085   Thumb Code     0  symbol_g15.obj ABSOLUTE
    utils_flow_on                            0x0002d0b1   Thumb Code     0  symbol_g15.obj ABSOLUTE
    utils_get_tx_len                         0x0002d0d9   Thumb Code     0  symbol_g15.obj ABSOLUTE
    utils_hci_cmd_check                      0x0002d121   Thumb Code     0  symbol_g15.obj ABSOLUTE
    utils_hci_cmd_reset                      0x0002d1b9   Thumb Code     0  symbol_g15.obj ABSOLUTE
    utils_io_init                            0x0002d22d   Thumb Code     0  symbol_g15.obj ABSOLUTE
    utils_io_sleep                           0x0002d289   Thumb Code     0  symbol_g15.obj ABSOLUTE
    utils_read                               0x0002d33d   Thumb Code     0  symbol_g15.obj ABSOLUTE
    utils_read_wakeup_stat                   0x0002d4c9   Thumb Code     0  symbol_g15.obj ABSOLUTE
    utils_wakeup_int_enable                  0x0002d4d9   Thumb Code     0  symbol_g15.obj ABSOLUTE
    utils_write                              0x0002d521   Thumb Code     0  symbol_g15.obj ABSOLUTE
    wakeup_irq_handler                       0x0002d691   Thumb Code     0  symbol_g15.obj ABSOLUTE
    one_bits                                 0x0002d740   Data           0  symbol_g15.obj ABSOLUTE
    co_sca2ppm                               0x0002d750   Data           0  symbol_g15.obj ABSOLUTE
    co_null_bdaddr                           0x0002d760   Data           0  symbol_g15.obj ABSOLUTE
    co_null_key                              0x0002d766   Data           0  symbol_g15.obj ABSOLUTE
    co_rate_to_phy                           0x0002d776   Data           0  symbol_g15.obj ABSOLUTE
    co_phy_to_rate                           0x0002d77b   Data           0  symbol_g15.obj ABSOLUTE
    co_phy_mask_to_value                     0x0002d77f   Data           0  symbol_g15.obj ABSOLUTE
    co_phy_value_to_mask                     0x0002d784   Data           0  symbol_g15.obj ABSOLUTE
    co_rate_to_phy_mask                      0x0002d788   Data           0  symbol_g15.obj ABSOLUTE
    co_phy_mask_to_rate                      0x0002d78c   Data           0  symbol_g15.obj ABSOLUTE
    rwip_priority                            0x0002d791   Data           0  symbol_g15.obj ABSOLUTE
    aes_cmac_zero                            0x0002d7a7   Data           0  symbol_g15.obj ABSOLUTE
    BasePoint_x_256                          0x0002d7b8   Data           0  symbol_g15.obj ABSOLUTE
    BasePoint_y_256                          0x0002d7d8   Data           0  symbol_g15.obj ABSOLUTE
    maxSecretKey_256                         0x0002d7f8   Data           0  symbol_g15.obj ABSOLUTE
    DebugE256PublicKey_x                     0x0002d818   Data           0  symbol_g15.obj ABSOLUTE
    DebugE256PublicKey_y                     0x0002d838   Data           0  symbol_g15.obj ABSOLUTE
    DebugE256SecretKey                       0x0002d858   Data           0  symbol_g15.obj ABSOLUTE
    coef_B                                   0x0002d878   Data           0  symbol_g15.obj ABSOLUTE
    bigHexP256                               0x0002d8a4   Data           0  symbol_g15.obj ABSOLUTE
    veryBigHexP256                           0x0002d8d0   Data           0  symbol_g15.obj ABSOLUTE
    ecc_Jacobian_InfinityPoint256            0x0002d920   Data           0  symbol_g15.obj ABSOLUTE
    ECC_4Win_Look_up_table                   0x0002d9a4   Data           0  symbol_g15.obj ABSOLUTE
    TASK_DESC_LLC                            0x0002e4bc   Data           0  symbol_g15.obj ABSOLUTE
    LLM_AA_CT2                               0x0002e4c8   Data           0  symbol_g15.obj ABSOLUTE
    LLM_AA_CT1                               0x0002e4ca   Data           0  symbol_g15.obj ABSOLUTE
    connect_req_dur_tab                      0x0002e4d0   Data           0  symbol_g15.obj ABSOLUTE
    byte_tx_time                             0x0002e4d8   Data           0  symbol_g15.obj ABSOLUTE
    fixed_tx_time                            0x0002e4e0   Data           0  symbol_g15.obj ABSOLUTE
    lld_init_max_aux_dur_tab                 0x0002e4e8   Data           0  symbol_g15.obj ABSOLUTE
    lld_scan_map_legacy_pdu_to_evt_type      0x0002e4f0   Data           0  symbol_g15.obj ABSOLUTE
    lld_scan_max_aux_dur_tab                 0x0002e4f8   Data           0  symbol_g15.obj ABSOLUTE
    lld_sync_max_aux_dur_tab                 0x0002e500   Data           0  symbol_g15.obj ABSOLUTE
    hci_cmd_desc_tab_lk_ctrl                 0x0002e8e4   Data           0  symbol_g15.obj ABSOLUTE
    hci_cmd_desc_tab_ctrl_bb                 0x0002e8fc   Data           0  symbol_g15.obj ABSOLUTE
    hci_cmd_desc_tab_info_par                0x0002e968   Data           0  symbol_g15.obj ABSOLUTE
    hci_cmd_desc_tab_stat_par                0x0002e998   Data           0  symbol_g15.obj ABSOLUTE
    hci_cmd_desc_tab_le                      0x0002e9a4   Data           0  symbol_g15.obj ABSOLUTE
    hci_cmd_desc_tab_vs                      0x0002ee0c   Data           0  symbol_g15.obj ABSOLUTE
    hci_cmd_desc_root_tab                    0x0002ee48   Data           0  symbol_g15.obj ABSOLUTE
    hci_evt_desc_tab                         0x0002ee78   Data           0  symbol_g15.obj ABSOLUTE
    hci_evt_le_desc_tab                      0x0002eec0   Data           0  symbol_g15.obj ABSOLUTE
    utils_api                                0x0002ef90   Data           0  symbol_g15.obj ABSOLUTE
    ambiq_speed_att_db_128                   0x0002f148   Data           0  symbol_g15.obj ABSOLUTE
    attc_handlers                            0x0002f3f8   Data           0  symbol_g15.obj ABSOLUTE
    atts_handlers                            0x0002f434   Data           0  symbol_g15.obj ABSOLUTE
    TASK_DESC_GATTC                          0x0002f514   Data           0  symbol_g15.obj ABSOLUTE
    TASK_DESC_GATTM                          0x0002f530   Data           0  symbol_g15.obj ABSOLUTE
    gapc_sig_handlers                        0x0002f62c   Data           0  symbol_g15.obj ABSOLUTE
    TASK_DESC_GAPC                           0x0002f7bc   Data           0  symbol_g15.obj ABSOLUTE
    TASK_DESC_GAPM                           0x0002fa08   Data           0  symbol_g15.obj ABSOLUTE
    l2cc_sig_handlers                        0x0002fb28   Data           0  symbol_g15.obj ABSOLUTE
    TASK_DESC_L2CC                           0x0002fb88   Data           0  symbol_g15.obj ABSOLUTE
    TASK_DESC_AHI                            0x0002fb9c   Data           0  symbol_g15.obj ABSOLUTE
    __Vectors                                0x01000000   Data           4  startup_n32wb03x.o(RESET)
    __Vectors_End                            0x010000c0   Data           0  startup_n32wb03x.o(RESET)
    __main                                   0x010000c1   Thumb Code     8  __main.o(!!!main)
    __scatterload                            0x010000c9   Thumb Code     0  __scatter.o(!!!scatter)
    __scatterload_rt2                        0x010000c9   Thumb Code    74  __scatter.o(!!!scatter)
    __scatterload_rt2_thumb_only             0x010000c9   Thumb Code     0  __scatter.o(!!!scatter)
    __scatterload_loop                       0x010000d3   Thumb Code     0  __scatter.o(!!!scatter)
    __scatterload_null                       0x0100011d   Thumb Code     2  __scatter.o(!!handler_null)
    _printf_percent                          0x0100011f   Thumb Code     0  _printf_percent.o(.ARM.Collect$$_printf_percent$$00000000)
    _printf_d                                0x01000121   Thumb Code     0  _printf_d.o(.ARM.Collect$$_printf_percent$$00000009)
    _printf_x                                0x0100012b   Thumb Code     0  _printf_x.o(.ARM.Collect$$_printf_percent$$0000000C)
    _printf_s                                0x01000135   Thumb Code     0  _printf_s.o(.ARM.Collect$$_printf_percent$$00000014)
    _printf_percent_end                      0x0100013f   Thumb Code     0  _printf_percent_end.o(.ARM.Collect$$_printf_percent$$00000017)
    __rt_lib_init                            0x01000143   Thumb Code     0  libinit.o(.ARM.Collect$$libinit$$00000000)
    __rt_lib_init_fp_1                       0x01000145   Thumb Code     0  libinit2.o(.ARM.Collect$$libinit$$00000002)
    __rt_lib_init_heap_1                     0x01000145   Thumb Code     0  libinit2.o(.ARM.Collect$$libinit$$0000000C)
    __rt_lib_init_preinit_1                  0x01000145   Thumb Code     0  libinit2.o(.ARM.Collect$$libinit$$00000006)
    __rt_lib_init_rand_2                     0x01000145   Thumb Code     0  libinit2.o(.ARM.Collect$$libinit$$0000000F)
    __rt_lib_init_relocate_pie_1             0x01000145   Thumb Code     0  libinit2.o(.ARM.Collect$$libinit$$00000004)
    __rt_lib_init_user_alloc_1               0x01000145   Thumb Code     0  libinit2.o(.ARM.Collect$$libinit$$0000000E)
    __rt_lib_init_alloca_1                   0x01000149   Thumb Code     0  libinit2.o(.ARM.Collect$$libinit$$00000030)
    __rt_lib_init_argv_1                     0x01000149   Thumb Code     0  libinit2.o(.ARM.Collect$$libinit$$0000002E)
    __rt_lib_init_atexit_1                   0x01000149   Thumb Code     0  libinit2.o(.ARM.Collect$$libinit$$0000001D)
    __rt_lib_init_clock_1                    0x01000149   Thumb Code     0  libinit2.o(.ARM.Collect$$libinit$$00000023)
    __rt_lib_init_cpp_1                      0x01000149   Thumb Code     0  libinit2.o(.ARM.Collect$$libinit$$00000034)
    __rt_lib_init_exceptions_1               0x01000149   Thumb Code     0  libinit2.o(.ARM.Collect$$libinit$$00000032)
    __rt_lib_init_fp_trap_1                  0x01000149   Thumb Code     0  libinit2.o(.ARM.Collect$$libinit$$00000021)
    __rt_lib_init_getenv_1                   0x01000149   Thumb Code     0  libinit2.o(.ARM.Collect$$libinit$$00000025)
    __rt_lib_init_lc_collate_1               0x01000149   Thumb Code     0  libinit2.o(.ARM.Collect$$libinit$$00000013)
    __rt_lib_init_lc_ctype_1                 0x01000149   Thumb Code     0  libinit2.o(.ARM.Collect$$libinit$$00000015)
    __rt_lib_init_lc_monetary_1              0x01000149   Thumb Code     0  libinit2.o(.ARM.Collect$$libinit$$00000017)
    __rt_lib_init_lc_numeric_1               0x01000149   Thumb Code     0  libinit2.o(.ARM.Collect$$libinit$$00000019)
    __rt_lib_init_lc_time_1                  0x01000149   Thumb Code     0  libinit2.o(.ARM.Collect$$libinit$$0000001B)
    __rt_lib_init_rand_1                     0x01000149   Thumb Code     0  libinit2.o(.ARM.Collect$$libinit$$00000010)
    __rt_lib_init_return                     0x01000149   Thumb Code     0  libinit2.o(.ARM.Collect$$libinit$$00000035)
    __rt_lib_init_signal_1                   0x01000149   Thumb Code     0  libinit2.o(.ARM.Collect$$libinit$$0000001F)
    __rt_lib_init_stdio_1                    0x01000149   Thumb Code     0  libinit2.o(.ARM.Collect$$libinit$$00000027)
    __rt_lib_shutdown                        0x0100014b   Thumb Code     0  libshutdown.o(.ARM.Collect$$libshutdown$$00000000)
    __rt_lib_shutdown_cpp_1                  0x0100014d   Thumb Code     0  libshutdown2.o(.ARM.Collect$$libshutdown$$00000002)
    __rt_lib_shutdown_fp_trap_1              0x0100014d   Thumb Code     0  libshutdown2.o(.ARM.Collect$$libshutdown$$00000007)
    __rt_lib_shutdown_heap_1                 0x0100014d   Thumb Code     0  libshutdown2.o(.ARM.Collect$$libshutdown$$0000000F)
    __rt_lib_shutdown_return                 0x0100014d   Thumb Code     0  libshutdown2.o(.ARM.Collect$$libshutdown$$00000010)
    __rt_lib_shutdown_signal_1               0x0100014d   Thumb Code     0  libshutdown2.o(.ARM.Collect$$libshutdown$$0000000A)
    __rt_lib_shutdown_stdio_1                0x0100014d   Thumb Code     0  libshutdown2.o(.ARM.Collect$$libshutdown$$00000004)
    __rt_lib_shutdown_user_alloc_1           0x0100014d   Thumb Code     0  libshutdown2.o(.ARM.Collect$$libshutdown$$0000000C)
    __rt_entry                               0x0100014f   Thumb Code     0  __rtentry.o(.ARM.Collect$$rtentry$$00000000)
    __rt_entry_presh_1                       0x0100014f   Thumb Code     0  __rtentry2.o(.ARM.Collect$$rtentry$$00000002)
    __rt_entry_sh                            0x0100014f   Thumb Code     0  __rtentry4.o(.ARM.Collect$$rtentry$$00000004)
    __rt_entry_li                            0x01000155   Thumb Code     0  __rtentry2.o(.ARM.Collect$$rtentry$$0000000A)
    __rt_entry_postsh_1                      0x01000155   Thumb Code     0  __rtentry2.o(.ARM.Collect$$rtentry$$00000009)
    __rt_entry_main                          0x01000159   Thumb Code     0  __rtentry2.o(.ARM.Collect$$rtentry$$0000000D)
    __rt_entry_postli_1                      0x01000159   Thumb Code     0  __rtentry2.o(.ARM.Collect$$rtentry$$0000000C)
    __rt_exit                                0x01000161   Thumb Code     0  rtexit.o(.ARM.Collect$$rtexit$$00000000)
    __rt_exit_ls                             0x01000163   Thumb Code     0  rtexit2.o(.ARM.Collect$$rtexit$$00000003)
    __rt_exit_prels_1                        0x01000163   Thumb Code     0  rtexit2.o(.ARM.Collect$$rtexit$$00000002)
    __rt_exit_exit                           0x01000167   Thumb Code     0  rtexit2.o(.ARM.Collect$$rtexit$$00000004)
    rand                                     0x0100016d   Thumb Code    52  rand.o(.emb_text)
    __aeabi_memcpy4                          0x010001a5   Thumb Code    56  rt_memcpy.o(.emb_text)
    __aeabi_memcpy8                          0x010001a5   Thumb Code     0  rt_memcpy.o(.emb_text)
    Reset_Handler                            0x010001dd   Thumb Code     8  startup_n32wb03x.o(.text)
    NMI_Handler                              0x010001e5   Thumb Code     2  startup_n32wb03x.o(.text)
    HardFault_Handler                        0x010001e7   Thumb Code     2  startup_n32wb03x.o(.text)
    SVC_Handler                              0x010001e9   Thumb Code     2  startup_n32wb03x.o(.text)
    PendSV_Handler                           0x010001eb   Thumb Code     2  startup_n32wb03x.o(.text)
    SysTick_Handler                          0x010001ed   Thumb Code     2  startup_n32wb03x.o(.text)
    ADC_IRQHandler                           0x010001ef   Thumb Code     0  startup_n32wb03x.o(.text)
    BLE_CRYPT_IRQHandler                     0x010001ef   Thumb Code     0  startup_n32wb03x.o(.text)
    BLE_ERROR_IRQHandler                     0x010001ef   Thumb Code     0  startup_n32wb03x.o(.text)
    BLE_FIFO_IRQHandler                      0x010001ef   Thumb Code     0  startup_n32wb03x.o(.text)
    BLE_FINETGT_IRQHandler                   0x010001ef   Thumb Code     0  startup_n32wb03x.o(.text)
    BLE_HSLOT_IRQHandler                     0x010001ef   Thumb Code     0  startup_n32wb03x.o(.text)
    BLE_SLP_IRQHandler                       0x010001ef   Thumb Code     0  startup_n32wb03x.o(.text)
    BLE_SW_IRQHandler                        0x010001ef   Thumb Code     0  startup_n32wb03x.o(.text)
    BLE_TIMESTAMP_TGT1_IRQHandler            0x010001ef   Thumb Code     0  startup_n32wb03x.o(.text)
    BLE_TIMESTAMP_TGT2_IRQHandler            0x010001ef   Thumb Code     0  startup_n32wb03x.o(.text)
    DMA_Channel1_2_3_4_IRQHandler            0x010001ef   Thumb Code     0  startup_n32wb03x.o(.text)
    DMA_Channel5_IRQHandler                  0x010001ef   Thumb Code     0  startup_n32wb03x.o(.text)
    EXTI0_1_IRQHandler                       0x010001ef   Thumb Code     0  startup_n32wb03x.o(.text)
    EXTI2_3_IRQHandler                       0x010001ef   Thumb Code     0  startup_n32wb03x.o(.text)
    EXTI4_12_IRQHandler                      0x010001ef   Thumb Code     0  startup_n32wb03x.o(.text)
    FLASH_IRQHandler                         0x010001ef   Thumb Code     0  startup_n32wb03x.o(.text)
    I2C1_IRQHandler                          0x010001ef   Thumb Code     0  startup_n32wb03x.o(.text)
    IRC_IRQHandler                           0x010001ef   Thumb Code     0  startup_n32wb03x.o(.text)
    KEYSCAN_IRQHandler                       0x010001ef   Thumb Code     0  startup_n32wb03x.o(.text)
    LPUART1_IRQHandler                       0x010001ef   Thumb Code     0  startup_n32wb03x.o(.text)
    RCC_IRQHandler                           0x010001ef   Thumb Code     0  startup_n32wb03x.o(.text)
    RESERVED_IRQHandler                      0x010001ef   Thumb Code     0  startup_n32wb03x.o(.text)
    RTC_IRQHandler                           0x010001ef   Thumb Code     0  startup_n32wb03x.o(.text)
    SPI1_IRQHandler                          0x010001ef   Thumb Code     0  startup_n32wb03x.o(.text)
    SPI2_IRQHandler                          0x010001ef   Thumb Code     0  startup_n32wb03x.o(.text)
    TIM1_BRK_UP_TRG_COM_IRQHandler           0x010001ef   Thumb Code     0  startup_n32wb03x.o(.text)
    TIM1_CC_IRQHandler                       0x010001ef   Thumb Code     0  startup_n32wb03x.o(.text)
    TIM3_IRQHandler                          0x010001ef   Thumb Code     0  startup_n32wb03x.o(.text)
    TIM6_IRQHandler                          0x010001ef   Thumb Code     0  startup_n32wb03x.o(.text)
    USART1_IRQHandler                        0x010001ef   Thumb Code     0  startup_n32wb03x.o(.text)
    USART2_IRQHandler                        0x010001ef   Thumb Code     0  startup_n32wb03x.o(.text)
    WWDG_IRQHandler                          0x010001ef   Thumb Code     0  startup_n32wb03x.o(.text)
    __user_initial_stackheap                 0x010001f1   Thumb Code     0  startup_n32wb03x.o(.text)
    __2printf                                0x01000215   Thumb Code    22  noretval__2printf.o(.text)
    _printf_pre_padding                      0x01000231   Thumb Code    44  _printf_pad.o(.text)
    _printf_post_padding                     0x0100025d   Thumb Code    34  _printf_pad.o(.text)
    _printf_str                              0x0100027f   Thumb Code    82  _printf_str.o(.text)
    _printf_int_dec                          0x010002d1   Thumb Code    90  _printf_dec.o(.text)
    _printf_int_hex                          0x0100033d   Thumb Code    84  _printf_hex_int.o(.text)
    _printf_longlong_hex                     0x0100033d   Thumb Code     0  _printf_hex_int.o(.text)
    __printf                                 0x01000395   Thumb Code   306  __printf_flags_wp.o(.text)
    puts                                     0x010004cd   Thumb Code    38  puts.o(.text)
    srand                                    0x010004f9   Thumb Code    44  rand.o(.text)
    _rand_init                               0x01000525   Thumb Code     4  rand.o(.text)
    memcmp                                   0x01000535   Thumb Code    90  memcmp.o(.text)
    __aeabi_memcpy                           0x0100058f   Thumb Code   130  rt_memcpy.o(.text)
    __rt_memcpy                              0x0100058f   Thumb Code     0  rt_memcpy.o(.text)
    __aeabi_memmove4                         0x01000611   Thumb Code    70  rt_memmove.o(.text)
    __aeabi_memmove8                         0x01000611   Thumb Code     0  rt_memmove.o(.text)
    __aeabi_memmove                          0x01000657   Thumb Code    80  rt_memmove.o(.text)
    __rt_memmove                             0x01000657   Thumb Code     0  rt_memmove.o(.text)
    _memset_w                                0x010006a7   Thumb Code    26  rt_memclr.o(.text)
    _memset                                  0x010006c1   Thumb Code    30  rt_memclr.o(.text)
    __aeabi_memclr                           0x010006df   Thumb Code     4  rt_memclr.o(.text)
    __rt_memclr                              0x010006df   Thumb Code     0  rt_memclr.o(.text)
    __aeabi_memclr4                          0x010006e3   Thumb Code     0  rt_memclr.o(.text)
    __aeabi_memclr8                          0x010006e3   Thumb Code     0  rt_memclr.o(.text)
    __rt_memclr_w                            0x010006e3   Thumb Code     4  rt_memclr.o(.text)
    __aeabi_uidivmod                         0x010006e9   Thumb Code    28  aeabi_sdivfast.o(.text)
    __aeabi_idivmod                          0x01000705   Thumb Code   472  aeabi_sdivfast.o(.text)
    __use_two_region_memory                  0x010008e1   Thumb Code     2  heapauxi.o(.text)
    __rt_heap_escrow$2region                 0x010008e3   Thumb Code     2  heapauxi.o(.text)
    __rt_heap_expand$2region                 0x010008e5   Thumb Code     2  heapauxi.o(.text)
    __aeabi_fdiv                             0x010008e9   Thumb Code     0  fdiv.o(.text)
    __divsf3                                 0x010008e9   Thumb Code     0  fdiv.o(.text)
    _fdiv                                    0x010008e9   Thumb Code   334  fdiv.o(.text)
    _frdiv                                   0x01000a37   Thumb Code     8  fdiv.o(.text)
    __aeabi_f2uiz                            0x01000a49   Thumb Code     0  ffixui.o(.text)
    _ffixu                                   0x01000a49   Thumb Code    48  ffixui.o(.text)
    __aeabi_i2f_normalise                    0x01000a79   Thumb Code    72  fflti.o(.text)
    __aeabi_i2f                              0x01000ac1   Thumb Code    16  fflti.o(.text)
    _fflt                                    0x01000ac1   Thumb Code     0  fflti.o(.text)
    __aeabi_ui2f                             0x01000ad1   Thumb Code     6  fflti.o(.text)
    _ffltu                                   0x01000ad1   Thumb Code     0  fflti.o(.text)
    _printf_int_common                       0x01000ad7   Thumb Code   176  _printf_intcommon.o(.text)
    _printf_cs_common                        0x01000b87   Thumb Code    22  _printf_char.o(.text)
    _printf_char                             0x01000b9d   Thumb Code    16  _printf_char.o(.text)
    _printf_string                           0x01000bad   Thumb Code     8  _printf_char.o(.text)
    _printf_char_file                        0x01000bb5   Thumb Code    34  _printf_char_file.o(.text)
    __rt_udiv10                              0x01000bdd   Thumb Code    40  rtudiv10.o(.text)
    _printf_char_common                      0x01000c0f   Thumb Code    32  _printf_char_common.o(.text)
    ferror                                   0x01000c35   Thumb Code     8  ferror.o(.text)
    __user_setup_stackheap                   0x01000c3d   Thumb Code    62  sys_stackheap_outer.o(.text)
    exit                                     0x01000c7b   Thumb Code    16  exit.o(.text)
    __user_libspace                          0x01000c8d   Thumb Code     8  libspace.o(.text)
    __user_perproc_libspace                  0x01000c8d   Thumb Code     0  libspace.o(.text)
    __user_perthread_libspace                0x01000c8d   Thumb Code     0  libspace.o(.text)
    _sys_exit                                0x01000c95   Thumb Code     8  sys_exit.o(.text)
    __I$use$semihosting                      0x01000ca1   Thumb Code     0  use_no_semi.o(.text)
    __use_no_semihosting_swi                 0x01000ca1   Thumb Code     2  use_no_semi.o(.text)
    __decompress                             0x01000ca3   Thumb Code     0  __dclz77c.o(.text)
    __decompress2                            0x01000ca3   Thumb Code    96  __dclz77c.o(.text)
    __semihosting_library_function           0x01000ca3   Thumb Code     0  indicate_semi.o(.text)
    EXTI_ClrITPendBit                        0x01000d05   Thumb Code     8  n32wb03x_exti.o(.text.EXTI_ClrITPendBit)
    EXTI_GetITStatus                         0x01000d11   Thumb Code    24  n32wb03x_exti.o(.text.EXTI_GetITStatus)
    EXTI_InitPeripheral                      0x01000d29   Thumb Code    92  n32wb03x_exti.o(.text.EXTI_InitPeripheral)
    GPIO_DeInitPin                           0x01000d89   Thumb Code   116  n32wb03x_gpio.o(.text.GPIO_DeInitPin)
    GPIO_InitPeripheral                      0x01000dfd   Thumb Code   268  n32wb03x_gpio.o(.text.GPIO_InitPeripheral)
    GPIO_InitStruct                          0x01000f0d   Thumb Code    24  n32wb03x_gpio.o(.text.GPIO_InitStruct)
    GPIO_ResetBits                           0x01000f29   Thumb Code     4  n32wb03x_gpio.o(.text.GPIO_ResetBits)
    GPIO_SetBits                             0x01000f2d   Thumb Code     4  n32wb03x_gpio.o(.text.GPIO_SetBits)
    LedInit                                  0x01000f31   Thumb Code    64  app_gpio.o(.text.LedInit)
    LedOff                                   0x01000f79   Thumb Code     8  app_gpio.o(.text.LedOff)
    LedOn                                    0x01000f81   Thumb Code     8  app_gpio.o(.text.LedOn)
    Qflash_Erase_Sector                      0x01000f89   Thumb Code    32  n32wb03x_qflash.o(.text.Qflash_Erase_Sector)
    Qflash_Init                              0x01000fa9   Thumb Code    32  n32wb03x_qflash.o(.text.Qflash_Init)
    Qflash_Write                             0x01000fd5   Thumb Code    32  n32wb03x_qflash.o(.text.Qflash_Write)
    RCC_EnableAHBPeriphClk                   0x01000ff9   Thumb Code    24  n32wb03x_rcc.o(.text.RCC_EnableAHBPeriphClk)
    RCC_EnableAPB2PeriphClk                  0x01001015   Thumb Code    24  n32wb03x_rcc.o(.text.RCC_EnableAPB2PeriphClk)
    RCC_GetClocksFreqValue                   0x01001031   Thumb Code    80  n32wb03x_rcc.o(.text.RCC_GetClocksFreqValue)
    SystemGetMacAddr                         0x01001099   Thumb Code    60  system_n32wb03x.o(.text.SystemGetMacAddr)
    SystemInit                               0x010010d5   Thumb Code   360  system_n32wb03x.o(.text.SystemInit)
    USART_Enable                             0x01001269   Thumb Code    20  n32wb03x_usart.o(.text.USART_Enable)
    USART_GetFlagStatus                      0x01001281   Thumb Code    10  n32wb03x_usart.o(.text.USART_GetFlagStatus)
    USART_Init                               0x0100128d   Thumb Code   128  n32wb03x_usart.o(.text.USART_Init)
    USART_SendData                           0x01001321   Thumb Code     8  n32wb03x_usart.o(.text.USART_SendData)
    app_ble_adv_msg_handler                  0x01001329   Thumb Code     2  app_ble.o(.text.app_ble_adv_msg_handler)
    app_ble_init                             0x0100132d   Thumb Code   248  app_ble.o(.text.app_ble_init)
    app_ble_msg_handler                      0x01001469   Thumb Code    48  app_ble.o(.text.app_ble_msg_handler)
    app_blood_pressure_timeout_handler       0x010014b1   Thumb Code   148  app_blps.o(.text.app_blood_pressure_timeout_handler)
    app_blps_add_blps                        0x01001551   Thumb Code    96  app_blps.o(.text.app_blps_add_blps)
    app_dis_add_dis                          0x010016c9   Thumb Code    64  app_dis.o(.text.app_dis_add_dis)
    app_entry_point_handler                  0x0100171d   Thumb Code   272  ns_ble_task.o(.text.app_entry_point_handler)
    app_sleep_prepare_proc                   0x010019c9   Thumb Code     2  main.o(.text.app_sleep_prepare_proc)
    app_sleep_resume_proc                    0x010019cb   Thumb Code     2  main.o(.text.app_sleep_resume_proc)
    app_user_msg_handler                     0x010019cd   Thumb Code     2  app_ble.o(.text.app_user_msg_handler)
    blps_pack_meas_value                     0x01001d6d   Thumb Code   198  blps.o(.text.blps_pack_meas_value)
    blps_prf_itf_get                         0x01001e35   Thumb Code     4  blps.o(.text.blps_prf_itf_get)
    blps_send_cmp_evt                        0x01001fb9   Thumb Code    76  blps.o(.text.blps_send_cmp_evt)
    blps_task_init                           0x01002009   Thumb Code    24  blps_task.o(.text.blps_task_init)
    diss_check_val_len                       0x01002029   Thumb Code    50  diss.o(.text.diss_check_val_len)
    diss_handle_to_value                     0x01002089   Thumb Code    44  diss.o(.text.diss_handle_to_value)
    diss_prf_itf_get                         0x0100215d   Thumb Code     4  diss.o(.text.diss_prf_itf_get)
    diss_task_init                           0x01002205   Thumb Code    24  diss_task.o(.text.diss_task_init)
    diss_value_to_handle                     0x01002375   Thumb Code    50  diss.o(.text.diss_value_to_handle)
    fputc                                    0x010023a9   Thumb Code    48  ns_log_usart.o(.text.fputc)
    llhwc_modem_setmode                      0x010034c1   Thumb Code   124  rwip_driver.o(.text.llhwc_modem_setmode)
    llhwc_phy_prerx_flash                    0x01003545   Thumb Code   228  rwip_driver.o(.text.llhwc_phy_prerx_flash)
    main                                     0x010036b5   Thumb Code    60  main.o(.text.main)
    ns_EXTI4_12_IRQHandler                   0x01003721   Thumb Code    80  ns_ble.o(.text.ns_EXTI4_12_IRQHandler)
    ns_HardFault_Handler                     0x0100378d   Thumb Code    96  ns_ble.o(.text.ns_HardFault_Handler)
    ns_ble_add_prf_func_register             0x01003895   Thumb Code    32  ns_ble.o(.text.ns_ble_add_prf_func_register)
    ns_ble_add_svc                           0x010038b5   Thumb Code    40  ns_ble.o(.text.ns_ble_add_svc)
    ns_ble_adv_fsm_next                      0x010038e5   Thumb Code   408  ns_ble.o(.text.ns_ble_adv_fsm_next)
    ns_ble_adv_init                          0x01003a89   Thumb Code    56  ns_ble.o(.text.ns_ble_adv_init)
    ns_ble_adv_start                         0x01003ac1   Thumb Code    80  ns_ble.o(.text.ns_ble_adv_start)
    ns_ble_adv_stop                          0x01003b15   Thumb Code    56  ns_ble.o(.text.ns_ble_adv_stop)
    ns_ble_delete_init                       0x01003b55   Thumb Code    40  ns_ble.o(.text.ns_ble_delete_init)
    ns_ble_delete_scan                       0x01003b7d   Thumb Code    40  ns_ble.o(.text.ns_ble_delete_scan)
    ns_ble_disconnect                        0x01003ba9   Thumb Code    36  ns_ble.o(.text.ns_ble_disconnect)
    ns_ble_gap_init                          0x01003bd1   Thumb Code    80  ns_ble.o(.text.ns_ble_gap_init)
    ns_ble_get_connection_num                0x01003c39   Thumb Code    28  ns_ble.o(.text.ns_ble_get_connection_num)
    ns_ble_list_set_ral                      0x01003c59   Thumb Code    72  ns_ble.o(.text.ns_ble_list_set_ral)
    ns_ble_lsc_config                        0x01003ca5   Thumb Code   116  ns_ble.o(.text.ns_ble_lsc_config)
    ns_ble_prf_task_register                 0x01003d19   Thumb Code    40  ns_ble.o(.text.ns_ble_prf_task_register)
    ns_ble_scan_data_find                    0x01003d45   Thumb Code    84  ns_ble.o(.text.ns_ble_scan_data_find)
    ns_ble_stack_init                        0x01003d99   Thumb Code   540  ns_ble.o(.text.ns_ble_stack_init)
    ns_ble_start_init                        0x01004041   Thumb Code   188  ns_ble.o(.text.ns_ble_start_init)
    ns_ble_start_scan                        0x010040fd   Thumb Code   188  ns_ble.o(.text.ns_ble_start_scan)
    ns_ble_stop_scan                         0x010041c1   Thumb Code    32  ns_ble.o(.text.ns_ble_stop_scan)
    ns_ble_update_param                      0x010041e5   Thumb Code   128  ns_ble.o(.text.ns_ble_update_param)
    ns_bond_last_bonded_peer_id              0x01004289   Thumb Code    88  ns_sec.o(.text.ns_bond_last_bonded_peer_id)
    ns_bond_last_bonded_ral_info             0x010042e1   Thumb Code   136  ns_sec.o(.text.ns_bond_last_bonded_ral_info)
    ns_log_usart_deinit                      0x01004371   Thumb Code    20  ns_log_usart.o(.text.ns_log_usart_deinit)
    ns_log_usart_init                        0x01004385   Thumb Code    88  ns_log_usart.o(.text.ns_log_usart_init)
    ns_sec_bond_store_evt_handler            0x010043e5   Thumb Code   304  ns_sec.o(.text.ns_sec_bond_store_evt_handler)
    ns_sec_get_bond_status                   0x01004549   Thumb Code     8  ns_sec.o(.text.ns_sec_get_bond_status)
    ns_sec_get_iocap                         0x01004551   Thumb Code     8  ns_sec.o(.text.ns_sec_get_iocap)
    ns_sec_init                              0x01004559   Thumb Code    96  ns_sec.o(.text.ns_sec_init)
    ns_sleep                                 0x010045c1   Thumb Code   272  ns_sleep.o(.text.ns_sleep)
    ns_sleep_lock_acquire                    0x010046fd   Thumb Code    16  ns_sleep.o(.text.ns_sleep_lock_acquire)
    ns_sleep_lock_release                    0x0100470d   Thumb Code    20  ns_sleep.o(.text.ns_sleep_lock_release)
    ns_timer_api_process_handler             0x01004725   Thumb Code   208  ns_timer.o(.text.ns_timer_api_process_handler)
    ns_timer_create                          0x01004811   Thumb Code    56  ns_timer.o(.text.ns_timer_create)
    prf_add_profile                          0x01004851   Thumb Code   172  prf.o(.text.prf_add_profile)
    prf_dst_task_get                         0x010048fd   Thumb Code    20  prf.o(.text.prf_dst_task_get)
    prf_env_get                              0x01004911   Thumb Code    32  prf.o(.text.prf_env_get)
    prf_get_id_from_task                     0x01004931   Thumb Code    40  prf.o(.text.prf_get_id_from_task)
    prf_get_itf_func_register                0x01004959   Thumb Code    40  prf.o(.text.prf_get_itf_func_register)
    prf_get_task_from_id                     0x01004981   Thumb Code    40  prf.o(.text.prf_get_task_from_id)
    prf_init                                 0x010049a9   Thumb Code   180  prf.o(.text.prf_init)
    prf_pack_date_time                       0x01004a65   Thumb Code    32  prf_utils.o(.text.prf_pack_date_time)
    prf_src_task_get                         0x01004a85   Thumb Code    20  prf.o(.text.prf_src_task_get)
    rwip_init                                0x01004a9d   Thumb Code   168  rwip.o(.text.rwip_init)
    rwip_sleep                               0x01004b75   Thumb Code   256  rwip_driver.o(.text.rwip_sleep)
    rwip_slp_isr                             0x01004c95   Thumb Code   180  rwip_driver.o(.text.rwip_slp_isr)
    system_delay_cycles                      0x01004d6d   Thumb Code     6  system_n32wb03x.o(.text.system_delay_cycles)
    __aeabi_uidiv                            0x01004d77   Thumb Code    68  aeabi_sdivfast.o(.text_divfast)
    __aeabi_idiv                             0x01004dbb   Thumb Code   434  aeabi_sdivfast.o(.text_divfast)
    Long Thumb to Thumb Veneer to attm_svc_create_db 0x01004f6d   Thumb Code    12  anon$$obj.o(Veneer$$Code)
    Long Thumb to Thumb Veneer to EXTI_PA11_Configuration 0x01004f79   Thumb Code    12  anon$$obj.o(Veneer$$Code)
    Long Thumb to Thumb Veneer to ahi_init   0x01004f85   Thumb Code    12  anon$$obj.o(Veneer$$Code)
    _is_digit                                0x01004f91   Thumb Code    14  __printf_wp.o(i._is_digit)
    __aeabi_fmul                             0x01004fa1   Thumb Code     0  fmul.o(x$fpl$fmul)
    _fmul                                    0x01004fa1   Thumb Code   172  fmul.o(x$fpl$fmul)
    __I$use$fp                               0x01005050   Number         0  usenofp.o(x$fpl$usenofp)
    TASK_DESC_APP_M                          0x010050cc   Data          12  ns_ble_task.o(.rodata.TASK_DESC_APP_M)
    TRIM_READ_CMD_CODE                       0x010050d8   Data         320  system_n32wb03x.o(.rodata.TRIM_READ_CMD_CODE)
    app_blps_handlers                        0x01005238   Data           8  app_blps.o(.rodata.app_blps_handlers)
    app_blps_msg_handler_list                0x01005240   Data          32  app_blps.o(.rodata.app_blps_msg_handler_list)
    app_dis_handlers                         0x01005260   Data           8  app_dis.o(.rodata.app_dis_handlers)
    app_dis_msg_handler_list                 0x01005268   Data           8  app_dis.o(.rodata.app_dis_msg_handler_list)
    app_sec_handlers                         0x01005328   Data           8  ns_sec.o(.rodata.app_sec_handlers)
    app_sec_msg_handler_list                 0x01005330   Data          40  ns_sec.o(.rodata.app_sec_msg_handler_list)
    blps_att_db                              0x01005358   Data          96  blps.o(.rodata.blps_att_db)
    blps_itf                                 0x010053b8   Data          16  blps.o(.rodata.blps_itf)
    diss_att_db                              0x01005400   Data         152  diss.o(.rodata.diss_att_db)
    diss_itf                                 0x01005498   Data          16  diss.o(.rodata.diss_itf)
    Region$$Table$$Base                      0x01005600   Number         0  anon$$obj.o(Region$$Table)
    Region$$Table$$Limit                     0x01005620   Number         0  anon$$obj.o(Region$$Table)
    rwip_rst_state                           0x20000000   Data           0  symbol_g15.obj ABSOLUTE
    ecc_env                                  0x20000004   Data           0  symbol_g15.obj ABSOLUTE
    aa_gen                                   0x20000010   Data           0  symbol_g15.obj ABSOLUTE
    lld_exp_sync_pos_tab                     0x20000018   Data           0  symbol_g15.obj ABSOLUTE
    sch_slice_params                         0x2000004c   Data           0  symbol_g15.obj ABSOLUTE
    hci_ext_host                             0x20000054   Data           0  symbol_g15.obj ABSOLUTE
    g_modem_flag                             0x20000060   Data           0  symbol_g15.obj ABSOLUTE
    g_clock_src                              0x20000061   Data           0  symbol_g15.obj ABSOLUTE
    g_hci_transport_onff                     0x20000062   Data           0  symbol_g15.obj ABSOLUTE
    g_delay_div_param                        0x20000063   Data           0  symbol_g15.obj ABSOLUTE
    g_delay_us_div_param                     0x20000064   Data           0  symbol_g15.obj ABSOLUTE
    g_loop_test                              0x20000065   Data           0  symbol_g15.obj ABSOLUTE
    g_ota_test                               0x20000066   Data           0  symbol_g15.obj ABSOLUTE
    g_ota_test_mtu_247_dle                   0x20000067   Data           0  symbol_g15.obj ABSOLUTE
    g_cal_hsi_cnt_value                      0x20000068   Data           0  symbol_g15.obj ABSOLUTE
    g_system_hsi_clk                         0x2000006c   Data           0  symbol_g15.obj ABSOLUTE
    g_user_set_stack_start                   0x20000070   Data           0  symbol_g15.obj ABSOLUTE
    g_rwip_patch_addr                        0x20000074   Data           0  symbol_g15.obj ABSOLUTE
    g_phy_2mbps_support                      0x20000078   Data           0  symbol_g15.obj ABSOLUTE
    g_auto_start_data_length_req             0x20000079   Data           0  symbol_g15.obj ABSOLUTE
    g_sleep_sleep_enable                     0x2000007a   Data           0  symbol_g15.obj ABSOLUTE
    g_status_io_stat                         0x2000007b   Data           0  symbol_g15.obj ABSOLUTE
    g_timeoutcnt                             0x2000007c   Data           0  symbol_g15.obj ABSOLUTE
    g_sleep_status_flag                      0x20000080   Data           0  symbol_g15.obj ABSOLUTE
    g_lsi_count_n_syscle                     0x20000084   Data           0  symbol_g15.obj ABSOLUTE
    g_lsi_accuracy                           0x20000088   Data           0  symbol_g15.obj ABSOLUTE
    g_lsi_1_syscle_cal_value                 0x2000008c   Data           0  symbol_g15.obj ABSOLUTE
    g_lsi_1_syscle_cnt_value                 0x20000090   Data           0  symbol_g15.obj ABSOLUTE
    g_recalib_hsi_flag                       0x20000094   Data           0  symbol_g15.obj ABSOLUTE
    g_hsi_accuracy                           0x20000098   Data           0  symbol_g15.obj ABSOLUTE
    g_hci_transport_type                     0x2000009c   Data           0  symbol_g15.obj ABSOLUTE
    g_hci_transport_process                  0x2000009d   Data           0  symbol_g15.obj ABSOLUTE
    acl_flow_ctrl_num                        0x2000009e   Data           0  symbol_g15.obj ABSOLUTE
    acl_flow_ctrl                            0x2000009f   Data           0  symbol_g15.obj ABSOLUTE
    g_acl_tx_sch_interval                    0x200000a0   Data           0  symbol_g15.obj ABSOLUTE
    dma_recv_data_time_window_size           0x200000a4   Data           0  symbol_g15.obj ABSOLUTE
    g_length_2_data_intv                     0x200000a8   Data           0  symbol_g15.obj ABSOLUTE
    g_soft_flow_tx_dummy                     0x200000ac   Data           0  symbol_g15.obj ABSOLUTE
    g_soft_flow_rx_len                       0x200000b0   Data           0  symbol_g15.obj ABSOLUTE
    g_hci_ch_type                            0x200000b2   Data           0  symbol_g15.obj ABSOLUTE
    g_uart_bps                               0x200000b4   Data           0  symbol_g15.obj ABSOLUTE
    g_uart_irq_wakeup_time                   0x200000b8   Data           0  symbol_g15.obj ABSOLUTE
    g_spi_data_ready_2_irq_rise              0x200000bc   Data           0  symbol_g15.obj ABSOLUTE
    g_lpclk_drift                            0x200000c0   Data           0  symbol_g15.obj ABSOLUTE
    g_rc32k_trim                             0x200000c4   Data           0  symbol_g15.obj ABSOLUTE
    g_sch_prog_fifo_iar_branch               0x200000c6   Data           0  symbol_g15.obj ABSOLUTE
    g_sch_arb_insert_branch                  0x200000c7   Data           0  symbol_g15.obj ABSOLUTE
    g_le_coded_phy_500                       0x200000c8   Data           0  symbol_g15.obj ABSOLUTE
    g_app_init_branch                        0x200000c9   Data           0  symbol_g15.obj ABSOLUTE
    g_adv_intv                               0x200000ca   Data           0  symbol_g15.obj ABSOLUTE
    g_twrm                                   0x200000d2   Data           0  symbol_g15.obj ABSOLUTE
    g_twosc                                  0x200000d4   Data           0  symbol_g15.obj ABSOLUTE
    g_twext                                  0x200000d6   Data           0  symbol_g15.obj ABSOLUTE
    rwip_prog_delay                          0x200000d8   Data           0  symbol_g15.obj ABSOLUTE
    g_ramcode_work_flag                      0x200000d9   Data           0  symbol_g15.obj ABSOLUTE
    prf_add_profile_ptr                      0x200000dc   Data           0  symbol_g15.obj ABSOLUTE
    prf_get_task_from_id_ptr                 0x200000e0   Data           0  symbol_g15.obj ABSOLUTE
    prf_get_id_from_task_ptr                 0x200000e4   Data           0  symbol_g15.obj ABSOLUTE
    g_co_default_bdaddr                      0x200000fc   Data           0  symbol_g15.obj ABSOLUTE
    BLE_NORMAL_WIN_SIZE                      0x20000102   Data           0  symbol_g15.obj ABSOLUTE
    BLE_RX_DESC_NB                           0x20000103   Data           0  symbol_g15.obj ABSOLUTE
    RWIP_MINIMUM_SLEEP_TIME                  0x20000104   Data           0  symbol_g15.obj ABSOLUTE
    SCH_SCAN_EVT_DUR_DFT                     0x20000106   Data           0  symbol_g15.obj ABSOLUTE
    llm_local_le_feats                       0x20000108   Data           0  symbol_g15.obj ABSOLUTE
    g_attr_table                             0x20000110   Data           0  symbol_g15.obj ABSOLUTE
    ATTR_TABLE_LENGTH                        0x20000114   Data           0  symbol_g15.obj ABSOLUTE
    g_rwip_heap_env                          0x20000118   Data           0  symbol_g15.obj ABSOLUTE
    g_rwip_heap_env_size                     0x2000011c   Data           0  symbol_g15.obj ABSOLUTE
    g_rwip_heap_db                           0x20000120   Data           0  symbol_g15.obj ABSOLUTE
    g_rwip_heap_db_size                      0x20000124   Data           0  symbol_g15.obj ABSOLUTE
    g_rwip_heap_non_ret                      0x20000128   Data           0  symbol_g15.obj ABSOLUTE
    g_rwip_heap_non_ret_size                 0x2000012c   Data           0  symbol_g15.obj ABSOLUTE
    g_rwip_heap_msg                          0x20000130   Data           0  symbol_g15.obj ABSOLUTE
    g_rwip_heap_msg_size                     0x20000134   Data           0  symbol_g15.obj ABSOLUTE
    utils_recv_buf_ptr                       0x20000138   Data           0  symbol_g15.obj ABSOLUTE
    utils_max_buf_len                        0x2000013c   Data           0  symbol_g15.obj ABSOLUTE
    g_soft_flow_tx_buf                       0x20000140   Data           0  symbol_g15.obj ABSOLUTE
    g_soft_flow_tx_len                       0x20000144   Data           0  symbol_g15.obj ABSOLUTE
    g_app_tx_buf_ptr                         0x20000148   Data           0  symbol_g15.obj ABSOLUTE
    g_app_tx_buf_len                         0x2000014c   Data           0  symbol_g15.obj ABSOLUTE
    g_app_bone_table_ptr                     0x20000150   Data           0  symbol_g15.obj ABSOLUTE
    g_app_bone_table_size                    0x20000154   Data           0  symbol_g15.obj ABSOLUTE
    g_soft_flow_tx_callback                  0x2000015c   Data           0  symbol_g15.obj ABSOLUTE
    utils_recv_len                           0x20000160   Data           0  symbol_g15.obj ABSOLUTE
    g_recv_len                               0x20000162   Data           0  symbol_g15.obj ABSOLUTE
    s_dma_spis_set_rx_len                    0x2000018c   Data           0  symbol_g15.obj ABSOLUTE
    s_dma_spis_set_tx_len                    0x2000018e   Data           0  symbol_g15.obj ABSOLUTE
    s_dma_lpuart_set_len                     0x20000190   Data           0  symbol_g15.obj ABSOLUTE
    TASK_DESC_APP_SEC                        0x20000194   Data           0  symbol_g15.obj ABSOLUTE
    g_version                                0x200001a1   Data           0  symbol_g15.obj ABSOLUTE
    ota_test_mode                            0x200001a8   Data           0  symbol_g15.obj ABSOLUTE
    ota_send_num_idx                         0x200001ac   Data           0  symbol_g15.obj ABSOLUTE
    gattc_state                              0x200001b0   Data           0  symbol_g15.obj ABSOLUTE
    gattm_state                              0x200001b4   Data           0  symbol_g15.obj ABSOLUTE
    gapc_state                               0x200001b5   Data           0  symbol_g15.obj ABSOLUTE
    gapm_state                               0x200001b9   Data           0  symbol_g15.obj ABSOLUTE
    l2cc_state                               0x200001ba   Data           0  symbol_g15.obj ABSOLUTE
    ahi_state                                0x200001be   Data           0  symbol_g15.obj ABSOLUTE
    __stdout                                 0x200001c4   Data           0  symbol_g15.obj ABSOLUTE
    ke_env                                   0x200001c8   Data           0  symbol_g15.obj ABSOLUTE
    rwip_rf                                  0x20000274   Data           0  symbol_g15.obj ABSOLUTE
    rwip_env                                 0x200002a8   Data           0  symbol_g15.obj ABSOLUTE
    aes_env                                  0x200002c8   Data           0  symbol_g15.obj ABSOLUTE
    llc_env                                  0x200002fc   Data           0  symbol_g15.obj ABSOLUTE
    lld_env                                  0x2000030c   Data           0  symbol_g15.obj ABSOLUTE
    lld_sync_env                             0x20000430   Data           0  symbol_g15.obj ABSOLUTE
    llm_env                                  0x20000440   Data           0  symbol_g15.obj ABSOLUTE
    hci_env                                  0x20000978   Data           0  symbol_g15.obj ABSOLUTE
    hci_tl_acl_env                           0x200009b4   Data           0  symbol_g15.obj ABSOLUTE
    utils_env                                0x20000a3c   Data           0  symbol_g15.obj ABSOLUTE
    user_prf_env                             0x20000b30   Data           0  symbol_g15.obj ABSOLUTE
    gattc_env                                0x20000b58   Data           0  symbol_g15.obj ABSOLUTE
    gattm_env                                0x20000b68   Data           0  symbol_g15.obj ABSOLUTE
    gapc_env                                 0x20000ba0   Data           0  symbol_g15.obj ABSOLUTE
    gapm_env                                 0x20000bb0   Data           0  symbol_g15.obj ABSOLUTE
    l2cc_env                                 0x20000c00   Data           0  symbol_g15.obj ABSOLUTE
    l2cm_env                                 0x20000c10   Data           0  symbol_g15.obj ABSOLUTE
    ahi_env                                  0x20000ce4   Data           0  symbol_g15.obj ABSOLUTE
    p_prevent_sleep                          0x20004328   Data           4  ns_sleep.o(.data.p_prevent_sleep)
    _random_number_data                      0x20004360   Data         228  rand.o(.bss)
    __libspace_start                         0x20004444   Data          96  libspace.o(.bss)
    CMD_FLASH_READ                           0x200044a4   Data           4  n32wb03x_qflash.o(.bss.CMD_FLASH_READ)
    __temporary_stack_top$libspace           0x200044a4   Data           0  libspace.o(.bss)
    CMD_FLASH_SE                             0x200044a8   Data           4  n32wb03x_qflash.o(.bss.CMD_FLASH_SE)
    CMD_FLASH_WRITE                          0x200044ac   Data           4  n32wb03x_qflash.o(.bss.CMD_FLASH_WRITE)
    add_prf_evn                              0x200044b0   Data          44  ns_ble.o(.bss.add_prf_evn)
    adv_env                                  0x200044dc   Data          96  ns_ble.o(.bss.adv_env)
    app_env                                  0x2000453c   Data         140  ns_ble.o(.bss.app_env)
    app_meas                                 0x200045c8   Data          20  app_blps.o(.bss.app_meas)
    app_sec_bond_data                        0x200045dc   Data          58  ns_sec.o(.bss.app_sec_bond_data)
    app_sec_env                              0x20004618   Data          32  ns_sec.o(.bss.app_sec_env)
    app_state                                0x20004638   Data           1  ns_ble_task.o(.bss.app_state)
    ble_prf_evn                              0x2000463c   Data          84  ns_ble.o(.bss.ble_prf_evn)
    g_rf_tx_power                            0x20004691   Data           1  rwip_driver.o(.bss.g_rf_tx_power)
    gap_env                                  0x20004694   Data          42  ns_ble.o(.bss.gap_env)
    get_itf                                  0x200046c0   Data          84  prf.o(.bss.get_itf)
    ns_sleep_lock                            0x20004740   Data           4  ns_sleep.o(.bss.ns_sleep_lock)
    prf_env                                  0x20004744   Data         200  prf.o(.bss.prf_env)
    scan_env                                 0x2000480c   Data          28  ns_ble.o(.bss.scan_env)
    trim_stored                              0x20004850   Data          52  system_n32wb03x.o(.bss.trim_stored)
    user_EXTI4_12_IRQHandler                 0x20004884   Data           4  ns_ble.o(.bss.user_EXTI4_12_IRQHandler)
    user_HardFault_Handler                   0x20004888   Data           4  ns_ble.o(.bss.user_HardFault_Handler)



==============================================================================

Memory Map of the image

  Image Entry point : 0x010000c1

  Load Region LR_IROM1 (Base: 0x01000000, Size: 0x00005980, Max: 0x00040000, ABSOLUTE, COMPRESSED[0x000058f8])

    Execution Region ER_IROM1 (Exec base: 0x01000000, Load base: 0x01000000, Size: 0x00005620, Max: 0x00040000, ABSOLUTE)

    Exec Addr    Load Addr    Size         Type   Attr      Idx    E Section Name        Object

    0x01000000   0x01000000   0x000000c0   Data   RO            3    RESET               startup_n32wb03x.o
    0x010000c0   0x010000c0   0x00000008   Code   RO         1361  * !!!main             c_p.l(__main.o)
    0x010000c8   0x010000c8   0x00000054   Code   RO         1582    !!!scatter          c_p.l(__scatter.o)
    0x0100011c   0x0100011c   0x00000002   Code   RO         1583    !!handler_null      c_p.l(__scatter.o)
    0x0100011e   0x0100011e   0x00000002   Code   RO         1333    .ARM.Collect$$_printf_percent$$00000000  c_p.l(_printf_percent.o)
    0x01000120   0x01000120   0x0000000a   Code   RO         1332    .ARM.Collect$$_printf_percent$$00000009  c_p.l(_printf_d.o)
    0x0100012a   0x0100012a   0x0000000a   Code   RO         1331    .ARM.Collect$$_printf_percent$$0000000C  c_p.l(_printf_x.o)
    0x01000134   0x01000134   0x0000000a   Code   RO         1330    .ARM.Collect$$_printf_percent$$00000014  c_p.l(_printf_s.o)
    0x0100013e   0x0100013e   0x00000004   Code   RO         1398    .ARM.Collect$$_printf_percent$$00000017  c_p.l(_printf_percent_end.o)
    0x01000142   0x01000142   0x00000002   Code   RO         1496    .ARM.Collect$$libinit$$00000000  c_p.l(libinit.o)
    0x01000144   0x01000144   0x00000000   Code   RO         1402    .ARM.Collect$$libinit$$00000002  c_p.l(libinit2.o)
    0x01000144   0x01000144   0x00000000   Code   RO         1404    .ARM.Collect$$libinit$$00000004  c_p.l(libinit2.o)
    0x01000144   0x01000144   0x00000000   Code   RO         1406    .ARM.Collect$$libinit$$00000006  c_p.l(libinit2.o)
    0x01000144   0x01000144   0x00000000   Code   RO         1409    .ARM.Collect$$libinit$$0000000C  c_p.l(libinit2.o)
    0x01000144   0x01000144   0x00000000   Code   RO         1411    .ARM.Collect$$libinit$$0000000E  c_p.l(libinit2.o)
    0x01000144   0x01000144   0x00000004   Code   RO         1412    .ARM.Collect$$libinit$$0000000F  c_p.l(libinit2.o)
    0x01000148   0x01000148   0x00000000   Code   RO         1413    .ARM.Collect$$libinit$$00000010  c_p.l(libinit2.o)
    0x01000148   0x01000148   0x00000000   Code   RO         1416    .ARM.Collect$$libinit$$00000013  c_p.l(libinit2.o)
    0x01000148   0x01000148   0x00000000   Code   RO         1418    .ARM.Collect$$libinit$$00000015  c_p.l(libinit2.o)
    0x01000148   0x01000148   0x00000000   Code   RO         1420    .ARM.Collect$$libinit$$00000017  c_p.l(libinit2.o)
    0x01000148   0x01000148   0x00000000   Code   RO         1422    .ARM.Collect$$libinit$$00000019  c_p.l(libinit2.o)
    0x01000148   0x01000148   0x00000000   Code   RO         1424    .ARM.Collect$$libinit$$0000001B  c_p.l(libinit2.o)
    0x01000148   0x01000148   0x00000000   Code   RO         1426    .ARM.Collect$$libinit$$0000001D  c_p.l(libinit2.o)
    0x01000148   0x01000148   0x00000000   Code   RO         1428    .ARM.Collect$$libinit$$0000001F  c_p.l(libinit2.o)
    0x01000148   0x01000148   0x00000000   Code   RO         1430    .ARM.Collect$$libinit$$00000021  c_p.l(libinit2.o)
    0x01000148   0x01000148   0x00000000   Code   RO         1432    .ARM.Collect$$libinit$$00000023  c_p.l(libinit2.o)
    0x01000148   0x01000148   0x00000000   Code   RO         1434    .ARM.Collect$$libinit$$00000025  c_p.l(libinit2.o)
    0x01000148   0x01000148   0x00000000   Code   RO         1436    .ARM.Collect$$libinit$$00000027  c_p.l(libinit2.o)
    0x01000148   0x01000148   0x00000000   Code   RO         1440    .ARM.Collect$$libinit$$0000002E  c_p.l(libinit2.o)
    0x01000148   0x01000148   0x00000000   Code   RO         1442    .ARM.Collect$$libinit$$00000030  c_p.l(libinit2.o)
    0x01000148   0x01000148   0x00000000   Code   RO         1444    .ARM.Collect$$libinit$$00000032  c_p.l(libinit2.o)
    0x01000148   0x01000148   0x00000000   Code   RO         1446    .ARM.Collect$$libinit$$00000034  c_p.l(libinit2.o)
    0x01000148   0x01000148   0x00000002   Code   RO         1447    .ARM.Collect$$libinit$$00000035  c_p.l(libinit2.o)
    0x0100014a   0x0100014a   0x00000002   Code   RO         1547    .ARM.Collect$$libshutdown$$00000000  c_p.l(libshutdown.o)
    0x0100014c   0x0100014c   0x00000000   Code   RO         1563    .ARM.Collect$$libshutdown$$00000002  c_p.l(libshutdown2.o)
    0x0100014c   0x0100014c   0x00000000   Code   RO         1565    .ARM.Collect$$libshutdown$$00000004  c_p.l(libshutdown2.o)
    0x0100014c   0x0100014c   0x00000000   Code   RO         1568    .ARM.Collect$$libshutdown$$00000007  c_p.l(libshutdown2.o)
    0x0100014c   0x0100014c   0x00000000   Code   RO         1571    .ARM.Collect$$libshutdown$$0000000A  c_p.l(libshutdown2.o)
    0x0100014c   0x0100014c   0x00000000   Code   RO         1573    .ARM.Collect$$libshutdown$$0000000C  c_p.l(libshutdown2.o)
    0x0100014c   0x0100014c   0x00000000   Code   RO         1576    .ARM.Collect$$libshutdown$$0000000F  c_p.l(libshutdown2.o)
    0x0100014c   0x0100014c   0x00000002   Code   RO         1577    .ARM.Collect$$libshutdown$$00000010  c_p.l(libshutdown2.o)
    0x0100014e   0x0100014e   0x00000000   Code   RO         1387    .ARM.Collect$$rtentry$$00000000  c_p.l(__rtentry.o)
    0x0100014e   0x0100014e   0x00000000   Code   RO         1450    .ARM.Collect$$rtentry$$00000002  c_p.l(__rtentry2.o)
    0x0100014e   0x0100014e   0x00000006   Code   RO         1462    .ARM.Collect$$rtentry$$00000004  c_p.l(__rtentry4.o)
    0x01000154   0x01000154   0x00000000   Code   RO         1452    .ARM.Collect$$rtentry$$00000009  c_p.l(__rtentry2.o)
    0x01000154   0x01000154   0x00000004   Code   RO         1453    .ARM.Collect$$rtentry$$0000000A  c_p.l(__rtentry2.o)
    0x01000158   0x01000158   0x00000000   Code   RO         1455    .ARM.Collect$$rtentry$$0000000C  c_p.l(__rtentry2.o)
    0x01000158   0x01000158   0x00000008   Code   RO         1456    .ARM.Collect$$rtentry$$0000000D  c_p.l(__rtentry2.o)
    0x01000160   0x01000160   0x00000002   Code   RO         1505    .ARM.Collect$$rtexit$$00000000  c_p.l(rtexit.o)
    0x01000162   0x01000162   0x00000000   Code   RO         1527    .ARM.Collect$$rtexit$$00000002  c_p.l(rtexit2.o)
    0x01000162   0x01000162   0x00000004   Code   RO         1528    .ARM.Collect$$rtexit$$00000003  c_p.l(rtexit2.o)
    0x01000166   0x01000166   0x00000006   Code   RO         1529    .ARM.Collect$$rtexit$$00000004  c_p.l(rtexit2.o)
    0x0100016c   0x0100016c   0x00000038   Code   RO         1336    .emb_text           c_p.l(rand.o)
    0x010001a4   0x010001a4   0x00000038   Code   RO         1343    .emb_text           c_p.l(rt_memcpy.o)
    0x010001dc   0x010001dc   0x00000038   Code   RO            4    .text               startup_n32wb03x.o
    0x01000214   0x01000214   0x0000001c   Code   RO         1279    .text               c_p.l(noretval__2printf.o)
    0x01000230   0x01000230   0x0000004e   Code   RO         1283    .text               c_p.l(_printf_pad.o)
    0x0100027e   0x0100027e   0x00000052   Code   RO         1285    .text               c_p.l(_printf_str.o)
    0x010002d0   0x010002d0   0x0000006c   Code   RO         1287    .text               c_p.l(_printf_dec.o)
    0x0100033c   0x0100033c   0x00000058   Code   RO         1292    .text               c_p.l(_printf_hex_int.o)
    0x01000394   0x01000394   0x00000138   Code   RO         1322    .text               c_p.l(__printf_flags_wp.o)
    0x010004cc   0x010004cc   0x0000002c   Code   RO         1334    .text               c_p.l(puts.o)
    0x010004f8   0x010004f8   0x0000003c   Code   RO         1337    .text               c_p.l(rand.o)
    0x01000534   0x01000534   0x0000005a   Code   RO         1341    .text               c_p.l(memcmp.o)
    0x0100058e   0x0100058e   0x00000082   Code   RO         1344    .text               c_p.l(rt_memcpy.o)
    0x01000610   0x01000610   0x00000096   Code   RO         1347    .text               c_p.l(rt_memmove.o)
    0x010006a6   0x010006a6   0x00000040   Code   RO         1349    .text               c_p.l(rt_memclr.o)
    0x010006e6   0x010006e6   0x00000002   PAD
    0x010006e8   0x010006e8   0x000001f8   Code   RO         1351    .text               c_p.l(aeabi_sdivfast.o)
    0x010008e0   0x010008e0   0x00000006   Code   RO         1359    .text               c_p.l(heapauxi.o)
    0x010008e6   0x010008e6   0x00000002   PAD
    0x010008e8   0x010008e8   0x00000160   Code   RO         1378    .text               fz_ps.l(fdiv.o)
    0x01000a48   0x01000a48   0x00000030   Code   RO         1381    .text               fz_ps.l(ffixui.o)
    0x01000a78   0x01000a78   0x0000005e   Code   RO         1383    .text               fz_ps.l(fflti.o)
    0x01000ad6   0x01000ad6   0x000000b0   Code   RO         1392    .text               c_p.l(_printf_intcommon.o)
    0x01000b86   0x01000b86   0x0000002e   Code   RO         1394    .text               c_p.l(_printf_char.o)
    0x01000bb4   0x01000bb4   0x00000028   Code   RO         1396    .text               c_p.l(_printf_char_file.o)
    0x01000bdc   0x01000bdc   0x00000028   Code   RO         1399    .text               c_p.l(rtudiv10.o)
    0x01000c04   0x01000c04   0x00000030   Code   RO         1466    .text               c_p.l(_printf_char_common.o)
    0x01000c34   0x01000c34   0x00000008   Code   RO         1468    .text               c_p.l(ferror.o)
    0x01000c3c   0x01000c3c   0x0000003e   Code   RO         1476    .text               c_p.l(sys_stackheap_outer.o)
    0x01000c7a   0x01000c7a   0x00000010   Code   RO         1481    .text               c_p.l(exit.o)
    0x01000c8a   0x01000c8a   0x00000002   PAD
    0x01000c8c   0x01000c8c   0x00000008   Code   RO         1501    .text               c_p.l(libspace.o)
    0x01000c94   0x01000c94   0x0000000c   Code   RO         1519    .text               c_p.l(sys_exit.o)
    0x01000ca0   0x01000ca0   0x00000002   Code   RO         1523    .text               c_p.l(use_no_semi.o)
    0x01000ca2   0x01000ca2   0x00000000   Code   RO         1525    .text               c_p.l(indicate_semi.o)
    0x01000ca2   0x01000ca2   0x00000060   Code   RO         1580    .text               c_p.l(__dclz77c.o)
    0x01000d02   0x01000d02   0x00000002   PAD
    0x01000d04   0x01000d04   0x0000000c   Code   RO          202    .text.EXTI_ClrITPendBit  n32wb03x_exti.o
    0x01000d10   0x01000d10   0x00000018   Code   RO          200    .text.EXTI_GetITStatus  n32wb03x_exti.o
    0x01000d28   0x01000d28   0x00000060   Code   RO          190    .text.EXTI_InitPeripheral  n32wb03x_exti.o
    0x01000d88   0x01000d88   0x00000074   Code   RO          214    .text.GPIO_DeInitPin  n32wb03x_gpio.o
    0x01000dfc   0x01000dfc   0x00000110   Code   RO          218    .text.GPIO_InitPeripheral  n32wb03x_gpio.o
    0x01000f0c   0x01000f0c   0x0000001c   Code   RO          220    .text.GPIO_InitStruct  n32wb03x_gpio.o
    0x01000f28   0x01000f28   0x00000004   Code   RO          232    .text.GPIO_ResetBits  n32wb03x_gpio.o
    0x01000f2c   0x01000f2c   0x00000004   Code   RO          230    .text.GPIO_SetBits  n32wb03x_gpio.o
    0x01000f30   0x01000f30   0x00000048   Code   RO         1260    .text.LedInit       app_gpio.o
    0x01000f78   0x01000f78   0x00000008   Code   RO         1264    .text.LedOff        app_gpio.o
    0x01000f80   0x01000f80   0x00000008   Code   RO         1262    .text.LedOn         app_gpio.o
    0x01000f88   0x01000f88   0x00000020   Code   RO          681    .text.Qflash_Erase_Sector  n32wb03x_qflash.o
    0x01000fa8   0x01000fa8   0x0000002c   Code   RO          679    .text.Qflash_Init   n32wb03x_qflash.o
    0x01000fd4   0x01000fd4   0x00000024   Code   RO          683    .text.Qflash_Write  n32wb03x_qflash.o
    0x01000ff8   0x01000ff8   0x0000001c   Code   RO          306    .text.RCC_EnableAHBPeriphClk  n32wb03x_rcc.o
    0x01001014   0x01001014   0x0000001c   Code   RO          308    .text.RCC_EnableAPB2PeriphClk  n32wb03x_rcc.o
    0x01001030   0x01001030   0x00000068   Code   RO          304    .text.RCC_GetClocksFreqValue  n32wb03x_rcc.o
    0x01001098   0x01001098   0x0000003c   Code   RO           17    .text.SystemGetMacAddr  system_n32wb03x.o
    0x010010d4   0x010010d4   0x00000194   Code   RO           19    .text.SystemInit    system_n32wb03x.o
    0x01001268   0x01001268   0x00000018   Code   RO          531    .text.USART_Enable  n32wb03x_usart.o
    0x01001280   0x01001280   0x0000000a   Code   RO          567    .text.USART_GetFlagStatus  n32wb03x_usart.o
    0x0100128a   0x0100128a   0x00000002   PAD
    0x0100128c   0x0100128c   0x00000094   Code   RO          523    .text.USART_Init    n32wb03x_usart.o
    0x01001320   0x01001320   0x00000008   Code   RO          547    .text.USART_SendData  n32wb03x_usart.o
    0x01001328   0x01001328   0x00000002   Code   RO         1224    .text.app_ble_adv_msg_handler  app_ble.o
    0x0100132a   0x0100132a   0x00000002   PAD
    0x0100132c   0x0100132c   0x0000013c   Code   RO         1234    .text.app_ble_init  app_ble.o
    0x01001468   0x01001468   0x00000048   Code   RO         1218    .text.app_ble_msg_handler  app_ble.o
    0x010014b0   0x010014b0   0x000000a0   Code   RO         1182    .text.app_blood_pressure_timeout_handler  app_blps.o
    0x01001550   0x01001550   0x0000007c   Code   RO         1190    .text.app_blps_add_blps  app_blps.o
    0x010015cc   0x010015cc   0x00000010   Code   RO         1146    .text.app_conn_params_update_evt_handler  ns_ble_task.o
    0x010015dc   0x010015dc   0x000000ec   Code   RO         1025    .text.app_create_advertising  ns_ble.o
    0x010016c8   0x010016c8   0x00000054   Code   RO         1166    .text.app_dis_add_dis  app_dis.o
    0x0100171c   0x0100171c   0x00000128   Code   RO         1106    .text.app_entry_point_handler  ns_ble_task.o
    0x01001844   0x01001844   0x000000b8   Code   RO         1144    .text.app_lsi_calib_evt_handler  ns_ble_task.o
    0x010018fc   0x010018fc   0x00000004   Code   RO          977    .text.app_sec_msg_dflt_handler  ns_sec.o
    0x01001900   0x01001900   0x000000c8   Code   RO         1027    .text.app_set_scan_rsp_data  ns_ble.o
    0x010019c8   0x010019c8   0x00000002   Code   RO         1248    .text.app_sleep_prepare_proc  main.o
    0x010019ca   0x010019ca   0x00000002   Code   RO         1250    .text.app_sleep_resume_proc  main.o
    0x010019cc   0x010019cc   0x00000002   Code   RO         1216    .text.app_user_msg_handler  app_ble.o
    0x010019ce   0x010019ce   0x00000002   PAD
    0x010019d0   0x010019d0   0x000000e8   Code   RO         1198    .text.blps_cfg_indntf_ind_handler  app_blps.o
    0x01001ab8   0x01001ab8   0x0000000a   Code   RO          840    .text.blps_cleanup  blps.o
    0x01001ac2   0x01001ac2   0x00000002   PAD
    0x01001ac4   0x01001ac4   0x00000048   Code   RO         1202    .text.blps_cmp_evt_handler  app_blps.o
    0x01001b0c   0x01001b0c   0x0000000a   Code   RO          838    .text.blps_create   blps.o
    0x01001b16   0x01001b16   0x00000010   Code   RO          836    .text.blps_destroy  blps.o
    0x01001b26   0x01001b26   0x00000002   PAD
    0x01001b28   0x01001b28   0x00000090   Code   RO          860    .text.blps_enable_req_handler  blps_task.o
    0x01001bb8   0x01001bb8   0x00000034   Code   RO         1196    .text.blps_enable_rsp_handler  app_blps.o
    0x01001bec   0x01001bec   0x000000a4   Code   RO          834    .text.blps_init     blps.o
    0x01001c90   0x01001c90   0x000000dc   Code   RO          864    .text.blps_meas_send_cmd_handler  blps_task.o
    0x01001d6c   0x01001d6c   0x000000c6   Code   RO          844    .text.blps_pack_meas_value  blps.o
    0x01001e32   0x01001e32   0x00000002   PAD
    0x01001e34   0x01001e34   0x00000008   Code   RO          842    .text.blps_prf_itf_get  blps.o
    0x01001e3c   0x01001e3c   0x000000b8   Code   RO          866    .text.blps_racp_resp_send_cmd_handler  blps_task.o
    0x01001ef4   0x01001ef4   0x000000c4   Code   RO         1200    .text.blps_racp_write_ind_handler  app_blps.o
    0x01001fb8   0x01001fb8   0x00000050   Code   RO          846    .text.blps_send_cmp_evt  blps.o
    0x01002008   0x01002008   0x00000020   Code   RO          858    .text.blps_task_init  blps_task.o
    0x01002028   0x01002028   0x00000032   Code   RO          805    .text.diss_check_val_len  diss.o
    0x0100205a   0x0100205a   0x00000002   Code   RO          795    .text.diss_cleanup  diss.o
    0x0100205c   0x0100205c   0x00000002   Code   RO          793    .text.diss_create   diss.o
    0x0100205e   0x0100205e   0x0000002a   Code   RO          791    .text.diss_destroy  diss.o
    0x01002088   0x01002088   0x0000002c   Code   RO          801    .text.diss_handle_to_value  diss.o
    0x010020b4   0x010020b4   0x000000a8   Code   RO          789    .text.diss_init     diss.o
    0x0100215c   0x0100215c   0x00000008   Code   RO          797    .text.diss_prf_itf_get  diss.o
    0x01002164   0x01002164   0x000000a0   Code   RO          819    .text.diss_set_value_req_handler  diss_task.o
    0x01002204   0x01002204   0x00000020   Code   RO          817    .text.diss_task_init  diss_task.o
    0x01002224   0x01002224   0x00000080   Code   RO          823    .text.diss_value_cfm_handler  diss_task.o
    0x010022a4   0x010022a4   0x000000d0   Code   RO         1168    .text.diss_value_req_ind_handler  app_dis.o
    0x01002374   0x01002374   0x00000032   Code   RO          803    .text.diss_value_to_handle  diss.o
    0x010023a6   0x010023a6   0x00000002   PAD
    0x010023a8   0x010023a8   0x00000038   Code   RO          888    .text.fputc         ns_log_usart.o
    0x010023e0   0x010023e0   0x00000098   Code   RO          981    .text.gapc_bond_ind_handler  ns_sec.o
    0x01002478   0x01002478   0x000001ec   Code   RO          979    .text.gapc_bond_req_ind_handler  ns_sec.o
    0x01002664   0x01002664   0x00000024   Code   RO         1140    .text.gapc_cmp_evt_handler  ns_ble_task.o
    0x01002688   0x01002688   0x00000060   Code   RO         1142    .text.gapc_conn_rssi_ind_handler  ns_ble_task.o
    0x010026e8   0x010026e8   0x00000130   Code   RO         1124    .text.gapc_connection_req_ind_handler  ns_ble_task.o
    0x01002818   0x01002818   0x00000078   Code   RO         1132    .text.gapc_disconnect_ind_handler  ns_ble_task.o
    0x01002890   0x01002890   0x00000024   Code   RO          985    .text.gapc_encrypt_ind_handler  ns_sec.o
    0x010028b4   0x010028b4   0x0000014c   Code   RO          983    .text.gapc_encrypt_req_ind_handler  ns_sec.o
    0x01002a00   0x01002a00   0x00000080   Code   RO         1134    .text.gapc_get_dev_info_req_ind_handler  ns_ble_task.o
    0x01002a80   0x01002a80   0x00000030   Code   RO         1136    .text.gapc_le_phy_ind_handler  ns_ble_task.o
    0x01002ab0   0x01002ab0   0x00000018   Code   RO         1130    .text.gapc_le_pkt_size_ind_handler  ns_ble_task.o
    0x01002ac8   0x01002ac8   0x0000005c   Code   RO         1126    .text.gapc_param_update_req_ind_handler  ns_ble_task.o
    0x01002b24   0x01002b24   0x00000024   Code   RO         1128    .text.gapc_param_updated_ind_handler  ns_ble_task.o
    0x01002b48   0x01002b48   0x0000003c   Code   RO         1138    .text.gapc_set_dev_info_req_ind_handler  ns_ble_task.o
    0x01002b84   0x01002b84   0x00000030   Code   RO         1108    .text.gapm_activity_created_ind_handler  ns_ble_task.o
    0x01002bb4   0x01002bb4   0x00000050   Code   RO         1110    .text.gapm_activity_stopped_ind_handler  ns_ble_task.o
    0x01002c04   0x01002c04   0x00000004   Code   RO         1114    .text.gapm_addr_solved_ind_handler  ns_ble_task.o
    0x01002c08   0x01002c08   0x00000430   Code   RO         1116    .text.gapm_cmp_evt_handler  ns_ble_task.o
    0x01003038   0x01003038   0x000000c8   Code   RO         1148    .text.gapm_ext_adv_repoer_ind_handler  ns_ble_task.o
    0x01003100   0x01003100   0x00000048   Code   RO         1112    .text.gapm_gen_rand_nb_ind_handler  ns_ble_task.o
    0x01003148   0x01003148   0x0000000c   Code   RO         1118    .text.gapm_profile_added_ind_handler  ns_ble_task.o
    0x01003154   0x01003154   0x0000002a   Code   RO          868    .text.gattc_cmp_evt_handler  blps_task.o
    0x0100317e   0x0100317e   0x00000002   PAD
    0x01003180   0x01003180   0x00000028   Code   RO         1122    .text.gattc_cmp_evt_handler  ns_ble_task.o
    0x010031a8   0x010031a8   0x00000048   Code   RO         1120    .text.gattc_mtu_changed_ind_handler  ns_ble_task.o
    0x010031f0   0x010031f0   0x000000c4   Code   RO          821    .text.gattc_read_req_ind_handler  diss_task.o
    0x010032b4   0x010032b4   0x00000084   Code   RO          862    .text.gattc_read_req_ind_handler  blps_task.o
    0x01003338   0x01003338   0x00000188   Code   RO          870    .text.gattc_write_req_ind_handler  blps_task.o
    0x010034c0   0x010034c0   0x00000084   Code   RO          727    .text.llhwc_modem_setmode  rwip_driver.o
    0x01003544   0x01003544   0x00000170   Code   RO          729    .text.llhwc_phy_prerx_flash  rwip_driver.o
    0x010036b4   0x010036b4   0x0000006c   Code   RO         1246    .text.main          main.o
    0x01003720   0x01003720   0x0000006c   Code   RO         1001    .text.ns_EXTI4_12_IRQHandler  ns_ble.o
    0x0100378c   0x0100378c   0x00000108   Code   RO          999    .text.ns_HardFault_Handler  ns_ble.o
    0x01003894   0x01003894   0x00000020   Code   RO         1005    .text.ns_ble_add_prf_func_register  ns_ble.o
    0x010038b4   0x010038b4   0x00000030   Code   RO         1003    .text.ns_ble_add_svc  ns_ble.o
    0x010038e4   0x010038e4   0x000001a4   Code   RO         1023    .text.ns_ble_adv_fsm_next  ns_ble.o
    0x01003a88   0x01003a88   0x00000038   Code   RO         1035    .text.ns_ble_adv_init  ns_ble.o
    0x01003ac0   0x01003ac0   0x00000054   Code   RO         1043    .text.ns_ble_adv_start  ns_ble.o
    0x01003b14   0x01003b14   0x00000040   Code   RO         1045    .text.ns_ble_adv_stop  ns_ble.o
    0x01003b54   0x01003b54   0x00000028   Code   RO         1063    .text.ns_ble_delete_init  ns_ble.o
    0x01003b7c   0x01003b7c   0x0000002c   Code   RO         1055    .text.ns_ble_delete_scan  ns_ble.o
    0x01003ba8   0x01003ba8   0x00000028   Code   RO         1047    .text.ns_ble_disconnect  ns_ble.o
    0x01003bd0   0x01003bd0   0x00000068   Code   RO         1033    .text.ns_ble_gap_init  ns_ble.o
    0x01003c38   0x01003c38   0x00000020   Code   RO         1073    .text.ns_ble_get_connection_num  ns_ble.o
    0x01003c58   0x01003c58   0x0000004c   Code   RO         1083    .text.ns_ble_list_set_ral  ns_ble.o
    0x01003ca4   0x01003ca4   0x00000074   Code   RO         1029    .text.ns_ble_lsc_config  ns_ble.o
    0x01003d18   0x01003d18   0x0000002c   Code   RO         1007    .text.ns_ble_prf_task_register  ns_ble.o
    0x01003d44   0x01003d44   0x00000054   Code   RO         1065    .text.ns_ble_scan_data_find  ns_ble.o
    0x01003d98   0x01003d98   0x000002a8   Code   RO         1031    .text.ns_ble_stack_init  ns_ble.o
    0x01004040   0x01004040   0x000000bc   Code   RO         1061    .text.ns_ble_start_init  ns_ble.o
    0x010040fc   0x010040fc   0x000000c4   Code   RO         1053    .text.ns_ble_start_scan  ns_ble.o
    0x010041c0   0x010041c0   0x00000024   Code   RO         1057    .text.ns_ble_stop_scan  ns_ble.o
    0x010041e4   0x010041e4   0x000000a4   Code   RO         1011    .text.ns_ble_update_param  ns_ble.o
    0x01004288   0x01004288   0x00000058   Code   RO          959    .text.ns_bond_last_bonded_peer_id  ns_sec.o
    0x010042e0   0x010042e0   0x00000090   Code   RO          961    .text.ns_bond_last_bonded_ral_info  ns_sec.o
    0x01004370   0x01004370   0x00000014   Code   RO          886    .text.ns_log_usart_deinit  ns_log_usart.o
    0x01004384   0x01004384   0x00000060   Code   RO          884    .text.ns_log_usart_init  ns_log_usart.o
    0x010043e4   0x010043e4   0x00000164   Code   RO          975    .text.ns_sec_bond_store_evt_handler  ns_sec.o
    0x01004548   0x01004548   0x00000008   Code   RO          967    .text.ns_sec_get_bond_status  ns_sec.o
    0x01004550   0x01004550   0x00000008   Code   RO          969    .text.ns_sec_get_iocap  ns_sec.o
    0x01004558   0x01004558   0x00000068   Code   RO          965    .text.ns_sec_init   ns_sec.o
    0x010045c0   0x010045c0   0x0000013c   Code   RO          907    .text.ns_sleep      ns_sleep.o
    0x010046fc   0x010046fc   0x00000010   Code   RO          899    .text.ns_sleep_lock_acquire  ns_sleep.o
    0x0100470c   0x0100470c   0x00000018   Code   RO          901    .text.ns_sleep_lock_release  ns_sleep.o
    0x01004724   0x01004724   0x000000ec   Code   RO          933    .text.ns_timer_api_process_handler  ns_timer.o
    0x01004810   0x01004810   0x00000040   Code   RO          935    .text.ns_timer_create  ns_timer.o
    0x01004850   0x01004850   0x000000ac   Code   RO          749    .text.prf_add_profile  prf.o
    0x010048fc   0x010048fc   0x00000014   Code   RO          759    .text.prf_dst_task_get  prf.o
    0x01004910   0x01004910   0x00000020   Code   RO          755    .text.prf_env_get   prf.o
    0x01004930   0x01004930   0x00000028   Code   RO          761    .text.prf_get_id_from_task  prf.o
    0x01004958   0x01004958   0x00000028   Code   RO          765    .text.prf_get_itf_func_register  prf.o
    0x01004980   0x01004980   0x00000028   Code   RO          763    .text.prf_get_task_from_id  prf.o
    0x010049a8   0x010049a8   0x000000bc   Code   RO          747    .text.prf_init      prf.o
    0x01004a64   0x01004a64   0x00000020   Code   RO          777    .text.prf_pack_date_time  prf_utils.o
    0x01004a84   0x01004a84   0x00000018   Code   RO          757    .text.prf_src_task_get  prf.o
    0x01004a9c   0x01004a9c   0x000000d8   Code   RO          713    .text.rwip_init     rwip.o
    0x01004b74   0x01004b74   0x00000120   Code   RO          725    .text.rwip_sleep    rwip_driver.o
    0x01004c94   0x01004c94   0x000000d8   Code   RO          733    .text.rwip_slp_isr  rwip_driver.o
    0x01004d6c   0x01004d6c   0x00000006   Code   RO           23    .text.system_delay_cycles  system_n32wb03x.o
    0x01004d72   0x01004d72   0x00000002   Code   RO          939    .text.timer_canceled_handler  ns_timer.o
    0x01004d74   0x01004d74   0x00000002   Code   RO          943    .text.timer_modified_handler  ns_timer.o
    0x01004d76   0x01004d76   0x000001f6   Code   RO         1352    .text_divfast       c_p.l(aeabi_sdivfast.o)
    0x01004f6c   0x01004f6c   0x0000000c   Ven    RO         1586    Veneer$$Code        anon$$obj.o
    0x01004f78   0x01004f78   0x0000000c   Ven    RO         1587    Veneer$$Code        anon$$obj.o
    0x01004f84   0x01004f84   0x0000000c   Ven    RO         1588    Veneer$$Code        anon$$obj.o
    0x01004f90   0x01004f90   0x0000000e   Code   RO         1320    i._is_digit         c_p.l(__printf_wp.o)
    0x01004f9e   0x01004f9e   0x00000002   PAD
    0x01004fa0   0x01004fa0   0x000000b0   Code   RO         1385    x$fpl$fmul          fz_ps.l(fmul.o)
    0x01005050   0x01005050   0x00000000   Code   RO         1448    x$fpl$usenofp       fz_ps.l(usenofp.o)
    0x01005050   0x01005050   0x00000028   Data   RO         1293    .constdata          c_p.l(_printf_hex_int.o)
    0x01005078   0x01005078   0x00000011   Data   RO         1323    .constdata          c_p.l(__printf_flags_wp.o)
    0x01005089   0x01005089   0x00000040   Data   RO         1379    .constdata          fz_ps.l(fdiv.o)
    0x010050c9   0x010050c9   0x00000003   PAD
    0x010050cc   0x010050cc   0x0000000c   Data   RO         1152    .rodata.TASK_DESC_APP_M  ns_ble_task.o
    0x010050d8   0x010050d8   0x00000140   Data   RO           27    .rodata.TRIM_READ_CMD_CODE  system_n32wb03x.o
    0x01005218   0x01005218   0x0000001e   Data   RO          738    .rodata.TXPWR_MAP   rwip_driver.o
    0x01005236   0x01005236   0x00000002   PAD
    0x01005238   0x01005238   0x00000008   Data   RO         1205    .rodata.app_blps_handlers  app_blps.o
    0x01005240   0x01005240   0x00000020   Data   RO         1206    .rodata.app_blps_msg_handler_list  app_blps.o
    0x01005260   0x01005260   0x00000008   Data   RO         1170    .rodata.app_dis_handlers  app_dis.o
    0x01005268   0x01005268   0x00000008   Data   RO         1171    .rodata.app_dis_msg_handler_list  app_dis.o
    0x01005270   0x01005270   0x000000b8   Data   RO         1150    .rodata.app_msg_handler_tab  ns_ble_task.o
    0x01005328   0x01005328   0x00000008   Data   RO          990    .rodata.app_sec_handlers  ns_sec.o
    0x01005330   0x01005330   0x00000028   Data   RO          989    .rodata.app_sec_msg_handler_list  ns_sec.o
    0x01005358   0x01005358   0x00000060   Data   RO          848    .rodata.blps_att_db  blps.o
    0x010053b8   0x010053b8   0x00000010   Data   RO          849    .rodata.blps_itf    blps.o
    0x010053c8   0x010053c8   0x00000030   Data   RO          872    .rodata.blps_msg_handler_tab  blps_task.o
    0x010053f8   0x010053f8   0x00000008   Data   RO          330    .rodata.cst8        n32wb03x_rcc.o
    0x01005400   0x01005400   0x00000098   Data   RO          807    .rodata.diss_att_db  diss.o
    0x01005498   0x01005498   0x00000010   Data   RO          808    .rodata.diss_itf    diss.o
    0x010054a8   0x010054a8   0x00000018   Data   RO          825    .rodata.diss_msg_handler_tab  diss_task.o
    0x010054c0   0x010054c0   0x00000058   Data   RO         1153    .rodata.gapm_att_db  ns_ble_task.o
    0x01005518   0x01005518   0x00000040   Data   RO         1154    .rodata.gattm_att_db  ns_ble_task.o
    0x01005558   0x01005558   0x00000051   Data   RO         1089    .rodata.str1.1      ns_ble.o
    0x010055a9   0x010055a9   0x00000006   Data   RO         1172    .rodata.str1.1      app_dis.o
    0x010055af   0x010055af   0x00000029   Data   RO         1207    .rodata.str1.1      app_blps.o
    0x010055d8   0x010055d8   0x00000007   Data   RO         1236    .rodata.str1.1      app_ble.o
    0x010055df   0x010055df   0x00000001   PAD
    0x010055e0   0x010055e0   0x00000020   Data   RO         1237    .rodata.str1.4      app_ble.o
    0x01005600   0x01005600   0x00000020   Data   RO         1579    Region$$Table       anon$$obj.o


    Execution Region RW_IRAM1 (Exec base: 0x20004000, Load base: 0x01005620, Size: 0x00001290, Max: 0x00008000, ABSOLUTE, COMPRESSED[0x000002d8])

    Exec Addr    Load Addr    Size         Type   Attr      Idx    E Section Name        Object

    0x20004000   COMPRESSED   0x00000324   Data   RW          687    .data._acCMD_BIN    n32wb03x_qflash.o
    0x20004324   COMPRESSED   0x00000002   Data   RW         1155    .data.app_lsi_calib_evt_handler.calib_times  ns_ble_task.o
    0x20004326   COMPRESSED   0x00000002   PAD
    0x20004328   COMPRESSED   0x00000004   Data   RW          914    .data.p_prevent_sleep  ns_sleep.o
    0x2000432c   COMPRESSED   0x00000034   Data   RW         1097    .data.rwip_fifo_isr_codeArray  ns_ble.o
    0x20004360        -       0x000000e4   Zero   RW         1338    .bss                c_p.l(rand.o)
    0x20004444        -       0x00000060   Zero   RW         1502    .bss                c_p.l(libspace.o)
    0x200044a4        -       0x00000004   Zero   RW          690    .bss.CMD_FLASH_READ  n32wb03x_qflash.o
    0x200044a8        -       0x00000004   Zero   RW          688    .bss.CMD_FLASH_SE   n32wb03x_qflash.o
    0x200044ac        -       0x00000004   Zero   RW          689    .bss.CMD_FLASH_WRITE  n32wb03x_qflash.o
    0x200044b0        -       0x0000002c   Zero   RW         1091    .bss.add_prf_evn    ns_ble.o
    0x200044dc        -       0x00000060   Zero   RW         1095    .bss.adv_env        ns_ble.o
    0x2000453c        -       0x0000008c   Zero   RW         1090    .bss.app_env        ns_ble.o
    0x200045c8        -       0x00000014   Zero   RW         1204    .bss.app_meas       app_blps.o
    0x200045dc        -       0x0000003a   Zero   RW          988    .bss.app_sec_bond_data  ns_sec.o
    0x20004616   COMPRESSED   0x00000002   PAD
    0x20004618        -       0x00000020   Zero   RW          987    .bss.app_sec_env    ns_sec.o
    0x20004638        -       0x00000001   Zero   RW         1151    .bss.app_state      ns_ble_task.o
    0x20004639   COMPRESSED   0x00000003   PAD
    0x2000463c        -       0x00000054   Zero   RW         1092    .bss.ble_prf_evn    ns_ble.o
    0x20004690        -       0x00000001   Zero   RW          890    .bss.fputc.func_lock  ns_log_usart.o
    0x20004691        -       0x00000001   Zero   RW          737    .bss.g_rf_tx_power  rwip_driver.o
    0x20004692   COMPRESSED   0x00000002   PAD
    0x20004694        -       0x0000002a   Zero   RW         1093    .bss.gap_env        ns_ble.o
    0x200046be   COMPRESSED   0x00000002   PAD
    0x200046c0        -       0x00000054   Zero   RW          767    .bss.get_itf        prf.o
    0x20004714        -       0x00000001   Zero   RW          735    .bss.modem_setmode.0  rwip_driver.o
    0x20004715        -       0x00000001   Zero   RW          736    .bss.modem_setmode.1  rwip_driver.o
    0x20004716   COMPRESSED   0x00000002   PAD
    0x20004718        -       0x00000028   Zero   RW          948    .bss.modified_timer_callback_array  ns_timer.o
    0x20004740        -       0x00000004   Zero   RW          913    .bss.ns_sleep_lock  ns_sleep.o
    0x20004744        -       0x000000c8   Zero   RW          768    .bss.prf_env        prf.o
    0x2000480c        -       0x0000001c   Zero   RW         1096    .bss.scan_env       ns_ble.o
    0x20004828        -       0x00000028   Zero   RW          947    .bss.timer_callback_array  ns_timer.o
    0x20004850        -       0x00000034   Zero   RW           29    .bss.trim_stored    system_n32wb03x.o
    0x20004884        -       0x00000004   Zero   RW         1088    .bss.user_EXTI4_12_IRQHandler  ns_ble.o
    0x20004888        -       0x00000004   Zero   RW         1087    .bss.user_HardFault_Handler  ns_ble.o
    0x2000488c   COMPRESSED   0x00000004   PAD
    0x20004890        -       0x00000200   Zero   RW            2    HEAP                startup_n32wb03x.o
    0x20004a90        -       0x00000800   Zero   RW            1    STACK               startup_n32wb03x.o


==============================================================================

Image component sizes


      Code (inc. data)   RO Data    RW Data    ZI Data      Debug   Object Name

       392         92         39          0          0      11490   app_ble.o
       836        380         81          0         20      15385   app_blps.o
       292         98         22          0          0      10884   app_dis.o
        88          8          0          0          0       2143   app_gpio.o
       486         20        112          0          0      26723   blps.o
      1146         32         48          0          0      19108   blps_task.o
       366         12        168          0          0      24557   diss.o
       516         20         24          0          0      14827   diss_task.o
       112         48          0          0          0       1299   main.o
       132          8          0          0          0       2958   n32wb03x_exti.o
       424         26          0          0          0       6272   n32wb03x_gpio.o
       112         16          0        804         12       3097   n32wb03x_qflash.o
       160         32          8          0          0      10193   n32wb03x_rcc.o
       190         24          0          0          0       8090   n32wb03x_usart.o
      3356        496         81         52        442      43663   ns_ble.o
      3040        500        348          2          1      50455   ns_ble_task.o
       172         16          0          0          1       2963   ns_log_usart.o
      1724        124         48          0         90      21344   ns_sec.o
       356         48          0          4          4       4955   ns_sleep.o
       304         36          0          0         80       6005   ns_timer.o
       556         12          0          0        284      15362   prf.o
        32          0          0          0          0       1912   prf_utils.o
       216         48          0          0          0       2196   rwip.o
      1004        216         30          0          3       7107   rwip_driver.o
        56         26        192          0       2560        772   startup_n32wb03x.o
       470         44        320          0         52       5532   system_n32wb03x.o

    ----------------------------------------------------------------------
     16590       2394       1556        864       3564     319292   Object Totals
        36         12         32          0          0          0   (incl. Generated)
        16          0          3          2         15          0   (incl. Padding)

    ----------------------------------------------------------------------

      Code (inc. data)   RO Data    RW Data    ZI Data      Debug   Library Member Name

        96          0          0          0          0          0   __dclz77c.o
         8          0          0          0          0         68   __main.o
       312          6         17          0          0         76   __printf_flags_wp.o
        14          0          0          0          0         60   __printf_wp.o
         0          0          0          0          0          0   __rtentry.o
        12          0          0          0          0          0   __rtentry2.o
         6          0          0          0          0          0   __rtentry4.o
        86         10          0          0          0          0   __scatter.o
        46          0          0          0          0        100   _printf_char.o
        48          6          0          0          0         88   _printf_char_common.o
        40          6          0          0          0         72   _printf_char_file.o
        10          0          0          0          0          0   _printf_d.o
       108         18          0          0          0         76   _printf_dec.o
        88          4         40          0          0         72   _printf_hex_int.o
       176          0          0          0          0         84   _printf_intcommon.o
        78          0          0          0          0        100   _printf_pad.o
         2          0          0          0          0          0   _printf_percent.o
         4          0          0          0          0          0   _printf_percent_end.o
        10          0          0          0          0          0   _printf_s.o
        82          0          0          0          0         72   _printf_str.o
        10          0          0          0          0          0   _printf_x.o
      1006          4          0          0          0        184   aeabi_sdivfast.o
        16          0          0          0          0         68   exit.o
         8          0          0          0          0         60   ferror.o
         6          0          0          0          0        136   heapauxi.o
         0          0          0          0          0          0   indicate_semi.o
         2          0          0          0          0          0   libinit.o
         6          0          0          0          0          0   libinit2.o
         2          0          0          0          0          0   libshutdown.o
         2          0          0          0          0          0   libshutdown2.o
         8          4          0          0         96         68   libspace.o
        90          0          0          0          0         68   memcmp.o
        28          6          0          0          0         84   noretval__2printf.o
        44          6          0          0          0         68   puts.o
       116         16          0          0        228        156   rand.o
        64          0          0          0          0        108   rt_memclr.o
       186          0          0          0          0        144   rt_memcpy.o
       150          0          0          0          0        104   rt_memmove.o
         2          0          0          0          0          0   rtexit.o
        10          0          0          0          0          0   rtexit2.o
        40          0          0          0          0         60   rtudiv10.o
        12          4          0          0          0         60   sys_exit.o
        62          0          0          0          0         80   sys_stackheap_outer.o
         2          0          0          0          0         68   use_no_semi.o
       352         10         64          0          0         92   fdiv.o
        48          0          0          0          0         60   ffixui.o
        94          0          0          0          0         92   fflti.o
       176          4          0          0          0         80   fmul.o
         0          0          0          0          0          0   usenofp.o

    ----------------------------------------------------------------------
      3778        104        124          0        324       2708   Library Totals
        10          0          3          0          0          0   (incl. Padding)

    ----------------------------------------------------------------------

      Code (inc. data)   RO Data    RW Data    ZI Data      Debug   Library Name

      3098         90         57          0        324       2384   c_p.l
       670         14         64          0          0        324   fz_ps.l

    ----------------------------------------------------------------------
      3778        104        124          0        324       2708   Library Totals

    ----------------------------------------------------------------------

==============================================================================


      Code (inc. data)   RO Data    RW Data    ZI Data      Debug   

     20368       2498       1680        864       3888     320204   Grand Totals
     20368       2498       1680        728       3888     320204   ELF Image Totals (compressed)
     20368       2498       1680        728          0          0   ROM Totals

==============================================================================

    Total RO  Size (Code + RO Data)                22048 (  21.53kB)
    Total RW  Size (RW Data + ZI Data)              4752 (   4.64kB)
    Total ROM Size (Code + RO Data + RW Data)      22776 (  22.24kB)

==============================================================================

