Component: ARM Compiler 5.06 update 6 (build 750) Tool: armlink [4d35ed]

==============================================================================

Section Cross References

    startup_n32wb03x.o(RESET) refers to startup_n32wb03x.o(STACK) for __initial_sp
    startup_n32wb03x.o(RESET) refers to startup_n32wb03x.o(.text) for Reset_Handler
    startup_n32wb03x.o(RESET) refers to app_usart.o(i.DMA_Channel1_2_3_4_IRQHandler) for DMA_Channel1_2_3_4_IRQHandler
    startup_n32wb03x.o(RESET) refers to app_usart.o(i.USART1_IRQHandler) for USART1_IRQHandler
    startup_n32wb03x.o(.text) refers to system_n32wb03x.o(i.SystemInit) for SystemInit
    startup_n32wb03x.o(.text) refers to entry.o(.ARM.Collect$$$$00000000) for __main
    system_n32wb03x.o(i.SystemCoreClockUpdate) refers to system_n32wb03x.o(.data) for .data
    system_n32wb03x.o(i.SystemGetMacAddr) refers to memcpya.o(.text) for __aeabi_memcpy
    system_n32wb03x.o(i.SystemGetMacAddr) refers to system_n32wb03x.o(.bss) for .bss
    system_n32wb03x.o(i.SystemGetMacAddr) refers to system_n32wb03x.o(.constdata) for .constdata
    system_n32wb03x.o(i.SystemGetUUID) refers to memcpya.o(.text) for __aeabi_memcpy
    system_n32wb03x.o(i.SystemGetUUID) refers to system_n32wb03x.o(.bss) for .bss
    system_n32wb03x.o(i.SystemGetUUID) refers to system_n32wb03x.o(.constdata) for .constdata
    system_n32wb03x.o(i.SystemInit) refers to memcpya.o(.text) for __aeabi_memcpy
    system_n32wb03x.o(i.SystemInit) refers to system_n32wb03x.o(.emb_text) for system_delay_cycles
    system_n32wb03x.o(i.SystemInit) refers to system_n32wb03x.o(.bss) for .bss
    system_n32wb03x.o(i.SystemInit) refers to system_n32wb03x.o(.constdata) for .constdata
    system_n32wb03x.o(i.SystemTrimValueGet) refers to memcpya.o(.text) for __aeabi_memcpy
    system_n32wb03x.o(i.SystemTrimValueGet) refers to system_n32wb03x.o(.bss) for .bss
    system_n32wb03x.o(i.SystemTrimValueGet) refers to system_n32wb03x.o(.constdata) for .constdata
    system_n32wb03x.o(i.SystemTrimValueRead) refers to memcpya.o(.text) for __aeabi_memcpy
    system_n32wb03x.o(i.SystemTrimValueRead) refers to system_n32wb03x.o(.constdata) for .constdata
    system_n32wb03x.o(i.system_delay_n_10us) refers to system_n32wb03x.o(.emb_text) for system_delay_cycles
    n32wb03x_adc.o(i.ADC_ConverValueToTemperature) refers to system_n32wb03x.o(i.SystemTrimValueGet) for SystemTrimValueGet
    n32wb03x_adc.o(i.ADC_ConverValueToTemperature) refers to ffltui.o(.text) for __aeabi_ui2f
    n32wb03x_adc.o(i.ADC_ConverValueToTemperature) refers to fadd.o(.text) for __aeabi_frsub
    n32wb03x_adc.o(i.ADC_ConverValueToTemperature) refers to f2d.o(.text) for __aeabi_f2d
    n32wb03x_adc.o(i.ADC_ConverValueToTemperature) refers to ddiv.o(.text) for __aeabi_ddiv
    n32wb03x_adc.o(i.ADC_ConverValueToTemperature) refers to dadd.o(.text) for __aeabi_dadd
    n32wb03x_adc.o(i.ADC_ConverValueToTemperature) refers to d2f.o(.text) for __aeabi_d2f
    n32wb03x_adc.o(i.ADC_ConverValueToVoltage) refers to system_n32wb03x.o(i.SystemTrimValueGet) for SystemTrimValueGet
    n32wb03x_adc.o(i.ADC_ConverValueToVoltage) refers to idiv.o(.text) for __aeabi_idivmod
    n32wb03x_adc.o(i.ADC_DeInit) refers to n32wb03x_rcc.o(i.RCC_EnableAHBPeriphReset) for RCC_EnableAHBPeriphReset
    n32wb03x_adc.o(i.ADC_DeInit) refers to n32wb03x_rcc.o(i.RCC_EnableAHBPeriphClk) for RCC_EnableAHBPeriphClk
    n32wb03x_gpio.o(i.GPIO_AFIOInitDefault) refers to n32wb03x_rcc.o(i.RCC_EnableAPB2PeriphReset) for RCC_EnableAPB2PeriphReset
    n32wb03x_gpio.o(i.GPIO_DeInit) refers to n32wb03x_rcc.o(i.RCC_EnableAPB2PeriphReset) for RCC_EnableAPB2PeriphReset
    n32wb03x_rcc.o(i.RCC_GetClocksFreqValue) refers to n32wb03x_rcc.o(.constdata) for .constdata
    n32wb03x_rcc.o(i.RCC_WaitHseStable) refers to n32wb03x_rcc.o(i.RCC_GetFlagStatus) for RCC_GetFlagStatus
    n32wb03x_rcc.o(i.RCC_WaitHsiStable) refers to n32wb03x_rcc.o(i.RCC_GetFlagStatus) for RCC_GetFlagStatus
    n32wb03x_tim.o(i.TIM_ConfigExtTrigAsClk) refers to n32wb03x_tim.o(i.ConfigTI1) for ConfigTI1
    n32wb03x_tim.o(i.TIM_ConfigExtTrigAsClk) refers to n32wb03x_tim.o(i.ConfigTI2) for ConfigTI2
    n32wb03x_tim.o(i.TIM_ConfigPwmIc) refers to n32wb03x_tim.o(i.ConfigTI2) for ConfigTI2
    n32wb03x_tim.o(i.TIM_ConfigPwmIc) refers to n32wb03x_tim.o(i.ConfigTI1) for ConfigTI1
    n32wb03x_tim.o(i.TIM_DeInit) refers to n32wb03x_rcc.o(i.RCC_EnableAPB2PeriphReset) for RCC_EnableAPB2PeriphReset
    n32wb03x_tim.o(i.TIM_DeInit) refers to n32wb03x_rcc.o(i.RCC_EnableAPB1PeriphReset) for RCC_EnableAPB1PeriphReset
    n32wb03x_tim.o(i.TIM_ICInit) refers to n32wb03x_tim.o(i.ConfigTI1) for ConfigTI1
    n32wb03x_tim.o(i.TIM_ICInit) refers to n32wb03x_tim.o(i.ConfigTI2) for ConfigTI2
    n32wb03x_usart.o(i.USART_DeInit) refers to n32wb03x_rcc.o(i.RCC_EnableAPB2PeriphReset) for RCC_EnableAPB2PeriphReset
    n32wb03x_usart.o(i.USART_DeInit) refers to n32wb03x_rcc.o(i.RCC_EnableAPB1PeriphReset) for RCC_EnableAPB1PeriphReset
[...]
    lld_res_list_peer_update                 0x00025b6d   Thumb Code     0  symbol_g15.obj ABSOLUTE
    lld_res_list_priv_mode_update            0x00025b89   Thumb Code     0  symbol_g15.obj ABSOLUTE
    lld_res_list_rem                         0x00025bad   Thumb Code     0  symbol_g15.obj ABSOLUTE
    lld_rpa_renew                            0x00025bc5   Thumb Code     0  symbol_g15.obj ABSOLUTE
    lld_rxdesc_check                         0x00025d1d   Thumb Code     0  symbol_g15.obj ABSOLUTE
    lld_rxdesc_free                          0x00025d49   Thumb Code     0  symbol_g15.obj ABSOLUTE
    lld_scan_create_sync                     0x00026071   Thumb Code     0  symbol_g15.obj ABSOLUTE
    lld_scan_create_sync_cancel              0x000260b9   Thumb Code     0  symbol_g15.obj ABSOLUTE
    lld_scan_end_ind_handler                 0x000261e9   Thumb Code     0  symbol_g15.obj ABSOLUTE
    lld_scan_init                            0x000266c5   Thumb Code     0  symbol_g15.obj ABSOLUTE
    lld_scan_params_update                   0x00026715   Thumb Code     0  symbol_g15.obj ABSOLUTE
    lld_scan_req_ind_handler                 0x000272c1   Thumb Code     0  symbol_g15.obj ABSOLUTE
    lld_scan_restart                         0x0002730d   Thumb Code     0  symbol_g15.obj ABSOLUTE
    lld_scan_start                           0x00027371   Thumb Code     0  symbol_g15.obj ABSOLUTE
    lld_scan_stop                            0x00027831   Thumb Code     0  symbol_g15.obj ABSOLUTE
    lld_sync_ch_map_update                   0x000279c5   Thumb Code     0  symbol_g15.obj ABSOLUTE
    lld_sync_cte_start                       0x00027a39   Thumb Code     0  symbol_g15.obj ABSOLUTE
    lld_sync_cte_stop                        0x00027a81   Thumb Code     0  symbol_g15.obj ABSOLUTE
    lld_sync_info_get                        0x00027ca5   Thumb Code     0  symbol_g15.obj ABSOLUTE
    lld_sync_init                            0x00027d31   Thumb Code     0  symbol_g15.obj ABSOLUTE
    lld_sync_start                           0x00028545   Thumb Code     0  symbol_g15.obj ABSOLUTE
    lld_sync_start_req_handler               0x00028701   Thumb Code     0  symbol_g15.obj ABSOLUTE
    lld_sync_stop                            0x000287e5   Thumb Code     0  symbol_g15.obj ABSOLUTE
    lld_test_end_ind_handler                 0x00028859   Thumb Code     0  symbol_g15.obj ABSOLUTE
    lld_test_init                            0x00028af9   Thumb Code     0  symbol_g15.obj ABSOLUTE
    lld_test_start                           0x00028b25   Thumb Code     0  symbol_g15.obj ABSOLUTE
    lld_test_stop                            0x00028fa1   Thumb Code     0  symbol_g15.obj ABSOLUTE
    lld_white_list_add                       0x00029059   Thumb Code     0  symbol_g15.obj ABSOLUTE
    lld_white_list_rem                       0x000290e1   Thumb Code     0  symbol_g15.obj ABSOLUTE
    llhwc_phy_initialization                 0x00029145   Thumb Code     0  symbol_g15.obj ABSOLUTE
    llhwc_phy_prerx                          0x00029315   Thumb Code     0  symbol_g15.obj ABSOLUTE
    llm_activity_free_get                    0x00029401   Thumb Code     0  symbol_g15.obj ABSOLUTE
    llm_adv_act_id_get                       0x00029459   Thumb Code     0  symbol_g15.obj ABSOLUTE
    llm_adv_hdl_to_id                        0x000294b5   Thumb Code     0  symbol_g15.obj ABSOLUTE
    llm_adv_set_id_get                       0x00029599   Thumb Code     0  symbol_g15.obj ABSOLUTE
    llm_ch_map_update                        0x00029705   Thumb Code     0  symbol_g15.obj ABSOLUTE
    llm_ch_map_update_ind_handler            0x00029845   Thumb Code     0  symbol_g15.obj ABSOLUTE
    llm_clk_acc_set                          0x000298b1   Thumb Code     0  symbol_g15.obj ABSOLUTE
    llm_cmd_cmp_send                         0x000298e1   Thumb Code     0  symbol_g15.obj ABSOLUTE
    llm_cmd_stat_send                        0x000298fd   Thumb Code     0  symbol_g15.obj ABSOLUTE
    llm_dev_list_empty_entry                 0x00029919   Thumb Code     0  symbol_g15.obj ABSOLUTE
    llm_dev_list_search                      0x0002993d   Thumb Code     0  symbol_g15.obj ABSOLUTE
    llm_hci_command_handler                  0x000299e9   Thumb Code     0  symbol_g15.obj ABSOLUTE
    llm_init                                 0x00029a1d   Thumb Code     0  symbol_g15.obj ABSOLUTE
    llm_is_dev_connected                     0x00029b91   Thumb Code     0  symbol_g15.obj ABSOLUTE
    llm_is_dev_synced                        0x00029be5   Thumb Code     0  symbol_g15.obj ABSOLUTE
    llm_le_evt_mask_check                    0x00029cd5   Thumb Code     0  symbol_g15.obj ABSOLUTE
    llm_le_features_get                      0x00029cf9   Thumb Code     0  symbol_g15.obj ABSOLUTE
    llm_link_disc                            0x00029d01   Thumb Code     0  symbol_g15.obj ABSOLUTE
    llm_master_ch_map_get                    0x00029ddd   Thumb Code     0  symbol_g15.obj ABSOLUTE
    llm_per_adv_sync                         0x00029e21   Thumb Code     0  symbol_g15.obj ABSOLUTE
    llm_plan_elt_get                         0x00029efd   Thumb Code     0  symbol_g15.obj ABSOLUTE
    llm_ral_get                              0x00029f4d   Thumb Code     0  symbol_g15.obj ABSOLUTE
    llm_ral_is_empty                         0x00029f55   Thumb Code     0  symbol_g15.obj ABSOLUTE
    llm_ral_search                           0x00029f7d   Thumb Code     0  symbol_g15.obj ABSOLUTE
    llm_rx_path_comp_get                     0x00029fd5   Thumb Code     0  symbol_g15.obj ABSOLUTE
    llm_scan_period_to_handler               0x00029fe1   Thumb Code     0  symbol_g15.obj ABSOLUTE
    llm_scan_sync_info_get                   0x0002a0e5   Thumb Code     0  symbol_g15.obj ABSOLUTE
    llm_tx_path_comp_get                     0x0002a155   Thumb Code     0  symbol_g15.obj ABSOLUTE
    lpuart_init                              0x0002a161   Thumb Code     0  symbol_g15.obj ABSOLUTE
    lpuart_send_array                        0x0002a215   Thumb Code     0  symbol_g15.obj ABSOLUTE
    notEqual256                              0x0002a3a9   Thumb Code     0  symbol_g15.obj ABSOLUTE
    phy_upd_proc_start                       0x0002a731   Thumb Code     0  symbol_g15.obj ABSOLUTE
    platform_reset                           0x0002a785   Thumb Code     0  symbol_g15.obj ABSOLUTE
    pmu_hck_config                           0x0002a7bd   Thumb Code     0  symbol_g15.obj ABSOLUTE
    recv_more_data                           0x0002aa05   Thumb Code     0  symbol_g15.obj ABSOLUTE
    reinit_params                            0x0002aa81   Thumb Code     0  symbol_g15.obj ABSOLUTE
    rf_init                                  0x0002aae1   Thumb Code     0  symbol_g15.obj ABSOLUTE
    rwble_hl_init                            0x0002ac85   Thumb Code     0  symbol_g15.obj ABSOLUTE
    rwble_init                               0x0002aca1   Thumb Code     0  symbol_g15.obj ABSOLUTE
    rwble_int_init                           0x0002acdd   Thumb Code     0  symbol_g15.obj ABSOLUTE
    rwble_isr                                0x0002ae31   Thumb Code     0  symbol_g15.obj ABSOLUTE
    rwip_active_check                        0x0002ae4d   Thumb Code     0  symbol_g15.obj ABSOLUTE
    rwip_aes_encrypt                         0x0002ae61   Thumb Code     0  symbol_g15.obj ABSOLUTE
    rwip_clockn_isr                          0x0002af21   Thumb Code     0  symbol_g15.obj ABSOLUTE
    rwip_crypt_isr                           0x0002afe5   Thumb Code     0  symbol_g15.obj ABSOLUTE
    rwip_driver_init                         0x0002b025   Thumb Code     0  symbol_g15.obj ABSOLUTE
    rwip_eif_get                             0x0002b16d   Thumb Code     0  symbol_g15.obj ABSOLUTE
    rwip_fifo_isr                            0x0002b17d   Thumb Code     0  symbol_g15.obj ABSOLUTE
    rwip_finetgt_isr                         0x0002b195   Thumb Code     0  symbol_g15.obj ABSOLUTE
    rwip_prevent_sleep_clear                 0x0002b2b5   Thumb Code     0  symbol_g15.obj ABSOLUTE
    rwip_prevent_sleep_set                   0x0002b2d1   Thumb Code     0  symbol_g15.obj ABSOLUTE
    rwip_schedule                            0x0002b3a1   Thumb Code     0  symbol_g15.obj ABSOLUTE
    rwip_sw_int_req                          0x0002b61d   Thumb Code     0  symbol_g15.obj ABSOLUTE
    rwip_sw_isr                              0x0002b63d   Thumb Code     0  symbol_g15.obj ABSOLUTE
    rwip_time_get                            0x0002b65d   Thumb Code     0  symbol_g15.obj ABSOLUTE
    rwip_timer_1ms_set                       0x0002b69d   Thumb Code     0  symbol_g15.obj ABSOLUTE
    rwip_timer_hs_set                        0x0002b6f1   Thumb Code     0  symbol_g15.obj ABSOLUTE
    rwip_timer_hus_set                       0x0002b721   Thumb Code     0  symbol_g15.obj ABSOLUTE
    rwip_timestamptgt1_isr                   0x0002b761   Thumb Code     0  symbol_g15.obj ABSOLUTE
    rwip_timestamptgt2_isr                   0x0002b78d   Thumb Code     0  symbol_g15.obj ABSOLUTE
    sch_alarm_init                           0x0002b7d5   Thumb Code     0  symbol_g15.obj ABSOLUTE
    sch_alarm_set                            0x0002b859   Thumb Code     0  symbol_g15.obj ABSOLUTE
    sch_alarm_timer_isr                      0x0002b8f1   Thumb Code     0  symbol_g15.obj ABSOLUTE
    sch_arb_elt_cancel                       0x0002ba25   Thumb Code     0  symbol_g15.obj ABSOLUTE
    sch_arb_event_start_isr                  0x0002bb29   Thumb Code     0  symbol_g15.obj ABSOLUTE
    sch_arb_init                             0x0002bbed   Thumb Code     0  symbol_g15.obj ABSOLUTE
    sch_arb_insert                           0x0002bc19   Thumb Code     0  symbol_g15.obj ABSOLUTE
    sch_arb_remove                           0x0002bec5   Thumb Code     0  symbol_g15.obj ABSOLUTE
    sch_arb_sw_isr                           0x0002bf29   Thumb Code     0  symbol_g15.obj ABSOLUTE
    sch_plan_chk                             0x0002bf5d   Thumb Code     0  symbol_g15.obj ABSOLUTE
    sch_plan_init                            0x0002bf6d   Thumb Code     0  symbol_g15.obj ABSOLUTE
    sch_plan_rem                             0x0002c231   Thumb Code     0  symbol_g15.obj ABSOLUTE
    sch_plan_req                             0x0002c241   Thumb Code     0  symbol_g15.obj ABSOLUTE
    sch_plan_set                             0x0002c30d   Thumb Code     0  symbol_g15.obj ABSOLUTE
    sch_prog_end_isr                         0x0002c381   Thumb Code     0  symbol_g15.obj ABSOLUTE
    sch_prog_fifo_isr                        0x0002c3ed   Thumb Code     0  symbol_g15.obj ABSOLUTE
    sch_prog_init                            0x0002c4d9   Thumb Code     0  symbol_g15.obj ABSOLUTE
    sch_prog_push                            0x0002c519   Thumb Code     0  symbol_g15.obj ABSOLUTE
    sch_prog_skip_isr                        0x0002c651   Thumb Code     0  symbol_g15.obj ABSOLUTE
    sch_slice_bg_add                         0x0002c6c5   Thumb Code     0  symbol_g15.obj ABSOLUTE
    sch_slice_bg_remove                      0x0002c6dd   Thumb Code     0  symbol_g15.obj ABSOLUTE
    sch_slice_compute                        0x0002c6f5   Thumb Code     0  symbol_g15.obj ABSOLUTE
    sch_slice_fg_add                         0x0002c7a1   Thumb Code     0  symbol_g15.obj ABSOLUTE
    sch_slice_fg_remove                      0x0002c7c1   Thumb Code     0  symbol_g15.obj ABSOLUTE
    sch_slice_init                           0x0002c7f1   Thumb Code     0  symbol_g15.obj ABSOLUTE
    sch_slice_per_add                        0x0002c835   Thumb Code     0  symbol_g15.obj ABSOLUTE
    sch_slice_per_remove                     0x0002c85d   Thumb Code     0  symbol_g15.obj ABSOLUTE
    sleep_condition_check                    0x0002c885   Thumb Code     0  symbol_g15.obj ABSOLUTE
    soft_flow_ctrl_init                      0x0002c91d   Thumb Code     0  symbol_g15.obj ABSOLUTE
    soft_flow_ctrl_tx_process                0x0002c969   Thumb Code     0  symbol_g15.obj ABSOLUTE
    specialModP256                           0x0002c9dd   Thumb Code     0  symbol_g15.obj ABSOLUTE
    spis_init                                0x0002cad5   Thumb Code     0  symbol_g15.obj ABSOLUTE
    stage_idle_irq_handler                   0x0002cb39   Thumb Code     0  symbol_g15.obj ABSOLUTE
    stage_idle_reset                         0x0002cbb5   Thumb Code     0  symbol_g15.obj ABSOLUTE
    stage_rx_irq_handler                     0x0002cc25   Thumb Code     0  symbol_g15.obj ABSOLUTE
    stage_tx_irq_handler                     0x0002cc41   Thumb Code     0  symbol_g15.obj ABSOLUTE
    stage_tx_len_irq_handler                 0x0002cd21   Thumb Code     0  symbol_g15.obj ABSOLUTE
    user_exe_operation                       0x0002cd89   Thumb Code     0  symbol_g15.obj ABSOLUTE
    user_prf_itf_get                         0x0002d011   Thumb Code     0  symbol_g15.obj ABSOLUTE
    utils_data_ready_off                     0x0002d045   Thumb Code     0  symbol_g15.obj ABSOLUTE
    utils_data_ready_on                      0x0002d055   Thumb Code     0  symbol_g15.obj ABSOLUTE
    utils_flow_off                           0x0002d085   Thumb Code     0  symbol_g15.obj ABSOLUTE
    utils_flow_on                            0x0002d0b1   Thumb Code     0  symbol_g15.obj ABSOLUTE
    utils_get_tx_len                         0x0002d0d9   Thumb Code     0  symbol_g15.obj ABSOLUTE
    utils_hci_cmd_check                      0x0002d121   Thumb Code     0  symbol_g15.obj ABSOLUTE
    utils_hci_cmd_reset                      0x0002d1b9   Thumb Code     0  symbol_g15.obj ABSOLUTE
    utils_io_init                            0x0002d22d   Thumb Code     0  symbol_g15.obj ABSOLUTE
    utils_io_sleep                           0x0002d289   Thumb Code     0  symbol_g15.obj ABSOLUTE
    utils_read                               0x0002d33d   Thumb Code     0  symbol_g15.obj ABSOLUTE
    utils_read_wakeup_stat                   0x0002d4c9   Thumb Code     0  symbol_g15.obj ABSOLUTE
    utils_wakeup_int_enable                  0x0002d4d9   Thumb Code     0  symbol_g15.obj ABSOLUTE
    utils_write                              0x0002d521   Thumb Code     0  symbol_g15.obj ABSOLUTE
    wakeup_irq_handler                       0x0002d691   Thumb Code     0  symbol_g15.obj ABSOLUTE
    one_bits                                 0x0002d740   Data           0  symbol_g15.obj ABSOLUTE
    co_sca2ppm                               0x0002d750   Data           0  symbol_g15.obj ABSOLUTE
    co_null_bdaddr                           0x0002d760   Data           0  symbol_g15.obj ABSOLUTE
    co_null_key                              0x0002d766   Data           0  symbol_g15.obj ABSOLUTE
    co_rate_to_phy                           0x0002d776   Data           0  symbol_g15.obj ABSOLUTE
    co_phy_to_rate                           0x0002d77b   Data           0  symbol_g15.obj ABSOLUTE
    co_phy_mask_to_value                     0x0002d77f   Data           0  symbol_g15.obj ABSOLUTE
    co_phy_value_to_mask                     0x0002d784   Data           0  symbol_g15.obj ABSOLUTE
    co_rate_to_phy_mask                      0x0002d788   Data           0  symbol_g15.obj ABSOLUTE
    co_phy_mask_to_rate                      0x0002d78c   Data           0  symbol_g15.obj ABSOLUTE
    rwip_priority                            0x0002d791   Data           0  symbol_g15.obj ABSOLUTE
    aes_cmac_zero                            0x0002d7a7   Data           0  symbol_g15.obj ABSOLUTE
    BasePoint_x_256                          0x0002d7b8   Data           0  symbol_g15.obj ABSOLUTE
    BasePoint_y_256                          0x0002d7d8   Data           0  symbol_g15.obj ABSOLUTE
    maxSecretKey_256                         0x0002d7f8   Data           0  symbol_g15.obj ABSOLUTE
    DebugE256PublicKey_x                     0x0002d818   Data           0  symbol_g15.obj ABSOLUTE
    DebugE256PublicKey_y                     0x0002d838   Data           0  symbol_g15.obj ABSOLUTE
    DebugE256SecretKey                       0x0002d858   Data           0  symbol_g15.obj ABSOLUTE
    coef_B                                   0x0002d878   Data           0  symbol_g15.obj ABSOLUTE
    bigHexP256                               0x0002d8a4   Data           0  symbol_g15.obj ABSOLUTE
    veryBigHexP256                           0x0002d8d0   Data           0  symbol_g15.obj ABSOLUTE
    ecc_Jacobian_InfinityPoint256            0x0002d920   Data           0  symbol_g15.obj ABSOLUTE
    ECC_4Win_Look_up_table                   0x0002d9a4   Data           0  symbol_g15.obj ABSOLUTE
    TASK_DESC_LLC                            0x0002e4bc   Data           0  symbol_g15.obj ABSOLUTE
    LLM_AA_CT2                               0x0002e4c8   Data           0  symbol_g15.obj ABSOLUTE
    LLM_AA_CT1                               0x0002e4ca   Data           0  symbol_g15.obj ABSOLUTE
    connect_req_dur_tab                      0x0002e4d0   Data           0  symbol_g15.obj ABSOLUTE
    byte_tx_time                             0x0002e4d8   Data           0  symbol_g15.obj ABSOLUTE
    fixed_tx_time                            0x0002e4e0   Data           0  symbol_g15.obj ABSOLUTE
    lld_init_max_aux_dur_tab                 0x0002e4e8   Data           0  symbol_g15.obj ABSOLUTE
    lld_scan_map_legacy_pdu_to_evt_type      0x0002e4f0   Data           0  symbol_g15.obj ABSOLUTE
    lld_scan_max_aux_dur_tab                 0x0002e4f8   Data           0  symbol_g15.obj ABSOLUTE
    lld_sync_max_aux_dur_tab                 0x0002e500   Data           0  symbol_g15.obj ABSOLUTE
    hci_cmd_desc_tab_lk_ctrl                 0x0002e8e4   Data           0  symbol_g15.obj ABSOLUTE
    hci_cmd_desc_tab_ctrl_bb                 0x0002e8fc   Data           0  symbol_g15.obj ABSOLUTE
    hci_cmd_desc_tab_info_par                0x0002e968   Data           0  symbol_g15.obj ABSOLUTE
    hci_cmd_desc_tab_stat_par                0x0002e998   Data           0  symbol_g15.obj ABSOLUTE
    hci_cmd_desc_tab_le                      0x0002e9a4   Data           0  symbol_g15.obj ABSOLUTE
    hci_cmd_desc_tab_vs                      0x0002ee0c   Data           0  symbol_g15.obj ABSOLUTE
    hci_cmd_desc_root_tab                    0x0002ee48   Data           0  symbol_g15.obj ABSOLUTE
    hci_evt_desc_tab                         0x0002ee78   Data           0  symbol_g15.obj ABSOLUTE
    hci_evt_le_desc_tab                      0x0002eec0   Data           0  symbol_g15.obj ABSOLUTE
    utils_api                                0x0002ef90   Data           0  symbol_g15.obj ABSOLUTE
    ambiq_speed_att_db_128                   0x0002f148   Data           0  symbol_g15.obj ABSOLUTE
    attc_handlers                            0x0002f3f8   Data           0  symbol_g15.obj ABSOLUTE
    atts_handlers                            0x0002f434   Data           0  symbol_g15.obj ABSOLUTE
    TASK_DESC_GATTC                          0x0002f514   Data           0  symbol_g15.obj ABSOLUTE
    TASK_DESC_GATTM                          0x0002f530   Data           0  symbol_g15.obj ABSOLUTE
    gapc_sig_handlers                        0x0002f62c   Data           0  symbol_g15.obj ABSOLUTE
    TASK_DESC_GAPC                           0x0002f7bc   Data           0  symbol_g15.obj ABSOLUTE
    TASK_DESC_GAPM                           0x0002fa08   Data           0  symbol_g15.obj ABSOLUTE
    l2cc_sig_handlers                        0x0002fb28   Data           0  symbol_g15.obj ABSOLUTE
    TASK_DESC_L2CC                           0x0002fb88   Data           0  symbol_g15.obj ABSOLUTE
    TASK_DESC_AHI                            0x0002fb9c   Data           0  symbol_g15.obj ABSOLUTE
    __Vectors                                0x01000000   Data           4  startup_n32wb03x.o(RESET)
    __Vectors_End                            0x010000c0   Data           0  startup_n32wb03x.o(RESET)
    __main                                   0x010000c1   Thumb Code     0  entry.o(.ARM.Collect$$$$00000000)
    _main_stk                                0x010000c1   Thumb Code     0  entry2.o(.ARM.Collect$$$$00000001)
    _main_scatterload                        0x010000c5   Thumb Code     0  entry5.o(.ARM.Collect$$$$00000004)
    __main_after_scatterload                 0x010000c9   Thumb Code     0  entry5.o(.ARM.Collect$$$$00000004)
    _main_clock                              0x010000c9   Thumb Code     0  entry7b.o(.ARM.Collect$$$$00000008)
    _main_cpp_init                           0x010000c9   Thumb Code     0  entry8b.o(.ARM.Collect$$$$0000000A)
    _main_init                               0x010000c9   Thumb Code     0  entry9a.o(.ARM.Collect$$$$0000000B)
    __rt_final_cpp                           0x010000d1   Thumb Code     0  entry10a.o(.ARM.Collect$$$$0000000D)
    __rt_final_exit                          0x010000d1   Thumb Code     0  entry11a.o(.ARM.Collect$$$$0000000F)
    __asm___17_system_n32wb03x_c_f233b82c____REV16 0x010000d5   Thumb Code     4  system_n32wb03x.o(.emb_text)
    __asm___17_system_n32wb03x_c_f233b82c____REVSH 0x010000d9   Thumb Code     4  system_n32wb03x.o(.emb_text)
    system_delay_cycles                      0x010000dd   Thumb Code     6  system_n32wb03x.o(.emb_text)
    Reset_Handler                            0x010000e5   Thumb Code     8  startup_n32wb03x.o(.text)
    NMI_Handler                              0x010000ed   Thumb Code     2  startup_n32wb03x.o(.text)
    HardFault_Handler                        0x010000ef   Thumb Code     2  startup_n32wb03x.o(.text)
    SVC_Handler                              0x010000f1   Thumb Code     2  startup_n32wb03x.o(.text)
    PendSV_Handler                           0x010000f3   Thumb Code     2  startup_n32wb03x.o(.text)
    SysTick_Handler                          0x010000f5   Thumb Code     2  startup_n32wb03x.o(.text)
    ADC_IRQHandler                           0x010000f7   Thumb Code     0  startup_n32wb03x.o(.text)
    BLE_CRYPT_IRQHandler                     0x010000f7   Thumb Code     0  startup_n32wb03x.o(.text)
    BLE_ERROR_IRQHandler                     0x010000f7   Thumb Code     0  startup_n32wb03x.o(.text)
    BLE_FIFO_IRQHandler                      0x010000f7   Thumb Code     0  startup_n32wb03x.o(.text)
    BLE_FINETGT_IRQHandler                   0x010000f7   Thumb Code     0  startup_n32wb03x.o(.text)
    BLE_HSLOT_IRQHandler                     0x010000f7   Thumb Code     0  startup_n32wb03x.o(.text)
    BLE_SLP_IRQHandler                       0x010000f7   Thumb Code     0  startup_n32wb03x.o(.text)
    BLE_SW_IRQHandler                        0x010000f7   Thumb Code     0  startup_n32wb03x.o(.text)
    BLE_TIMESTAMP_TGT1_IRQHandler            0x010000f7   Thumb Code     0  startup_n32wb03x.o(.text)
    BLE_TIMESTAMP_TGT2_IRQHandler            0x010000f7   Thumb Code     0  startup_n32wb03x.o(.text)
    DMA_Channel5_IRQHandler                  0x010000f7   Thumb Code     0  startup_n32wb03x.o(.text)
    EXTI0_1_IRQHandler                       0x010000f7   Thumb Code     0  startup_n32wb03x.o(.text)
    EXTI2_3_IRQHandler                       0x010000f7   Thumb Code     0  startup_n32wb03x.o(.text)
    EXTI4_12_IRQHandler                      0x010000f7   Thumb Code     0  startup_n32wb03x.o(.text)
    FLASH_IRQHandler                         0x010000f7   Thumb Code     0  startup_n32wb03x.o(.text)
    I2C1_IRQHandler                          0x010000f7   Thumb Code     0  startup_n32wb03x.o(.text)
    IRC_IRQHandler                           0x010000f7   Thumb Code     0  startup_n32wb03x.o(.text)
    KEYSCAN_IRQHandler                       0x010000f7   Thumb Code     0  startup_n32wb03x.o(.text)
    LPUART1_IRQHandler                       0x010000f7   Thumb Code     0  startup_n32wb03x.o(.text)
    RCC_IRQHandler                           0x010000f7   Thumb Code     0  startup_n32wb03x.o(.text)
    RESERVED_IRQHandler                      0x010000f7   Thumb Code     0  startup_n32wb03x.o(.text)
    RTC_IRQHandler                           0x010000f7   Thumb Code     0  startup_n32wb03x.o(.text)
    SPI1_IRQHandler                          0x010000f7   Thumb Code     0  startup_n32wb03x.o(.text)
    SPI2_IRQHandler                          0x010000f7   Thumb Code     0  startup_n32wb03x.o(.text)
    TIM1_BRK_UP_TRG_COM_IRQHandler           0x010000f7   Thumb Code     0  startup_n32wb03x.o(.text)
    TIM1_CC_IRQHandler                       0x010000f7   Thumb Code     0  startup_n32wb03x.o(.text)
    TIM3_IRQHandler                          0x010000f7   Thumb Code     0  startup_n32wb03x.o(.text)
    TIM6_IRQHandler                          0x010000f7   Thumb Code     0  startup_n32wb03x.o(.text)
    USART2_IRQHandler                        0x010000f7   Thumb Code     0  startup_n32wb03x.o(.text)
    WWDG_IRQHandler                          0x010000f7   Thumb Code     0  startup_n32wb03x.o(.text)
    __aeabi_uidiv                            0x01000101   Thumb Code     0  uidiv.o(.text)
    __aeabi_uidivmod                         0x01000101   Thumb Code    44  uidiv.o(.text)
    rand                                     0x0100012d   Thumb Code    18  rand.o(.text)
    srand                                    0x0100013f   Thumb Code     6  rand.o(.text)
    __aeabi_memcpy                           0x01000151   Thumb Code    36  memcpya.o(.text)
    __aeabi_memcpy4                          0x01000151   Thumb Code     0  memcpya.o(.text)
    __aeabi_memcpy8                          0x01000151   Thumb Code     0  memcpya.o(.text)
    __aeabi_memset                           0x01000175   Thumb Code    14  memseta.o(.text)
    __aeabi_memset4                          0x01000175   Thumb Code     0  memseta.o(.text)
    __aeabi_memset8                          0x01000175   Thumb Code     0  memseta.o(.text)
    __aeabi_memclr                           0x01000183   Thumb Code     4  memseta.o(.text)
    __aeabi_memclr4                          0x01000183   Thumb Code     0  memseta.o(.text)
    __aeabi_memclr8                          0x01000183   Thumb Code     0  memseta.o(.text)
    _memset$wrapper                          0x01000187   Thumb Code    18  memseta.o(.text)
    memcmp                                   0x01000199   Thumb Code    26  memcmp.o(.text)
    __aeabi_fmul                             0x010001b3   Thumb Code   122  fmul.o(.text)
    __aeabi_fdiv                             0x0100022d   Thumb Code   124  fdiv.o(.text)
    __aeabi_ui2f                             0x010002a9   Thumb Code    14  ffltui.o(.text)
    __aeabi_f2uiz                            0x010002b7   Thumb Code    40  ffixui.o(.text)
    __aeabi_uldivmod                         0x010002df   Thumb Code    96  uldiv.o(.text)
    __aeabi_llsl                             0x0100033f   Thumb Code    32  llshl.o(.text)
    _ll_shift_l                              0x0100033f   Thumb Code     0  llshl.o(.text)
    __I$use$fp                               0x0100035f   Thumb Code     0  iusefp.o(.text)
    _float_round                             0x0100035f   Thumb Code    16  fepilogue.o(.text)
    _float_epilogue                          0x0100036f   Thumb Code   114  fepilogue.o(.text)
    __scatterload                            0x010003e1   Thumb Code    28  init.o(.text)
    __scatterload_rt2                        0x010003e1   Thumb Code     0  init.o(.text)
    __aeabi_llsr                             0x01000405   Thumb Code    34  llushr.o(.text)
    _ll_ushift_r                             0x01000405   Thumb Code     0  llushr.o(.text)
    __decompress                             0x01000427   Thumb Code     0  __dczerorl2.o(.text)
    __decompress1                            0x01000427   Thumb Code    86  __dczerorl2.o(.text)
    Long Thumb to Thumb Veneer to __ARM_common_memcpy1_6 0x0100047d   Thumb Code    12  anon$$obj.o(Veneer$$Code)
    Long Thumb to Thumb Veneer to attmdb_get_attribute 0x01000489   Thumb Code    12  anon$$obj.o(Veneer$$Code)
    Long Thumb to Thumb Veneer to attm_svc_create_db 0x01000495   Thumb Code    12  anon$$obj.o(Veneer$$Code)
    Long Thumb to Thumb Veneer to EXTI_PA11_Configuration 0x010004a1   Thumb Code    12  anon$$obj.o(Veneer$$Code)
    Long Thumb to Thumb Veneer to __ARM_common_memcpy1_8 0x010004ad   Thumb Code    12  anon$$obj.o(Veneer$$Code)
    Long Thumb to Thumb Veneer to attmdb_att_get_permission 0x010004b9   Thumb Code    12  anon$$obj.o(Veneer$$Code)
    Long Thumb to Thumb Veneer to attm_svc_create_db_128 0x010004c5   Thumb Code    12  anon$$obj.o(Veneer$$Code)
    Long Thumb to Thumb Veneer to ahi_init   0x010004d1   Thumb Code    12  anon$$obj.o(Veneer$$Code)
    DMA_Channel1_2_3_4_IRQHandler            0x010004dd   Thumb Code    90  app_usart.o(i.DMA_Channel1_2_3_4_IRQHandler)
    DMA_ClearFlag                            0x01000545   Thumb Code     4  n32wb03x_dma.o(i.DMA_ClearFlag)
    DMA_ConfigInt                            0x01000549   Thumb Code    16  n32wb03x_dma.o(i.DMA_ConfigInt)
    DMA_Configuration                        0x01000559   Thumb Code   116  app_usart.o(i.DMA_Configuration)
    DMA_DeInit                               0x010005e1   Thumb Code   106  n32wb03x_dma.o(i.DMA_DeInit)
    DMA_EnableChannel                        0x01000669   Thumb Code    20  n32wb03x_dma.o(i.DMA_EnableChannel)
    DMA_GetCurrDataCounter                   0x01000681   Thumb Code     6  n32wb03x_dma.o(i.DMA_GetCurrDataCounter)
    DMA_GetFlagStatus                        0x01000687   Thumb Code    14  n32wb03x_dma.o(i.DMA_GetFlagStatus)
    DMA_Init                                 0x01000695   Thumb Code    58  n32wb03x_dma.o(i.DMA_Init)
    DMA_RequestRemap                         0x010006d5   Thumb Code    14  n32wb03x_dma.o(i.DMA_RequestRemap)
    EXTI_ClrITPendBit                        0x010006e5   Thumb Code     6  n32wb03x_exti.o(i.EXTI_ClrITPendBit)
    EXTI_GetITStatus                         0x010006f1   Thumb Code    24  n32wb03x_exti.o(i.EXTI_GetITStatus)
    EXTI_InitPeripheral                      0x0100070d   Thumb Code   108  n32wb03x_exti.o(i.EXTI_InitPeripheral)
    GPIO_InitPeripheral                      0x0100077d   Thumb Code   184  n32wb03x_gpio.o(i.GPIO_InitPeripheral)
    GPIO_InitStruct                          0x01000835   Thumb Code    22  n32wb03x_gpio.o(i.GPIO_InitStruct)
    GPIO_ResetBits                           0x01000851   Thumb Code     4  n32wb03x_gpio.o(i.GPIO_ResetBits)
    GPIO_SetBits                             0x01000855   Thumb Code     4  n32wb03x_gpio.o(i.GPIO_SetBits)
    LPUART_ClrFlag                           0x01000859   Thumb Code     4  n32wb03x_lpuart.o(i.LPUART_ClrFlag)
    LPUART_DeInit                            0x0100085d   Thumb Code    24  n32wb03x_lpuart.o(i.LPUART_DeInit)
    LPUART_GetFlagStatus                     0x0100087d   Thumb Code    14  n32wb03x_lpuart.o(i.LPUART_GetFlagStatus)
    LPUART_Init                              0x0100088d   Thumb Code   192  n32wb03x_lpuart.o(i.LPUART_Init)
    LPUART_SendData                          0x0100095d   Thumb Code     4  n32wb03x_lpuart.o(i.LPUART_SendData)
    LedInit                                  0x01000961   Thumb Code    64  app_gpio.o(i.LedInit)
    LedOff                                   0x010009ad   Thumb Code     8  app_gpio.o(i.LedOff)
    LedOn                                    0x010009b5   Thumb Code     8  app_gpio.o(i.LedOn)
    NVIC_Init                                0x010009bd   Thumb Code   102  misc.o(i.NVIC_Init)
    Qflash_Erase_Sector                      0x01000a35   Thumb Code    30  n32wb03x_qflash.o(i.Qflash_Erase_Sector)
    Qflash_Init                              0x01000a59   Thumb Code    16  n32wb03x_qflash.o(i.Qflash_Init)
    Qflash_Write                             0x01000a79   Thumb Code    30  n32wb03x_qflash.o(i.Qflash_Write)
    RCC_ConfigLpuartClk                      0x01000a9d   Thumb Code    24  n32wb03x_rcc.o(i.RCC_ConfigLpuartClk)
    RCC_EnableAHBPeriphClk                   0x01000ab9   Thumb Code    18  n32wb03x_rcc.o(i.RCC_EnableAHBPeriphClk)
    RCC_EnableAPB2PeriphClk                  0x01000ad1   Thumb Code    18  n32wb03x_rcc.o(i.RCC_EnableAPB2PeriphClk)
    RCC_EnableLpuartClk                      0x01000ae9   Thumb Code    20  n32wb03x_rcc.o(i.RCC_EnableLpuartClk)
    RCC_GetClocksFreqValue                   0x01000b01   Thumb Code    90  n32wb03x_rcc.o(i.RCC_GetClocksFreqValue)
    RCC_GetLpuartClkSrc                      0x01000b75   Thumb Code    10  n32wb03x_rcc.o(i.RCC_GetLpuartClkSrc)
    SystemGetMacAddr                         0x01000b89   Thumb Code    68  system_n32wb03x.o(i.SystemGetMacAddr)
    SystemInit                               0x01000bd9   Thumb Code   340  system_n32wb03x.o(i.SystemInit)
    USART1_IRQHandler                        0x01000d55   Thumb Code    24  app_usart.o(i.USART1_IRQHandler)
    USART_ConfigInt                          0x01000d71   Thumb Code    50  n32wb03x_usart.o(i.USART_ConfigInt)
    USART_Enable                             0x01000da5   Thumb Code    22  n32wb03x_usart.o(i.USART_Enable)
    USART_EnableDMA                          0x01000dc1   Thumb Code    16  n32wb03x_usart.o(i.USART_EnableDMA)
    USART_GetFlagStatus                      0x01000dd1   Thumb Code    14  n32wb03x_usart.o(i.USART_GetFlagStatus)
    USART_Init                               0x01000de1   Thumb Code   120  n32wb03x_usart.o(i.USART_Init)
    __0printf$8                              0x01000e69   Thumb Code    24  printf8.o(i.__0printf$8)
    __1printf$8                              0x01000e69   Thumb Code     0  printf8.o(i.__0printf$8)
    __2printf                                0x01000e69   Thumb Code     0  printf8.o(i.__0printf$8)
    app_ble_adv_init                         0x010012fd   Thumb Code    90  app_ble.o(i.app_ble_adv_init)
    app_ble_adv_msg_handler                  0x01001371   Thumb Code     2  app_ble.o(i.app_ble_adv_msg_handler)
    app_ble_gap_params_init                  0x01001375   Thumb Code   118  app_ble.o(i.app_ble_gap_params_init)
    app_ble_init                             0x01001405   Thumb Code    60  app_ble.o(i.app_ble_init)
    app_ble_msg_handler                      0x01001451   Thumb Code    62  app_ble.o(i.app_ble_msg_handler)
    app_ble_sec_init                         0x010014a9   Thumb Code    70  app_ble.o(i.app_ble_sec_init)
    app_dis_add_dis                          0x010015f1   Thumb Code    74  app_dis.o(i.app_dis_add_dis)
    app_entry_point_handler                  0x0100164d   Thumb Code   238  ns_ble_task.o(i.app_entry_point_handler)
    app_rdtss_add_rdts                       0x010017fd   Thumb Code    82  app_rdtss.o(i.app_rdtss_add_rdts)
    app_sleep_prepare_proc                   0x0100199d   Thumb Code     2  main.o(i.app_sleep_prepare_proc)
    app_sleep_resume_proc                    0x0100199f   Thumb Code     2  main.o(i.app_sleep_resume_proc)
    app_usart_configuration                  0x01001a11   Thumb Code   192  app_usart.o(i.app_usart_configuration)
    app_usart_dma_enable                     0x01001ae5   Thumb Code    90  app_usart.o(i.app_usart_dma_enable)
    app_usart_rx_data_fifo_enter             0x01001b55   Thumb Code   144  app_usart.o(i.app_usart_rx_data_fifo_enter)
    app_usart_tx_fifo_enter                  0x01001c01   Thumb Code   152  app_usart.o(i.app_usart_tx_fifo_enter)
    app_usart_tx_process                     0x01001cb5   Thumb Code    58  app_usart.o(i.app_usart_tx_process)
    app_user_msg_handler                     0x01001cf9   Thumb Code    14  app_ble.o(i.app_user_msg_handler)
    attm_att_set_value                       0x01001d0d   Thumb Code   172  lib_att.o(i.attm_att_set_value)
    check_client_char_cfg                    0x01001dcd   Thumb Code    42  rdts_common.o(i.check_client_char_cfg)
    diss_check_val_len                       0x01001df7   Thumb Code    42  diss.o(i.diss_check_val_len)
    diss_handle_to_value                     0x01001e63   Thumb Code    52  diss.o(i.diss_handle_to_value)
    diss_prf_itf_get                         0x01001f39   Thumb Code     4  diss.o(i.diss_prf_itf_get)
    diss_task_init                           0x01001fdd   Thumb Code    28  diss_task.o(i.diss_task_init)
    diss_value_to_handle                     0x01002139   Thumb Code    58  diss.o(i.diss_value_to_handle)
    entry_sleep                              0x01002175   Thumb Code   104  ns_sleep.o(i.entry_sleep)
    fputc                                    0x010021f5   Thumb Code    54  ns_log_lpuart.o(i.fputc)
    get_cfg_handle                           0x010032dd   Thumb Code    98  rdts_common.o(i.get_cfg_handle)
    get_value_handle                         0x01003349   Thumb Code    78  rdts_common.o(i.get_value_handle)
    llhwc_modem_setmode                      0x0100339d   Thumb Code    44  rwip_driver.o(i.llhwc_modem_setmode)
    llhwc_phy_prerx_flash                    0x010033cd   Thumb Code   146  rwip_driver.o(i.llhwc_phy_prerx_flash)
    main                                     0x01003559   Thumb Code    84  main.o(i.main)
    ns_EXTI4_12_IRQHandler                   0x010035f5   Thumb Code    80  ns_ble.o(i.ns_EXTI4_12_IRQHandler)
    ns_HardFault_Handler                     0x0100366d   Thumb Code    96  ns_ble.o(i.ns_HardFault_Handler)
    ns_ble_add_prf_func_register             0x010037ad   Thumb Code    28  ns_ble.o(i.ns_ble_add_prf_func_register)
    ns_ble_add_svc                           0x010037cd   Thumb Code    34  ns_ble.o(i.ns_ble_add_svc)
    ns_ble_adv_fsm_next                      0x010037f9   Thumb Code   188  ns_ble.o(i.ns_ble_adv_fsm_next)
    ns_ble_adv_init                          0x010038c5   Thumb Code    52  ns_ble.o(i.ns_ble_adv_init)
    ns_ble_adv_start                         0x01003905   Thumb Code    72  ns_ble.o(i.ns_ble_adv_start)
    ns_ble_adv_stop                          0x01003955   Thumb Code    66  ns_ble.o(i.ns_ble_adv_stop)
    ns_ble_delete_init                       0x010039a1   Thumb Code    40  ns_ble.o(i.ns_ble_delete_init)
    ns_ble_delete_scan                       0x010039d5   Thumb Code    40  ns_ble.o(i.ns_ble_delete_scan)
    ns_ble_disconnect                        0x01003a09   Thumb Code    34  ns_ble.o(i.ns_ble_disconnect)
    ns_ble_gap_init                          0x01003a35   Thumb Code    70  ns_ble.o(i.ns_ble_gap_init)
    ns_ble_get_connection_num                0x01003aa1   Thumb Code    32  ns_ble.o(i.ns_ble_get_connection_num)
    ns_ble_list_set_ral                      0x01003ac5   Thumb Code    76  ns_ble.o(i.ns_ble_list_set_ral)
    ns_ble_lsc_config                        0x01003b15   Thumb Code   110  ns_ble.o(i.ns_ble_lsc_config)
    ns_ble_prf_task_register                 0x01003b99   Thumb Code    34  ns_ble.o(i.ns_ble_prf_task_register)
    ns_ble_scan_data_find                    0x01003bc1   Thumb Code    72  ns_ble.o(i.ns_ble_scan_data_find)
    ns_ble_stack_init                        0x01003c09   Thumb Code   432  ns_ble.o(i.ns_ble_stack_init)
    ns_ble_start_init                        0x01003e41   Thumb Code   188  ns_ble.o(i.ns_ble_start_init)
    ns_ble_start_scan                        0x01003f15   Thumb Code   170  ns_ble.o(i.ns_ble_start_scan)
    ns_ble_stop_scan                         0x01003fd5   Thumb Code    30  ns_ble.o(i.ns_ble_stop_scan)
    ns_ble_update_param                      0x01003ffd   Thumb Code   128  ns_ble.o(i.ns_ble_update_param)
    ns_bond_last_bonded_peer_id              0x010040d1   Thumb Code    60  ns_sec.o(i.ns_bond_last_bonded_peer_id)
    ns_bond_last_bonded_ral_info             0x01004111   Thumb Code   104  ns_sec.o(i.ns_bond_last_bonded_ral_info)
    ns_log_lpuart_init                       0x01004185   Thumb Code    92  ns_log_lpuart.o(i.ns_log_lpuart_init)
    ns_sec_bond_store_evt_handler            0x010041e9   Thumb Code   284  ns_sec.o(i.ns_sec_bond_store_evt_handler)
    ns_sec_get_bond_status                   0x01004341   Thumb Code     6  ns_sec.o(i.ns_sec_get_bond_status)
    ns_sec_get_iocap                         0x0100434d   Thumb Code     6  ns_sec.o(i.ns_sec_get_iocap)
    ns_sec_init                              0x01004359   Thumb Code    94  ns_sec.o(i.ns_sec_init)
    ns_sleep                                 0x010043c1   Thumb Code   166  ns_sleep.o(i.ns_sleep)
    ns_sleep_lock_acquire                    0x01004479   Thumb Code    20  ns_sleep.o(i.ns_sleep_lock_acquire)
    ns_sleep_lock_release                    0x01004491   Thumb Code    16  ns_sleep.o(i.ns_sleep_lock_release)
    ns_timer_api_process_handler             0x010044a5   Thumb Code   166  ns_timer.o(i.ns_timer_api_process_handler)
    prf_add_profile                          0x0100456d   Thumb Code   132  prf.o(i.prf_add_profile)
    prf_dst_task_get                         0x010045f5   Thumb Code    16  prf.o(i.prf_dst_task_get)
    prf_env_get                              0x01004605   Thumb Code    44  prf.o(i.prf_env_get)
    prf_get_id_from_task                     0x01004635   Thumb Code    50  prf.o(i.prf_get_id_from_task)
    prf_get_itf_func_register                0x0100466d   Thumb Code    34  prf.o(i.prf_get_itf_func_register)
    prf_get_task_from_id                     0x01004695   Thumb Code    50  prf.o(i.prf_get_task_from_id)
    prf_init                                 0x010046cd   Thumb Code   170  prf.o(i.prf_init)
    prf_src_task_get                         0x010047b1   Thumb Code    16  prf.o(i.prf_src_task_get)
    rdtss_get_att_handle                     0x01004a41   Thumb Code    28  rdts_common.o(i.rdtss_get_att_handle)
    rdtss_get_att_idx                        0x01004a5d   Thumb Code    40  rdts_common.o(i.rdtss_get_att_idx)
    rdtss_init_ccc_values                    0x01004b1d   Thumb Code   160  rdtss_task.o(i.rdtss_init_ccc_values)
    rdtss_prf_itf_get                        0x01004bc1   Thumb Code     4  rdtss.o(i.rdtss_prf_itf_get)
    rdtss_send_notify                        0x01004bc9   Thumb Code    62  app_rdtss.o(i.rdtss_send_notify)
    rdtss_set_ccc_value                      0x01004c11   Thumb Code    72  rdtss_task.o(i.rdtss_set_ccc_value)
    rdtss_task_init                          0x01004c59   Thumb Code    28  rdtss_task.o(i.rdtss_task_init)
    rwip_init                                0x01004e3d   Thumb Code   172  rwip.o(i.rwip_init)
    rwip_sleep                               0x01004f1d   Thumb Code   260  rwip_driver.o(i.rwip_sleep)
    rwip_slp_isr                             0x01005049   Thumb Code   178  rwip_driver.o(i.rwip_slp_isr)
    usart_forward_to_ble_loop                0x0100512d   Thumb Code    70  app_usart.o(i.usart_forward_to_ble_loop)
    usart_rx_check_in_irq                    0x0100517d   Thumb Code    70  app_usart.o(i.usart_rx_check_in_irq)
    usart_tx_dma_send                        0x010051d1   Thumb Code    78  app_usart.o(i.usart_tx_dma_send)
    TRIM_READ_CMD_CODE                       0x0100522c   Data         320  system_n32wb03x.o(.constdata)
    diss_att_db                              0x01005398   Data         152  diss.o(.constdata)
    diss_itf                                 0x01005430   Data          16  diss.o(.constdata)
    rdtss_itf                                0x01005458   Data          16  rdtss.o(.constdata)
    app_sec_msg_handler_list                 0x010054b0   Data          40  ns_sec.o(.constdata)
    app_sec_handlers                         0x010054d8   Data           8  ns_sec.o(.constdata)
    TASK_DESC_APP_M                          0x0100567c   Data          12  ns_ble_task.o(.constdata)
    app_dis_msg_handler_list                 0x01005688   Data           8  app_dis.o(.constdata)
    app_dis_handlers                         0x01005690   Data           8  app_dis.o(.constdata)
    app_rdtss_handlers                       0x01005698   Data           8  app_rdtss.o(.constdata)
    app_rdts_svc_uuid                        0x010056a0   Data          16  app_rdtss.o(.constdata)
    app_rdts_att_db                          0x010056b0   Data         154  app_rdtss.o(.constdata)
    app_rdtss_msg_handler_list               0x0100574c   Data          24  app_rdtss.o(.constdata)
    Region$$Table$$Base                      0x01005764   Number         0  anon$$obj.o(Region$$Table)
    Region$$Table$$Limit                     0x01005784   Number         0  anon$$obj.o(Region$$Table)
    rwip_rst_state                           0x20000000   Data           0  symbol_g15.obj ABSOLUTE
    ecc_env                                  0x20000004   Data           0  symbol_g15.obj ABSOLUTE
    aa_gen                                   0x20000010   Data           0  symbol_g15.obj ABSOLUTE
    lld_exp_sync_pos_tab                     0x20000018   Data           0  symbol_g15.obj ABSOLUTE
    sch_slice_params                         0x2000004c   Data           0  symbol_g15.obj ABSOLUTE
    hci_ext_host                             0x20000054   Data           0  symbol_g15.obj ABSOLUTE
    g_modem_flag                             0x20000060   Data           0  symbol_g15.obj ABSOLUTE
    g_clock_src                              0x20000061   Data           0  symbol_g15.obj ABSOLUTE
    g_hci_transport_onff                     0x20000062   Data           0  symbol_g15.obj ABSOLUTE
    g_delay_div_param                        0x20000063   Data           0  symbol_g15.obj ABSOLUTE
    g_delay_us_div_param                     0x20000064   Data           0  symbol_g15.obj ABSOLUTE
    g_loop_test                              0x20000065   Data           0  symbol_g15.obj ABSOLUTE
    g_ota_test                               0x20000066   Data           0  symbol_g15.obj ABSOLUTE
    g_ota_test_mtu_247_dle                   0x20000067   Data           0  symbol_g15.obj ABSOLUTE
    g_cal_hsi_cnt_value                      0x20000068   Data           0  symbol_g15.obj ABSOLUTE
    g_system_hsi_clk                         0x2000006c   Data           0  symbol_g15.obj ABSOLUTE
    g_user_set_stack_start                   0x20000070   Data           0  symbol_g15.obj ABSOLUTE
    g_rwip_patch_addr                        0x20000074   Data           0  symbol_g15.obj ABSOLUTE
    g_phy_2mbps_support                      0x20000078   Data           0  symbol_g15.obj ABSOLUTE
    g_auto_start_data_length_req             0x20000079   Data           0  symbol_g15.obj ABSOLUTE
    g_sleep_sleep_enable                     0x2000007a   Data           0  symbol_g15.obj ABSOLUTE
    g_status_io_stat                         0x2000007b   Data           0  symbol_g15.obj ABSOLUTE
    g_timeoutcnt                             0x2000007c   Data           0  symbol_g15.obj ABSOLUTE
    g_sleep_status_flag                      0x20000080   Data           0  symbol_g15.obj ABSOLUTE
    g_lsi_count_n_syscle                     0x20000084   Data           0  symbol_g15.obj ABSOLUTE
    g_lsi_accuracy                           0x20000088   Data           0  symbol_g15.obj ABSOLUTE
    g_lsi_1_syscle_cal_value                 0x2000008c   Data           0  symbol_g15.obj ABSOLUTE
    g_lsi_1_syscle_cnt_value                 0x20000090   Data           0  symbol_g15.obj ABSOLUTE
    g_recalib_hsi_flag                       0x20000094   Data           0  symbol_g15.obj ABSOLUTE
    g_hsi_accuracy                           0x20000098   Data           0  symbol_g15.obj ABSOLUTE
    g_hci_transport_type                     0x2000009c   Data           0  symbol_g15.obj ABSOLUTE
    g_hci_transport_process                  0x2000009d   Data           0  symbol_g15.obj ABSOLUTE
    acl_flow_ctrl_num                        0x2000009e   Data           0  symbol_g15.obj ABSOLUTE
    acl_flow_ctrl                            0x2000009f   Data           0  symbol_g15.obj ABSOLUTE
    g_acl_tx_sch_interval                    0x200000a0   Data           0  symbol_g15.obj ABSOLUTE
    dma_recv_data_time_window_size           0x200000a4   Data           0  symbol_g15.obj ABSOLUTE
    g_length_2_data_intv                     0x200000a8   Data           0  symbol_g15.obj ABSOLUTE
    g_soft_flow_tx_dummy                     0x200000ac   Data           0  symbol_g15.obj ABSOLUTE
    g_soft_flow_rx_len                       0x200000b0   Data           0  symbol_g15.obj ABSOLUTE
    g_hci_ch_type                            0x200000b2   Data           0  symbol_g15.obj ABSOLUTE
    g_uart_bps                               0x200000b4   Data           0  symbol_g15.obj ABSOLUTE
    g_uart_irq_wakeup_time                   0x200000b8   Data           0  symbol_g15.obj ABSOLUTE
    g_spi_data_ready_2_irq_rise              0x200000bc   Data           0  symbol_g15.obj ABSOLUTE
    g_lpclk_drift                            0x200000c0   Data           0  symbol_g15.obj ABSOLUTE
    g_rc32k_trim                             0x200000c4   Data           0  symbol_g15.obj ABSOLUTE
    g_sch_prog_fifo_iar_branch               0x200000c6   Data           0  symbol_g15.obj ABSOLUTE
    g_sch_arb_insert_branch                  0x200000c7   Data           0  symbol_g15.obj ABSOLUTE
    g_le_coded_phy_500                       0x200000c8   Data           0  symbol_g15.obj ABSOLUTE
    g_app_init_branch                        0x200000c9   Data           0  symbol_g15.obj ABSOLUTE
    g_adv_intv                               0x200000ca   Data           0  symbol_g15.obj ABSOLUTE
    g_twrm                                   0x200000d2   Data           0  symbol_g15.obj ABSOLUTE
    g_twosc                                  0x200000d4   Data           0  symbol_g15.obj ABSOLUTE
    g_twext                                  0x200000d6   Data           0  symbol_g15.obj ABSOLUTE
    rwip_prog_delay                          0x200000d8   Data           0  symbol_g15.obj ABSOLUTE
    g_ramcode_work_flag                      0x200000d9   Data           0  symbol_g15.obj ABSOLUTE
    prf_add_profile_ptr                      0x200000dc   Data           0  symbol_g15.obj ABSOLUTE
    prf_get_task_from_id_ptr                 0x200000e0   Data           0  symbol_g15.obj ABSOLUTE
    prf_get_id_from_task_ptr                 0x200000e4   Data           0  symbol_g15.obj ABSOLUTE
    g_co_default_bdaddr                      0x200000fc   Data           0  symbol_g15.obj ABSOLUTE
    BLE_NORMAL_WIN_SIZE                      0x20000102   Data           0  symbol_g15.obj ABSOLUTE
    BLE_RX_DESC_NB                           0x20000103   Data           0  symbol_g15.obj ABSOLUTE
    RWIP_MINIMUM_SLEEP_TIME                  0x20000104   Data           0  symbol_g15.obj ABSOLUTE
    SCH_SCAN_EVT_DUR_DFT                     0x20000106   Data           0  symbol_g15.obj ABSOLUTE
    llm_local_le_feats                       0x20000108   Data           0  symbol_g15.obj ABSOLUTE
    g_attr_table                             0x20000110   Data           0  symbol_g15.obj ABSOLUTE
    ATTR_TABLE_LENGTH                        0x20000114   Data           0  symbol_g15.obj ABSOLUTE
    g_rwip_heap_env                          0x20000118   Data           0  symbol_g15.obj ABSOLUTE
    g_rwip_heap_env_size                     0x2000011c   Data           0  symbol_g15.obj ABSOLUTE
    g_rwip_heap_db                           0x20000120   Data           0  symbol_g15.obj ABSOLUTE
    g_rwip_heap_db_size                      0x20000124   Data           0  symbol_g15.obj ABSOLUTE
    g_rwip_heap_non_ret                      0x20000128   Data           0  symbol_g15.obj ABSOLUTE
    g_rwip_heap_non_ret_size                 0x2000012c   Data           0  symbol_g15.obj ABSOLUTE
    g_rwip_heap_msg                          0x20000130   Data           0  symbol_g15.obj ABSOLUTE
    g_rwip_heap_msg_size                     0x20000134   Data           0  symbol_g15.obj ABSOLUTE
    utils_recv_buf_ptr                       0x20000138   Data           0  symbol_g15.obj ABSOLUTE
    utils_max_buf_len                        0x2000013c   Data           0  symbol_g15.obj ABSOLUTE
    g_soft_flow_tx_buf                       0x20000140   Data           0  symbol_g15.obj ABSOLUTE
    g_soft_flow_tx_len                       0x20000144   Data           0  symbol_g15.obj ABSOLUTE
    g_app_tx_buf_ptr                         0x20000148   Data           0  symbol_g15.obj ABSOLUTE
    g_app_tx_buf_len                         0x2000014c   Data           0  symbol_g15.obj ABSOLUTE
    g_app_bone_table_ptr                     0x20000150   Data           0  symbol_g15.obj ABSOLUTE
    g_app_bone_table_size                    0x20000154   Data           0  symbol_g15.obj ABSOLUTE
    g_soft_flow_tx_callback                  0x2000015c   Data           0  symbol_g15.obj ABSOLUTE
    utils_recv_len                           0x20000160   Data           0  symbol_g15.obj ABSOLUTE
    g_recv_len                               0x20000162   Data           0  symbol_g15.obj ABSOLUTE
    s_dma_spis_set_rx_len                    0x2000018c   Data           0  symbol_g15.obj ABSOLUTE
    s_dma_spis_set_tx_len                    0x2000018e   Data           0  symbol_g15.obj ABSOLUTE
    s_dma_lpuart_set_len                     0x20000190   Data           0  symbol_g15.obj ABSOLUTE
    TASK_DESC_APP_SEC                        0x20000194   Data           0  symbol_g15.obj ABSOLUTE
    g_version                                0x200001a1   Data           0  symbol_g15.obj ABSOLUTE
    ota_test_mode                            0x200001a8   Data           0  symbol_g15.obj ABSOLUTE
    ota_send_num_idx                         0x200001ac   Data           0  symbol_g15.obj ABSOLUTE
    gattc_state                              0x200001b0   Data           0  symbol_g15.obj ABSOLUTE
    gattm_state                              0x200001b4   Data           0  symbol_g15.obj ABSOLUTE
    gapc_state                               0x200001b5   Data           0  symbol_g15.obj ABSOLUTE
    gapm_state                               0x200001b9   Data           0  symbol_g15.obj ABSOLUTE
    l2cc_state                               0x200001ba   Data           0  symbol_g15.obj ABSOLUTE
    ahi_state                                0x200001be   Data           0  symbol_g15.obj ABSOLUTE
    __stdout                                 0x200001c4   Data           0  symbol_g15.obj ABSOLUTE
    ke_env                                   0x200001c8   Data           0  symbol_g15.obj ABSOLUTE
    rwip_rf                                  0x20000274   Data           0  symbol_g15.obj ABSOLUTE
    rwip_env                                 0x200002a8   Data           0  symbol_g15.obj ABSOLUTE
    aes_env                                  0x200002c8   Data           0  symbol_g15.obj ABSOLUTE
    llc_env                                  0x200002fc   Data           0  symbol_g15.obj ABSOLUTE
    lld_env                                  0x2000030c   Data           0  symbol_g15.obj ABSOLUTE
    lld_sync_env                             0x20000430   Data           0  symbol_g15.obj ABSOLUTE
    llm_env                                  0x20000440   Data           0  symbol_g15.obj ABSOLUTE
    hci_env                                  0x20000978   Data           0  symbol_g15.obj ABSOLUTE
    hci_tl_acl_env                           0x200009b4   Data           0  symbol_g15.obj ABSOLUTE
    utils_env                                0x20000a3c   Data           0  symbol_g15.obj ABSOLUTE
    user_prf_env                             0x20000b30   Data           0  symbol_g15.obj ABSOLUTE
    gattc_env                                0x20000b58   Data           0  symbol_g15.obj ABSOLUTE
    gattm_env                                0x20000b68   Data           0  symbol_g15.obj ABSOLUTE
    gapc_env                                 0x20000ba0   Data           0  symbol_g15.obj ABSOLUTE
    gapm_env                                 0x20000bb0   Data           0  symbol_g15.obj ABSOLUTE
    l2cc_env                                 0x20000c00   Data           0  symbol_g15.obj ABSOLUTE
    l2cm_env                                 0x20000c10   Data           0  symbol_g15.obj ABSOLUTE
    ahi_env                                  0x20000ce4   Data           0  symbol_g15.obj ABSOLUTE
    CMD_FLASH_SE                             0x20004000   Data           4  n32wb03x_qflash.o(.data)
    CMD_FLASH_WRITE                          0x20004004   Data           4  n32wb03x_qflash.o(.data)
    CMD_FLASH_READ                           0x20004008   Data           4  n32wb03x_qflash.o(.data)
    g_rf_tx_power                            0x20004330   Data           1  rwip_driver.o(.data)
    ns_sleep_lock                            0x20004334   Data           4  ns_sleep.o(.data)
    p_prevent_sleep                          0x20004338   Data           4  ns_sleep.o(.data)
    user_HardFault_Handler                   0x2000433c   Data           4  ns_ble.o(.data)
    user_EXTI4_12_IRQHandler                 0x20004340   Data           4  ns_ble.o(.data)
    app_state                                0x2000437a   Data           1  ns_ble_task.o(.data)
    usart_sending                            0x2000437c   Data           1  app_usart.o(.data)
    ble_sending                              0x2000437d   Data           1  app_usart.o(.data)
    rx_old_pos                               0x2000437e   Data           2  app_usart.o(.data)
    ble_att_mtu                              0x20004380   Data           2  app_usart.o(.data)
    usart_rx_fifo_in                         0x20004384   Data           4  app_usart.o(.data)
    usart_rx_fifo_out                        0x20004388   Data           4  app_usart.o(.data)
    usart_tx_fifo_in                         0x2000438c   Data           4  app_usart.o(.data)
    usart_tx_fifo_out                        0x20004390   Data           4  app_usart.o(.data)
    trim_stored                              0x20004398   Data          52  system_n32wb03x.o(.bss)
    prf_env                                  0x200043cc   Data         200  prf.o(.bss)
    get_itf                                  0x20004494   Data          84  prf.o(.bss)
    app_sec_bond_data                        0x20004538   Data          58  ns_sec.o(.bss)
    app_sec_env                              0x20004574   Data          32  ns_sec.o(.bss)
    add_prf_evn                              0x20004594   Data          44  ns_ble.o(.bss)
    ble_prf_evn                              0x200045c0   Data          84  ns_ble.o(.bss)
    app_env                                  0x20004614   Data         140  ns_ble.o(.bss)
    gap_env                                  0x200046a0   Data          42  ns_ble.o(.bss)
    adv_env                                  0x200046cc   Data          96  ns_ble.o(.bss)
    scan_env                                 0x2000472c   Data          28  ns_ble.o(.bss)
    USART_rx_dma_buf                         0x20004748   Data         256  app_usart.o(.bss)
    usart_rx_fifo_buf                        0x20004848   Data        1000  app_usart.o(.bss)
    usart_tx_fifo_buf                        0x20004c30   Data        1000  app_usart.o(.bss)
    __initial_sp                             0x20005818   Data           0  startup_n32wb03x.o(STACK)



==============================================================================

Memory Map of the image

  Image Entry point : 0x010000c1

  Load Region LR_IROM1 (Base: 0x01000000, Size: 0x00005b1c, Max: 0x00040000, ABSOLUTE, COMPRESSED[0x00005a64])

    Execution Region ER_IROM1 (Exec base: 0x01000000, Load base: 0x01000000, Size: 0x00005784, Max: 0x00040000, ABSOLUTE)

    Exec Addr    Load Addr    Size         Type   Attr      Idx    E Section Name        Object

    0x01000000   0x01000000   0x000000c0   Data   RO            3    RESET               startup_n32wb03x.o
    0x010000c0   0x010000c0   0x00000000   Code   RO         4266  * .ARM.Collect$$$$00000000  mc_p.l(entry.o)
    0x010000c0   0x010000c0   0x00000004   Code   RO         4563    .ARM.Collect$$$$00000001  mc_p.l(entry2.o)
    0x010000c4   0x010000c4   0x00000004   Code   RO         4566    .ARM.Collect$$$$00000004  mc_p.l(entry5.o)
    0x010000c8   0x010000c8   0x00000000   Code   RO         4568    .ARM.Collect$$$$00000008  mc_p.l(entry7b.o)
    0x010000c8   0x010000c8   0x00000000   Code   RO         4570    .ARM.Collect$$$$0000000A  mc_p.l(entry8b.o)
    0x010000c8   0x010000c8   0x00000008   Code   RO         4571    .ARM.Collect$$$$0000000B  mc_p.l(entry9a.o)
    0x010000d0   0x010000d0   0x00000000   Code   RO         4573    .ARM.Collect$$$$0000000D  mc_p.l(entry10a.o)
    0x010000d0   0x010000d0   0x00000000   Code   RO         4575    .ARM.Collect$$$$0000000F  mc_p.l(entry11a.o)
    0x010000d0   0x010000d0   0x00000004   Code   RO         4564    .ARM.Collect$$$$00002712  mc_p.l(entry2.o)
    0x010000d4   0x010000d4   0x0000000e   Code   RO           10    .emb_text           system_n32wb03x.o
    0x010000e2   0x010000e2   0x00000002   PAD
    0x010000e4   0x010000e4   0x0000001c   Code   RO            4    .text               startup_n32wb03x.o
    0x01000100   0x01000100   0x0000002c   Code   RO         4269    .text               mc_p.l(uidiv.o)
    0x0100012c   0x0100012c   0x00000024   Code   RO         4273    .text               mc_p.l(rand.o)
    0x01000150   0x01000150   0x00000024   Code   RO         4276    .text               mc_p.l(memcpya.o)
    0x01000174   0x01000174   0x00000024   Code   RO         4278    .text               mc_p.l(memseta.o)
    0x01000198   0x01000198   0x0000001a   Code   RO         4280    .text               mc_p.l(memcmp.o)
    0x010001b2   0x010001b2   0x0000007a   Code   RO         4547    .text               mf_p.l(fmul.o)
    0x0100022c   0x0100022c   0x0000007c   Code   RO         4549    .text               mf_p.l(fdiv.o)
    0x010002a8   0x010002a8   0x0000000e   Code   RO         4555    .text               mf_p.l(ffltui.o)
    0x010002b6   0x010002b6   0x00000028   Code   RO         4557    .text               mf_p.l(ffixui.o)
    0x010002de   0x010002de   0x00000060   Code   RO         4577    .text               mc_p.l(uldiv.o)
    0x0100033e   0x0100033e   0x00000020   Code   RO         4579    .text               mc_p.l(llshl.o)
    0x0100035e   0x0100035e   0x00000000   Code   RO         4583    .text               mc_p.l(iusefp.o)
    0x0100035e   0x0100035e   0x00000082   Code   RO         4584    .text               mf_p.l(fepilogue.o)
    0x010003e0   0x010003e0   0x00000024   Code   RO         4596    .text               mc_p.l(init.o)
    0x01000404   0x01000404   0x00000022   Code   RO         4598    .text               mc_p.l(llushr.o)
    0x01000426   0x01000426   0x00000056   Code   RO         4602    .text               mc_p.l(__dczerorl2.o)
    0x0100047c   0x0100047c   0x0000000c   Ven    RO         4604    Veneer$$Code        anon$$obj.o
    0x01000488   0x01000488   0x0000000c   Ven    RO         4605    Veneer$$Code        anon$$obj.o
    0x01000494   0x01000494   0x0000000c   Ven    RO         4606    Veneer$$Code        anon$$obj.o
    0x010004a0   0x010004a0   0x0000000c   Ven    RO         4607    Veneer$$Code        anon$$obj.o
    0x010004ac   0x010004ac   0x0000000c   Ven    RO         4608    Veneer$$Code        anon$$obj.o
    0x010004b8   0x010004b8   0x0000000c   Ven    RO         4609    Veneer$$Code        anon$$obj.o
    0x010004c4   0x010004c4   0x0000000c   Ven    RO         4610    Veneer$$Code        anon$$obj.o
    0x010004d0   0x010004d0   0x0000000c   Ven    RO         4611    Veneer$$Code        anon$$obj.o
    0x010004dc   0x010004dc   0x00000068   Code   RO         4130    i.DMA_Channel1_2_3_4_IRQHandler  app_usart.o
    0x01000544   0x01000544   0x00000004   Code   RO          469    i.DMA_ClearFlag     n32wb03x_dma.o
    0x01000548   0x01000548   0x00000010   Code   RO          471    i.DMA_ConfigInt     n32wb03x_dma.o
    0x01000558   0x01000558   0x00000088   Code   RO         4131    i.DMA_Configuration  app_usart.o
    0x010005e0   0x010005e0   0x00000088   Code   RO          472    i.DMA_DeInit        n32wb03x_dma.o
    0x01000668   0x01000668   0x00000018   Code   RO          473    i.DMA_EnableChannel  n32wb03x_dma.o
    0x01000680   0x01000680   0x00000006   Code   RO          474    i.DMA_GetCurrDataCounter  n32wb03x_dma.o
    0x01000686   0x01000686   0x0000000e   Code   RO          475    i.DMA_GetFlagStatus  n32wb03x_dma.o
    0x01000694   0x01000694   0x00000040   Code   RO          477    i.DMA_Init          n32wb03x_dma.o
    0x010006d4   0x010006d4   0x0000000e   Code   RO          478    i.DMA_RequestRemap  n32wb03x_dma.o
    0x010006e2   0x010006e2   0x00000002   PAD
    0x010006e4   0x010006e4   0x0000000c   Code   RO          551    i.EXTI_ClrITPendBit  n32wb03x_exti.o
    0x010006f0   0x010006f0   0x0000001c   Code   RO          554    i.EXTI_GetITStatus  n32wb03x_exti.o
    0x0100070c   0x0100070c   0x00000070   Code   RO          556    i.EXTI_InitPeripheral  n32wb03x_exti.o
    0x0100077c   0x0100077c   0x000000b8   Code   RO          616    i.GPIO_InitPeripheral  n32wb03x_gpio.o
    0x01000834   0x01000834   0x0000001c   Code   RO          617    i.GPIO_InitStruct   n32wb03x_gpio.o
    0x01000850   0x01000850   0x00000004   Code   RO          622    i.GPIO_ResetBits    n32wb03x_gpio.o
    0x01000854   0x01000854   0x00000004   Code   RO          623    i.GPIO_SetBits      n32wb03x_gpio.o
    0x01000858   0x01000858   0x00000004   Code   RO         1818    i.LPUART_ClrFlag    n32wb03x_lpuart.o
    0x0100085c   0x0100085c   0x00000020   Code   RO         1824    i.LPUART_DeInit     n32wb03x_lpuart.o
    0x0100087c   0x0100087c   0x0000000e   Code   RO         1829    i.LPUART_GetFlagStatus  n32wb03x_lpuart.o
    0x0100088a   0x0100088a   0x00000002   PAD
    0x0100088c   0x0100088c   0x000000d0   Code   RO         1831    i.LPUART_Init       n32wb03x_lpuart.o
    0x0100095c   0x0100095c   0x00000004   Code   RO         1833    i.LPUART_SendData   n32wb03x_lpuart.o
    0x01000960   0x01000960   0x0000004c   Code   RO         4234    i.LedInit           app_gpio.o
    0x010009ac   0x010009ac   0x00000008   Code   RO         4235    i.LedOff            app_gpio.o
    0x010009b4   0x010009b4   0x00000008   Code   RO         4236    i.LedOn             app_gpio.o
    0x010009bc   0x010009bc   0x00000078   Code   RO          150    i.NVIC_Init         misc.o
    0x01000a34   0x01000a34   0x00000024   Code   RO         1929    i.Qflash_Erase_Sector  n32wb03x_qflash.o
    0x01000a58   0x01000a58   0x00000020   Code   RO         1930    i.Qflash_Init       n32wb03x_qflash.o
    0x01000a78   0x01000a78   0x00000024   Code   RO         1932    i.Qflash_Write      n32wb03x_qflash.o
    0x01000a9c   0x01000a9c   0x0000001c   Code   RO          736    i.RCC_ConfigLpuartClk  n32wb03x_rcc.o
    0x01000ab8   0x01000ab8   0x00000018   Code   RO          744    i.RCC_EnableAHBPeriphClk  n32wb03x_rcc.o
    0x01000ad0   0x01000ad0   0x00000018   Code   RO          748    i.RCC_EnableAPB2PeriphClk  n32wb03x_rcc.o
    0x01000ae8   0x01000ae8   0x00000018   Code   RO          751    i.RCC_EnableLpuartClk  n32wb03x_rcc.o
    0x01000b00   0x01000b00   0x00000074   Code   RO          756    i.RCC_GetClocksFreqValue  n32wb03x_rcc.o
    0x01000b74   0x01000b74   0x00000014   Code   RO          759    i.RCC_GetLpuartClkSrc  n32wb03x_rcc.o
    0x01000b88   0x01000b88   0x00000050   Code   RO           12    i.SystemGetMacAddr  system_n32wb03x.o
    0x01000bd8   0x01000bd8   0x0000017c   Code   RO           14    i.SystemInit        system_n32wb03x.o
    0x01000d54   0x01000d54   0x0000001c   Code   RO         4135    i.USART1_IRQHandler  app_usart.o
    0x01000d70   0x01000d70   0x00000032   Code   RO         1502    i.USART_ConfigInt   n32wb03x_usart.o
    0x01000da2   0x01000da2   0x00000002   PAD
    0x01000da4   0x01000da4   0x0000001c   Code   RO         1507    i.USART_Enable      n32wb03x_usart.o
    0x01000dc0   0x01000dc0   0x00000010   Code   RO         1508    i.USART_EnableDMA   n32wb03x_usart.o
    0x01000dd0   0x01000dd0   0x0000000e   Code   RO         1514    i.USART_GetFlagStatus  n32wb03x_usart.o
    0x01000dde   0x01000dde   0x00000002   PAD
    0x01000de0   0x01000de0   0x00000088   Code   RO         1516    i.USART_Init        n32wb03x_usart.o
    0x01000e68   0x01000e68   0x00000020   Code   RO         4491    i.__0printf$8       mc_p.l(printf8.o)
    0x01000e88   0x01000e88   0x00000428   Code   RO         4498    i._printf_core      mc_p.l(printf8.o)
    0x010012b0   0x010012b0   0x00000020   Code   RO         4499    i._printf_post_padding  mc_p.l(printf8.o)
    0x010012d0   0x010012d0   0x0000002c   Code   RO         4500    i._printf_pre_padding  mc_p.l(printf8.o)
    0x010012fc   0x010012fc   0x00000074   Code   RO         3995    i.app_ble_adv_init  app_ble.o
    0x01001370   0x01001370   0x00000002   Code   RO         3996    i.app_ble_adv_msg_handler  app_ble.o
    0x01001372   0x01001372   0x00000002   PAD
    0x01001374   0x01001374   0x00000090   Code   RO         3999    i.app_ble_gap_params_init  app_ble.o
    0x01001404   0x01001404   0x0000004c   Code   RO         4000    i.app_ble_init      app_ble.o
    0x01001450   0x01001450   0x00000058   Code   RO         4001    i.app_ble_msg_handler  app_ble.o
    0x010014a8   0x010014a8   0x00000050   Code   RO         4003    i.app_ble_sec_init  app_ble.o
    0x010014f8   0x010014f8   0x00000010   Code   RO         3740    i.app_conn_params_update_evt_handler  ns_ble_task.o
    0x01001508   0x01001508   0x000000e8   Code   RO         3395    i.app_create_advertising  ns_ble.o
    0x010015f0   0x010015f0   0x0000005c   Code   RO         3887    i.app_dis_add_dis   app_dis.o
    0x0100164c   0x0100164c   0x00000104   Code   RO         3741    i.app_entry_point_handler  ns_ble_task.o
    0x01001750   0x01001750   0x000000ac   Code   RO         3742    i.app_lsi_calib_evt_handler  ns_ble_task.o
    0x010017fc   0x010017fc   0x00000068   Code   RO         3942    i.app_rdtss_add_rdts  app_rdtss.o
    0x01001864   0x01001864   0x00000004   Code   RO         3181    i.app_sec_msg_dflt_handler  ns_sec.o
    0x01001868   0x01001868   0x00000074   Code   RO         3396    i.app_set_adv_data  ns_ble.o
    0x010018dc   0x010018dc   0x000000c0   Code   RO         3397    i.app_set_scan_rsp_data  ns_ble.o
    0x0100199c   0x0100199c   0x00000002   Code   RO         4095    i.app_sleep_prepare_proc  main.o
    0x0100199e   0x0100199e   0x00000002   Code   RO         4096    i.app_sleep_resume_proc  main.o
    0x010019a0   0x010019a0   0x00000070   Code   RO         3398    i.app_start_advertising  ns_ble.o
    0x01001a10   0x01001a10   0x000000d4   Code   RO         4136    i.app_usart_configuration  app_usart.o
    0x01001ae4   0x01001ae4   0x00000070   Code   RO         4137    i.app_usart_dma_enable  app_usart.o
    0x01001b54   0x01001b54   0x000000ac   Code   RO         4138    i.app_usart_rx_data_fifo_enter  app_usart.o
    0x01001c00   0x01001c00   0x000000b4   Code   RO         4139    i.app_usart_tx_fifo_enter  app_usart.o
    0x01001cb4   0x01001cb4   0x00000044   Code   RO         4140    i.app_usart_tx_process  app_usart.o
    0x01001cf8   0x01001cf8   0x00000014   Code   RO         4004    i.app_user_msg_handler  app_ble.o
    0x01001d0c   0x01001d0c   0x000000c0   Code   RO         1970    i.attm_att_set_value  lib_att.o
    0x01001dcc   0x01001dcc   0x0000002a   Code   RO         2956    i.check_client_char_cfg  rdts_common.o
    0x01001df6   0x01001df6   0x0000002a   Code   RO         2594    i.diss_check_val_len  diss.o
    0x01001e20   0x01001e20   0x00000002   Code   RO         2595    i.diss_cleanup      diss.o
    0x01001e22   0x01001e22   0x00000002   Code   RO         2597    i.diss_create       diss.o
    0x01001e24   0x01001e24   0x0000003e   Code   RO         2598    i.diss_destroy      diss.o
    0x01001e62   0x01001e62   0x00000034   Code   RO         2599    i.diss_handle_to_value  diss.o
    0x01001e96   0x01001e96   0x00000002   PAD
    0x01001e98   0x01001e98   0x000000a0   Code   RO         2600    i.diss_init         diss.o
    0x01001f38   0x01001f38   0x00000008   Code   RO         2601    i.diss_prf_itf_get  diss.o
    0x01001f40   0x01001f40   0x0000009c   Code   RO         2693    i.diss_set_value_req_handler  diss_task.o
    0x01001fdc   0x01001fdc   0x00000020   Code   RO         2694    i.diss_task_init    diss_task.o
    0x01001ffc   0x01001ffc   0x0000007c   Code   RO         2695    i.diss_value_cfm_handler  diss_task.o
    0x01002078   0x01002078   0x000000c0   Code   RO         3889    i.diss_value_req_ind_handler  app_dis.o
    0x01002138   0x01002138   0x0000003a   Code   RO         2602    i.diss_value_to_handle  diss.o
    0x01002172   0x01002172   0x00000002   PAD
    0x01002174   0x01002174   0x00000080   Code   RO         3042    i.entry_sleep       ns_sleep.o
    0x010021f4   0x010021f4   0x00000040   Code   RO         3001    i.fputc             ns_log_lpuart.o
    0x01002234   0x01002234   0x000000a8   Code   RO         3182    i.gapc_bond_ind_handler  ns_sec.o
    0x010022dc   0x010022dc   0x000001dc   Code   RO         3183    i.gapc_bond_req_ind_handler  ns_sec.o
    0x010024b8   0x010024b8   0x00000028   Code   RO         3743    i.gapc_cmp_evt_handler  ns_ble_task.o
    0x010024e0   0x010024e0   0x00000068   Code   RO         3744    i.gapc_conn_rssi_ind_handler  ns_ble_task.o
    0x01002548   0x01002548   0x00000150   Code   RO         3745    i.gapc_connection_req_ind_handler  ns_ble_task.o
    0x01002698   0x01002698   0x00000078   Code   RO         3746    i.gapc_disconnect_ind_handler  ns_ble_task.o
    0x01002710   0x01002710   0x00000028   Code   RO         3184    i.gapc_encrypt_ind_handler  ns_sec.o
    0x01002738   0x01002738   0x0000012c   Code   RO         3185    i.gapc_encrypt_req_ind_handler  ns_sec.o
    0x01002864   0x01002864   0x00000080   Code   RO         3747    i.gapc_get_dev_info_req_ind_handler  ns_ble_task.o
    0x010028e4   0x010028e4   0x00000030   Code   RO         3748    i.gapc_le_phy_ind_handler  ns_ble_task.o
    0x01002914   0x01002914   0x00000020   Code   RO         3749    i.gapc_le_pkt_size_ind_handler  ns_ble_task.o
    0x01002934   0x01002934   0x00000060   Code   RO         3750    i.gapc_param_update_req_ind_handler  ns_ble_task.o
    0x01002994   0x01002994   0x00000028   Code   RO         3751    i.gapc_param_updated_ind_handler  ns_ble_task.o
    0x010029bc   0x010029bc   0x00000040   Code   RO         3752    i.gapc_set_dev_info_req_ind_handler  ns_ble_task.o
    0x010029fc   0x010029fc   0x00000030   Code   RO         3753    i.gapm_activity_created_ind_handler  ns_ble_task.o
    0x01002a2c   0x01002a2c   0x00000050   Code   RO         3754    i.gapm_activity_stopped_ind_handler  ns_ble_task.o
    0x01002a7c   0x01002a7c   0x00000004   Code   RO         3755    i.gapm_addr_solved_ind_handler  ns_ble_task.o
    0x01002a80   0x01002a80   0x000003a4   Code   RO         3756    i.gapm_cmp_evt_handler  ns_ble_task.o
    0x01002e24   0x01002e24   0x000000c4   Code   RO         3757    i.gapm_ext_adv_repoer_ind_handler  ns_ble_task.o
    0x01002ee8   0x01002ee8   0x0000002c   Code   RO         3758    i.gapm_gen_rand_nb_ind_handler  ns_ble_task.o
    0x01002f14   0x01002f14   0x0000000c   Code   RO         3759    i.gapm_profile_added_ind_handler  ns_ble_task.o
    0x01002f20   0x01002f20   0x00000040   Code   RO         2834    i.gattc_att_info_req_ind_handler  rdtss_task.o
    0x01002f60   0x01002f60   0x0000001c   Code   RO         2835    i.gattc_cmp_evt_handler  rdtss_task.o
    0x01002f7c   0x01002f7c   0x00000028   Code   RO         3760    i.gattc_cmp_evt_handler  ns_ble_task.o
    0x01002fa4   0x01002fa4   0x0000004c   Code   RO         3761    i.gattc_mtu_changed_ind_handler  ns_ble_task.o
    0x01002ff0   0x01002ff0   0x000000c4   Code   RO         2696    i.gattc_read_req_ind_handler  diss_task.o
    0x010030b4   0x010030b4   0x000000f8   Code   RO         2836    i.gattc_read_req_ind_handler  rdtss_task.o
    0x010031ac   0x010031ac   0x00000130   Code   RO         2837    i.gattc_write_req_ind_handler  rdtss_task.o
    0x010032dc   0x010032dc   0x0000006c   Code   RO         2957    i.get_cfg_handle    rdts_common.o
    0x01003348   0x01003348   0x00000054   Code   RO         2958    i.get_value_handle  rdts_common.o
    0x0100339c   0x0100339c   0x00000030   Code   RO         2321    i.llhwc_modem_setmode  rwip_driver.o
    0x010033cc   0x010033cc   0x00000100   Code   RO         2322    i.llhwc_phy_prerx_flash  rwip_driver.o
    0x010034cc   0x010034cc   0x0000008c   Code   RO         2323    i.llhwc_setmode_reg_config  rwip_driver.o
    0x01003558   0x01003558   0x0000009c   Code   RO         4097    i.main              main.o
    0x010035f4   0x010035f4   0x00000078   Code   RO         3399    i.ns_EXTI4_12_IRQHandler  ns_ble.o
    0x0100366c   0x0100366c   0x00000140   Code   RO         3400    i.ns_HardFault_Handler  ns_ble.o
    0x010037ac   0x010037ac   0x00000020   Code   RO         3402    i.ns_ble_add_prf_func_register  ns_ble.o
    0x010037cc   0x010037cc   0x0000002c   Code   RO         3403    i.ns_ble_add_svc    ns_ble.o
    0x010037f8   0x010037f8   0x000000cc   Code   RO         3405    i.ns_ble_adv_fsm_next  ns_ble.o
    0x010038c4   0x010038c4   0x00000040   Code   RO         3406    i.ns_ble_adv_init   ns_ble.o
    0x01003904   0x01003904   0x00000050   Code   RO         3407    i.ns_ble_adv_start  ns_ble.o
    0x01003954   0x01003954   0x0000004c   Code   RO         3408    i.ns_ble_adv_stop   ns_ble.o
    0x010039a0   0x010039a0   0x00000034   Code   RO         3411    i.ns_ble_delete_init  ns_ble.o
    0x010039d4   0x010039d4   0x00000034   Code   RO         3412    i.ns_ble_delete_scan  ns_ble.o
    0x01003a08   0x01003a08   0x0000002c   Code   RO         3413    i.ns_ble_disconnect  ns_ble.o
    0x01003a34   0x01003a34   0x0000006c   Code   RO         3416    i.ns_ble_gap_init   ns_ble.o
    0x01003aa0   0x01003aa0   0x00000024   Code   RO         3419    i.ns_ble_get_connection_num  ns_ble.o
    0x01003ac4   0x01003ac4   0x00000050   Code   RO         3422    i.ns_ble_list_set_ral  ns_ble.o
    0x01003b14   0x01003b14   0x00000084   Code   RO         3423    i.ns_ble_lsc_config  ns_ble.o
    0x01003b98   0x01003b98   0x00000028   Code   RO         3427    i.ns_ble_prf_task_register  ns_ble.o
    0x01003bc0   0x01003bc0   0x00000048   Code   RO         3430    i.ns_ble_scan_data_find  ns_ble.o
    0x01003c08   0x01003c08   0x00000238   Code   RO         3436    i.ns_ble_stack_init  ns_ble.o
    0x01003e40   0x01003e40   0x000000d4   Code   RO         3437    i.ns_ble_start_init  ns_ble.o
    0x01003f14   0x01003f14   0x000000c0   Code   RO         3438    i.ns_ble_start_scan  ns_ble.o
    0x01003fd4   0x01003fd4   0x00000028   Code   RO         3439    i.ns_ble_stop_scan  ns_ble.o
    0x01003ffc   0x01003ffc   0x000000a8   Code   RO         3440    i.ns_ble_update_param  ns_ble.o
    0x010040a4   0x010040a4   0x0000002c   Code   RO         3186    i.ns_bond_db_get_size  ns_sec.o
    0x010040d0   0x010040d0   0x00000040   Code   RO         3188    i.ns_bond_last_bonded_peer_id  ns_sec.o
    0x01004110   0x01004110   0x00000074   Code   RO         3189    i.ns_bond_last_bonded_ral_info  ns_sec.o
    0x01004184   0x01004184   0x00000064   Code   RO         3003    i.ns_log_lpuart_init  ns_log_lpuart.o
    0x010041e8   0x010041e8   0x00000158   Code   RO         3191    i.ns_sec_bond_store_evt_handler  ns_sec.o
    0x01004340   0x01004340   0x0000000c   Code   RO         3192    i.ns_sec_get_bond_status  ns_sec.o
    0x0100434c   0x0100434c   0x0000000c   Code   RO         3193    i.ns_sec_get_iocap  ns_sec.o
    0x01004358   0x01004358   0x00000068   Code   RO         3194    i.ns_sec_init       ns_sec.o
    0x010043c0   0x010043c0   0x000000b8   Code   RO         3043    i.ns_sleep          ns_sleep.o
    0x01004478   0x01004478   0x00000018   Code   RO         3044    i.ns_sleep_lock_acquire  ns_sleep.o
    0x01004490   0x01004490   0x00000014   Code   RO         3045    i.ns_sleep_lock_release  ns_sleep.o
    0x010044a4   0x010044a4   0x000000c8   Code   RO         3119    i.ns_timer_api_process_handler  ns_timer.o
    0x0100456c   0x0100456c   0x00000088   Code   RO         2468    i.prf_add_profile   prf.o
    0x010045f4   0x010045f4   0x00000010   Code   RO         2471    i.prf_dst_task_get  prf.o
    0x01004604   0x01004604   0x00000030   Code   RO         2472    i.prf_env_get       prf.o
    0x01004634   0x01004634   0x00000038   Code   RO         2473    i.prf_get_id_from_task  prf.o
    0x0100466c   0x0100466c   0x00000028   Code   RO         2474    i.prf_get_itf_func_register  prf.o
    0x01004694   0x01004694   0x00000038   Code   RO         2475    i.prf_get_task_from_id  prf.o
    0x010046cc   0x010046cc   0x000000b4   Code   RO         2476    i.prf_init          prf.o
    0x01004780   0x01004780   0x00000030   Code   RO         2477    i.prf_itf_get       prf.o
    0x010047b0   0x010047b0   0x00000010   Code   RO         2478    i.prf_src_task_get  prf.o
    0x010047c0   0x010047c0   0x00000040   Code   RO         2838    i.rdtss_att_info_rsp_handler  rdtss_task.o
    0x01004800   0x01004800   0x00000068   Code   RO         2839    i.rdtss_att_set_value  rdtss_task.o
    0x01004868   0x01004868   0x00000058   Code   RO         2783    i.rdtss_cleanup     rdtss.o
    0x010048c0   0x010048c0   0x0000004c   Code   RO         2784    i.rdtss_create      rdtss.o
    0x0100490c   0x0100490c   0x00000042   Code   RO         2785    i.rdtss_destroy     rdtss.o
    0x0100494e   0x0100494e   0x00000002   PAD
    0x01004950   0x01004950   0x000000f0   Code   RO         2840    i.rdtss_exe_operation  rdtss_task.o
    0x01004a40   0x01004a40   0x0000001c   Code   RO         2959    i.rdtss_get_att_handle  rdts_common.o
    0x01004a5c   0x01004a5c   0x00000028   Code   RO         2960    i.rdtss_get_att_idx  rdts_common.o
    0x01004a84   0x01004a84   0x00000098   Code   RO         2786    i.rdtss_init        rdtss.o
    0x01004b1c   0x01004b1c   0x000000a4   Code   RO         2841    i.rdtss_init_ccc_values  rdtss_task.o
    0x01004bc0   0x01004bc0   0x00000008   Code   RO         2787    i.rdtss_prf_itf_get  rdtss.o
    0x01004bc8   0x01004bc8   0x00000048   Code   RO         3944    i.rdtss_send_notify  app_rdtss.o
    0x01004c10   0x01004c10   0x00000048   Code   RO         2842    i.rdtss_set_ccc_value  rdtss_task.o
    0x01004c58   0x01004c58   0x00000020   Code   RO         2843    i.rdtss_task_init   rdtss_task.o
    0x01004c78   0x01004c78   0x00000052   Code   RO         2844    i.rdtss_val_ind_req_handler  rdtss_task.o
    0x01004cca   0x01004cca   0x0000000a   Code   RO         3945    i.rdtss_val_ntf_cfm_handler  app_rdtss.o
    0x01004cd4   0x01004cd4   0x00000068   Code   RO         2845    i.rdtss_val_ntf_req_handler  rdtss_task.o
    0x01004d3c   0x01004d3c   0x00000020   Code   RO         2846    i.rdtss_val_set_req_handler  rdtss_task.o
    0x01004d5c   0x01004d5c   0x00000024   Code   RO         3946    i.rdtss_val_write_ind_handler  app_rdtss.o
    0x01004d80   0x01004d80   0x0000003c   Code   RO         3947    i.rdtss_value_req_ind_handler  app_rdtss.o
    0x01004dbc   0x01004dbc   0x00000080   Code   RO         2847    i.rdtss_value_req_rsp_handler  rdtss_task.o
    0x01004e3c   0x01004e3c   0x000000e0   Code   RO         2091    i.rwip_init         rwip.o
    0x01004f1c   0x01004f1c   0x0000012c   Code   RO         2325    i.rwip_sleep        rwip_driver.o
    0x01005048   0x01005048   0x000000e0   Code   RO         2326    i.rwip_slp_isr      rwip_driver.o
    0x01005128   0x01005128   0x00000002   Code   RO         3124    i.timer_canceled_handler  ns_timer.o
    0x0100512a   0x0100512a   0x00000002   Code   RO         3125    i.timer_modified_handler  ns_timer.o
    0x0100512c   0x0100512c   0x00000050   Code   RO         4141    i.usart_forward_to_ble_loop  app_usart.o
    0x0100517c   0x0100517c   0x00000054   Code   RO         4142    i.usart_rx_check_in_irq  app_usart.o
    0x010051d0   0x010051d0   0x0000005c   Code   RO         4144    i.usart_tx_dma_send  app_usart.o
    0x0100522c   0x0100522c   0x00000140   Data   RO           19    .constdata          system_n32wb03x.o
    0x0100536c   0x0100536c   0x0000000c   Data   RO          764    .constdata          n32wb03x_rcc.o
    0x01005378   0x01005378   0x0000001e   Data   RO         2327    .constdata          rwip_driver.o
    0x01005396   0x01005396   0x00000002   PAD
    0x01005398   0x01005398   0x000000a8   Data   RO         2603    .constdata          diss.o
    0x01005440   0x01005440   0x00000018   Data   RO         2697    .constdata          diss_task.o
    0x01005458   0x01005458   0x00000010   Data   RO         2788    .constdata          rdtss.o
    0x01005468   0x01005468   0x00000048   Data   RO         2848    .constdata          rdtss_task.o
    0x010054b0   0x010054b0   0x00000028   Data   RO         3198    .constdata          ns_sec.o
    0x010054d8   0x010054d8   0x00000008   Data   RO         3199    .constdata          ns_sec.o
    0x010054e0   0x010054e0   0x00000015   Data   RO         3442    .constdata          ns_ble.o
    0x010054f5   0x010054f5   0x00000001   PAD
    0x010054f6   0x010054f6   0x000000cd   Data   RO         3762    .constdata          ns_ble_task.o
    0x010055c3   0x010055c3   0x00000001   PAD
    0x010055c4   0x010055c4   0x000000b8   Data   RO         3763    .constdata          ns_ble_task.o
    0x0100567c   0x0100567c   0x0000000c   Data   RO         3764    .constdata          ns_ble_task.o
    0x01005688   0x01005688   0x00000008   Data   RO         3890    .constdata          app_dis.o
    0x01005690   0x01005690   0x00000008   Data   RO         3891    .constdata          app_dis.o
    0x01005698   0x01005698   0x000000b2   Data   RO         3948    .constdata          app_rdtss.o
    0x0100574a   0x0100574a   0x00000002   PAD
    0x0100574c   0x0100574c   0x00000018   Data   RO         3949    .constdata          app_rdtss.o
    0x01005764   0x01005764   0x00000020   Data   RO         4600    Region$$Table       anon$$obj.o


    Execution Region RW_IRAM1 (Exec base: 0x20004000, Load base: 0x01005784, Size: 0x00001818, Max: 0x00008000, ABSOLUTE, COMPRESSED[0x000002e0])

    Exec Addr    Load Addr    Size         Type   Attr      Idx    E Section Name        Object

    0x20004000   COMPRESSED   0x00000330   Data   RW         1933    .data               n32wb03x_qflash.o
    0x20004330   COMPRESSED   0x00000003   Data   RW         2328    .data               rwip_driver.o
    0x20004333   COMPRESSED   0x00000001   Data   RW         3004    .data               ns_log_lpuart.o
    0x20004334   COMPRESSED   0x00000008   Data   RW         3046    .data               ns_sleep.o
    0x2000433c   COMPRESSED   0x0000003c   Data   RW         3443    .data               ns_ble.o
    0x20004378   COMPRESSED   0x00000002   Data   RW         3765    .data               ns_ble_task.o
    0x2000437a   COMPRESSED   0x00000001   Data   RW         3766    .data               ns_ble_task.o
    0x2000437b   COMPRESSED   0x00000001   PAD
    0x2000437c   COMPRESSED   0x00000018   Data   RW         4146    .data               app_usart.o
    0x20004394   COMPRESSED   0x00000004   Data   RW         4274    .data               mc_p.l(rand.o)
    0x20004398        -       0x00000034   Zero   RW           18    .bss                system_n32wb03x.o
    0x200043cc        -       0x0000011c   Zero   RW         2479    .bss                prf.o
    0x200044e8        -       0x00000050   Zero   RW         3126    .bss                ns_timer.o
    0x20004538        -       0x0000005c   Zero   RW         3197    .bss                ns_sec.o
    0x20004594        -       0x000001b4   Zero   RW         3441    .bss                ns_ble.o
    0x20004748        -       0x000008d0   Zero   RW         4145    .bss                app_usart.o
    0x20005018        -       0x00000800   Zero   RW            1    STACK               startup_n32wb03x.o


==============================================================================

Image component sizes


      Code (inc. data)   RO Data    RW Data    ZI Data      Debug   Object Name

       526        110          0          0          0      11752   app_ble.o
       284        102         16          0          0       8228   app_dis.o
        92         12          0          0          0       1951   app_gpio.o
       282         44        202          0          0       5208   app_rdtss.o
      1268        184          0         24       2256      15045   app_usart.o
       386         12        168          0          0      18178   diss.o
       508         20         24          0          0      19474   diss_task.o
       192         20          0          0          0      31182   lib_att.o
       160         72          0          0          0       1352   main.o
       120         18          0          0          0       7072   misc.o
       278         40          0          0          0       6392   n32wb03x_dma.o
       152         14          0          0          0       2601   n32wb03x_exti.o
       220          6          0          0          0       3516   n32wb03x_gpio.o
       262         24          0          0          0       5020   n32wb03x_lpuart.o
       104         28          0        816          0       4681   n32wb03x_qflash.o
       236         56         12          0          0       4870   n32wb03x_rcc.o
       244         22          0          0          0       5394   n32wb03x_usart.o
      3388        754         21         60        436      87095   ns_ble.o
      2888        416        401          3          0      27953   ns_ble_task.o
       164         18          0          1          0       2532   ns_log_lpuart.o
      1684        214         48          0         92     102256   ns_sec.o
       356         50          0          8          0       3952   ns_sleep.o
       204         34          0          0         80       6409   ns_timer.o
       596         40          0          0        284       9953   prf.o
       302         16          0          0          0       6743   rdts_common.o
       390         14         16          0          0       6680   rdtss.o
      1666         58         72          0          0      32385   rdtss_task.o
       224         52          0          0          0      78750   rwip.o
       968        258         30          3          0      68264   rwip_driver.o
        28          8        192          0       2048        736   startup_n32wb03x.o
       474         52        320          0         52     129071   system_n32wb03x.o

    ----------------------------------------------------------------------
     18760       2800       1560        916       5248     714695   Object Totals
        96         32         32          0          0          0   (incl. Generated)
        18          0          6          1          0          0   (incl. Padding)

    ----------------------------------------------------------------------

      Code (inc. data)   RO Data    RW Data    ZI Data      Debug   Library Member Name

        86          0          0          0          0          0   __dczerorl2.o
         0          0          0          0          0          0   entry.o
         0          0          0          0          0          0   entry10a.o
         0          0          0          0          0          0   entry11a.o
         8          4          0          0          0          0   entry2.o
         4          0          0          0          0          0   entry5.o
         0          0          0          0          0          0   entry7b.o
         0          0          0          0          0          0   entry8b.o
         8          4          0          0          0          0   entry9a.o
        36          8          0          0          0         68   init.o
         0          0          0          0          0          0   iusefp.o
        32          0          0          0          0         68   llshl.o
        34          0          0          0          0         68   llushr.o
        26          0          0          0          0         72   memcmp.o
        36          0          0          0          0         60   memcpya.o
        36          0          0          0          0        100   memseta.o
      1172         52          0          0          0        324   printf8.o
        36         12          0          4          0        120   rand.o
        44          0          0          0          0         72   uidiv.o
        96          0          0          0          0         84   uldiv.o
       124          0          0          0          0         72   fdiv.o
       130          0          0          0          0        144   fepilogue.o
        40          0          0          0          0         60   ffixui.o
        14          0          0          0          0         68   ffltui.o
       122          0          0          0          0         72   fmul.o

    ----------------------------------------------------------------------
      2084         80          0          4          0       1452   Library Totals
         0          0          0          0          0          0   (incl. Padding)

    ----------------------------------------------------------------------

      Code (inc. data)   RO Data    RW Data    ZI Data      Debug   Library Name

      1654         80          0          4          0       1036   mc_p.l
       430          0          0          0          0        416   mf_p.l

    ----------------------------------------------------------------------
      2084         80          0          4          0       1452   Library Totals

    ----------------------------------------------------------------------

==============================================================================


      Code (inc. data)   RO Data    RW Data    ZI Data      Debug   

     20844       2880       1560        920       5248     707227   Grand Totals
     20844       2880       1560        736       5248     707227   ELF Image Totals (compressed)
     20844       2880       1560        736          0          0   ROM Totals

==============================================================================

    Total RO  Size (Code + RO Data)                22404 (  21.88kB)
    Total RW  Size (RW Data + ZI Data)              6168 (   6.02kB)
    Total ROM Size (Code + RO Data + RW Data)      23140 (  22.60kB)

==============================================================================

