<html>
<body>
<pre>
<h1>µVision Build Log</h1>
<h2>Tool Versions:</h2>
IDE-Version: ÂµVision V5.37.0.0
Copyright (C) 2022 ARM Ltd and ARM Germany GmbH. All rights reserved.
License Information: 2 2, 2, LIC=QF82M-X7VAP-II55V-P0FFD-66JJD-3EQK8
 
Tool Versions:
Toolchain:       MDK-ARM Plus  Version: 5.37.0.0
Toolchain Path:  C:\Keil_v5\ARM\ARMCC\Bin
C Compiler:      Armcc.exe V5.06 update 6 (build 750)
Assembler:       Armasm.exe V5.06 update 6 (build 750)
Linker/Locator:  ArmLink.exe V5.06 update 6 (build 750)
Library Manager: ArmAr.exe V5.06 update 6 (build 750)
Hex Converter:   FromElf.exe V5.06 update 6 (build 750)
CPU DLL:         SARMCM3.DLL V5.37.0.0
Dialog DLL:      DARMCM1.DLL V1.19.6.0
Target DLL:      CMSIS_AGDI.dll V1.33.12.0
Dialog DLL:      TARMCM1.DLL V1.14.6.0
 
<h2>Project:</h2>
C:\01-FAE\N32WB03x_SDK\N32WB03x_SDK_V1.3\projects\n32wb03x_EVAL\ble\rdtss\MDK-ARM\rdtss.uvprojx
Project File Date:  02/28/2025

<h2>Output:</h2>
*** Using Compiler 'V5.06 update 6 (build 750)', folder: 'C:\Keil_v5\ARM\ARMCC\Bin'
Build target 'N32WB03x'
assembling startup_n32wb03x.s...
compiling n32wb03x_crc.c...
compiling misc.c...
compiling n32wb03x_dma.c...
compiling n32wb03x_exti.c...
compiling n32wb03x_adc.c...
compiling system_n32wb03x.c...
compiling n32wb03x_gpio.c...
compiling n32wb03x_usart.c...
compiling n32wb03x_spi.c...
compiling n32wb03x_qflash.c...
compiling n32wb03x_rcc.c...
compiling n32wb03x_lpuart.c...
compiling n32wb03x_tim.c...
compiling lib_att.c...
compiling prf.c...
compiling diss.c...
compiling prf_utils.c...
compiling diss_task.c...
compiling bass.c...
compiling bass_task.c...
compiling ns_log_lpuart.c...
compiling ns_error.c...
compiling rdtss.c...
compiling rdtss_task.c...
compiling rdts_common.c...
compiling rwip_driver.c...
compiling rwip.c...
compiling app_batt.c...
compiling ns_sleep.c...
compiling ns_timer.c...
compiling ns_sec.c...
compiling ns_ble.c...
compiling ns_ble_task.c...
compiling app_gpio.c...
compiling app_dis.c...
compiling app_rdtss.c...
compiling app_ble.c...
compiling main.c...
compiling app_usart.c...
linking...
Program Size: Code=20844 RO-data=1560 RW-data=920 ZI-data=5248  
After Build - User command #1: fromelf --bin --output=.\bin\rdts.bin .\Objects\rdts.axf
".\Objects\rdts.axf" - 0 Error(s), 0 Warning(s).

<h2>Software Packages used:</h2>

Package Vendor: Nationstech
                http://www.keil.com/pack/Nationstech.N32WB03X_DFP.1.1.0.pack
                Nationstech.N32WB03X_DFP.1.1.0
                Nationstech N32WB03x Series Device Support, Drivers and Examples

<h2>Collection of Component include folders:</h2>
  C:/Users/ran.liu.2020/AppData/Local/Arm/Packs/Nationstech/N32WB03X_DFP/1.1.0/firmware/CMSIS/device

<h2>Collection of Component Files used:</h2>
Build Time Elapsed:  00:00:24
</pre>
</body>
</html>
