<html>
<body>
<pre>
<h1>µVision Build Log</h1>
<h2>Tool Versions:</h2>
IDE-Version: µVision V5.43.1.0
Copyright (C) 2025 ARM Ltd and ARM Germany GmbH. All rights reserved.
License Information: s s, s, LIC=----
 
Tool Versions:
Toolchain:       MDK-Lite  Version: 5.43.0.0
Toolchain Path:  C:\Users\DELL\AppData\Local\Keil_v5\ARM\ARMCLANG\Bin
C Compiler:      ArmClang.exe V6.24
Assembler:       Armasm.exe V6.24
Linker/Locator:  ArmLink.exe V6.24
Library Manager: ArmAr.exe V6.24
Hex Converter:   FromElf.exe V6.24
CPU DLL:         SARMCM3.DLL V5.43.0.0
Dialog DLL:      DARMCM1.DLL V1.19.6.0
Target DLL:      CMSIS_AGDI.dll V1.33.24.0
Dialog DLL:      TARMCM1.DLL V1.14.6.0
 
<h2>Project:</h2>
C:\Users\DELL\Downloads\N32WB03x_SDK\N32WB03x_SDK\N32WB03x_SDK_V1.3\projects\n32wb03x_EVAL\ble\blood_pressure\MDK-ARM\blood_pressure.uvprojx
Project File Date:  01/13/2026

<h2>Output:</h2>
*** Using Compiler 'V6.24', folder: 'C:\Users\DELL\AppData\Local\Keil_v5\ARM\ARMCLANG\Bin'
Rebuild target 'N32WB03x'
assembling startup_n32wb03x.s...
compiling misc.c...
compiling system_n32wb03x.c...
compiling n32wb03x_adc.c...
compiling n32wb03x_crc.c...
compiling n32wb03x_dma.c...
compiling n32wb03x_exti.c...
compiling n32wb03x_gpio.c...
compiling n32wb03x_rcc.c...
compiling n32wb03x_usart.c...
compiling n32wb03x_spi.c...
compiling n32wb03x_tim.c...
compiling n32wb03x_qflash.c...
compiling n32wb03x_lpuart.c...
compiling lib_att.c...
compiling prf.c...
compiling rwip.c...
compiling rwip_driver.c...
compiling prf_utils.c...
compiling diss.c...
compiling diss_task.c...
compiling bass.c...
compiling blps.c...
compiling blps_task.c...
compiling ns_log_lpuart.c...
compiling bass_task.c...
compiling ns_log_usart.c...
compiling ns_error.c...
compiling ns_sleep.c...
compiling ns_timer.c...
compiling ns_sec.c...
compiling ns_ble_task.c...
compiling ns_ble.c...
compiling app_dis.c...
compiling app_batt.c...
compiling app_blps.c...
compiling app_ble.c...
compiling main.c...
compiling app_gpio.c...
linking...
Program Size: Code=20368 RO-data=1680 RW-data=864 ZI-data=3888  
After Build - User command #1: fromelf --bin --output=.\bin\blood_pressure.bin .\Objects\blood_pressure.axf
".\Objects\blood_pressure.axf" - 0 Error(s), 0 Warning(s).

<h2>Software Packages used:</h2>

Package Vendor: Nationstech
                http://www.keil.com/pack/Nationstech.N32WB03x_DFP.1.1.0.pack
                Nationstech::N32WB03x_DFP@1.1.0
                Nationstech N32WB03x Series Device Support, Drivers and Examples

<h2>Collection of Component include folders:</h2>
  C:/Users/DELL/AppData/Local/Arm/Packs/Nationstech/N32WB03x_DFP/1.1.0/firmware/CMSIS/device

<h2>Collection of Component Files used:</h2>
Build Time Elapsed:  00:00:07
</pre>
</body>
</html>
